Archive member included because of file (symbol)

C:\Users\Richie\Home\LPCXpresso\digital_compass\lpc_board_nxp_lpcxpresso_1769\Debug\liblpc_board_nxp_lpcxpresso_1769.a(board.o)
                              ./ecompass/src/main.o (Board_Init)
C:\Users\Richie\Home\LPCXpresso\digital_compass\lpc_board_nxp_lpcxpresso_1769\Debug\liblpc_board_nxp_lpcxpresso_1769.a(board_sysinit.o)
                              ./ecompass/src/sysinit.o (Board_SystemInit)
C:\Users\Richie\Home\LPCXpresso\digital_compass\lpc_chip_175x_6x\Debug\liblpc_chip_175x_6x.a(chip_17xx_40xx.o)
                              ./ecompass/src/main.o (SystemCoreClockUpdate)
C:\Users\Richie\Home\LPCXpresso\digital_compass\lpc_chip_175x_6x\Debug\liblpc_chip_175x_6x.a(clock_17xx_40xx.o)
                              C:\Users\Richie\Home\LPCXpresso\digital_compass\lpc_chip_175x_6x\Debug\liblpc_chip_175x_6x.a(chip_17xx_40xx.o) (Chip_Clock_EnablePLL)
C:\Users\Richie\Home\LPCXpresso\digital_compass\lpc_chip_175x_6x\Debug\liblpc_chip_175x_6x.a(i2c_17xx_40xx.o)
                              ./ecompass/src/ecompass.o (Chip_I2C_EventHandler)
C:\Users\Richie\Home\LPCXpresso\digital_compass\lpc_chip_175x_6x\Debug\liblpc_chip_175x_6x.a(i2s_17xx_40xx.o)
                              C:\Users\Richie\Home\LPCXpresso\digital_compass\lpc_board_nxp_lpcxpresso_1769\Debug\liblpc_board_nxp_lpcxpresso_1769.a(board.o) (Chip_I2S_Init)
C:\Users\Richie\Home\LPCXpresso\digital_compass\lpc_chip_175x_6x\Debug\liblpc_chip_175x_6x.a(iocon_17xx_40xx.o)
                              C:\Users\Richie\Home\LPCXpresso\digital_compass\lpc_board_nxp_lpcxpresso_1769\Debug\liblpc_board_nxp_lpcxpresso_1769.a(board.o) (Chip_IOCON_PinMux)
C:\Users\Richie\Home\LPCXpresso\digital_compass\lpc_chip_175x_6x\Debug\liblpc_chip_175x_6x.a(sysinit_17xx_40xx.o)
                              C:\Users\Richie\Home\LPCXpresso\digital_compass\lpc_board_nxp_lpcxpresso_1769\Debug\liblpc_board_nxp_lpcxpresso_1769.a(board_sysinit.o) (Chip_SetupXtalClocking)
C:\Users\Richie\Home\LPCXpresso\digital_compass\lpc_chip_175x_6x\Debug\liblpc_chip_175x_6x.a(uart_17xx_40xx.o)
                              C:\Users\Richie\Home\LPCXpresso\digital_compass\lpc_board_nxp_lpcxpresso_1769\Debug\liblpc_board_nxp_lpcxpresso_1769.a(board.o) (Chip_UART_Init)
C:\Users\Richie\Home\LPCXpresso\digital_compass\lpc_chip_175x_6x\Debug\liblpc_chip_175x_6x.a(ring_buffer.o)
                              C:\Users\Richie\Home\LPCXpresso\digital_compass\lpc_chip_175x_6x\Debug\liblpc_chip_175x_6x.a(uart_17xx_40xx.o) (RingBuffer_Insert)
c:/nxp/lpcxpresso_8.0.0_526/lpcxpresso/tools/bin/../lib/gcc/arm-none-eabi/4.9.3/armv7-m\libgcc.a(_arm_addsubdf3.o)
                              ./ecompass/src/ecompass.o (__aeabi_i2d)
c:/nxp/lpcxpresso_8.0.0_526/lpcxpresso/tools/bin/../lib/gcc/arm-none-eabi/4.9.3/armv7-m\libgcc.a(_arm_muldivdf3.o)
                              ./ecompass/src/ecompass.o (__aeabi_dmul)
c:/nxp/lpcxpresso_8.0.0_526/lpcxpresso/tools/bin/../lib/gcc/arm-none-eabi/4.9.3/armv7-m\libgcc.a(_arm_fixdfsi.o)
                              ./ecompass/src/ecompass.o (__aeabi_d2iz)
c:/nxp/lpcxpresso_8.0.0_526/lpcxpresso/tools/bin/../lib/gcc/arm-none-eabi/4.9.3/armv7-m\libgcc.a(_arm_truncdfsf2.o)
                              ./ecompass/src/ecompass.o (__aeabi_d2f)
c:/nxp/lpcxpresso_8.0.0_526/lpcxpresso/tools/bin/../lib/gcc/arm-none-eabi/4.9.3/armv7-m\libgcc.a(_arm_addsubsf3.o)
                              ./ecompass/src/ecompass.o (__aeabi_fsub)
c:/nxp/lpcxpresso_8.0.0_526/lpcxpresso/tools/bin/../lib/gcc/arm-none-eabi/4.9.3/armv7-m\libgcc.a(_arm_muldivsf3.o)
                              ./ecompass/src/ecompass.o (__aeabi_fmul)
c:/nxp/lpcxpresso_8.0.0_526/lpcxpresso/tools/bin/../lib/gcc/arm-none-eabi/4.9.3/armv7-m\libgcc.a(_arm_cmpsf2.o)
                              ./ecompass/src/ecompass.o (__aeabi_fcmplt)
c:/nxp/lpcxpresso_8.0.0_526/lpcxpresso/tools/bin/../lib/gcc/arm-none-eabi/4.9.3/armv7-m\libgcc.a(_arm_fixsfsi.o)
                              ./ecompass/src/ecompass.o (__aeabi_f2iz)
c:/nxp/lpcxpresso_8.0.0_526/lpcxpresso/tools/bin/../lib/gcc/arm-none-eabi/4.9.3/armv7-m\libgcc.a(_aeabi_uldivmod.o)
                              C:\Users\Richie\Home\LPCXpresso\digital_compass\lpc_chip_175x_6x\Debug\liblpc_chip_175x_6x.a(i2s_17xx_40xx.o) (__aeabi_uldivmod)
c:/nxp/lpcxpresso_8.0.0_526/lpcxpresso/tools/bin/../lib/gcc/arm-none-eabi/4.9.3/armv7-m\libgcc.a(bpabi.o)
                              c:/nxp/lpcxpresso_8.0.0_526/lpcxpresso/tools/bin/../lib/gcc/arm-none-eabi/4.9.3/armv7-m\libgcc.a(_aeabi_uldivmod.o) (__gnu_uldivmod_helper)
c:/nxp/lpcxpresso_8.0.0_526/lpcxpresso/tools/bin/../lib/gcc/arm-none-eabi/4.9.3/armv7-m\libgcc.a(_dvmd_tls.o)
                              c:/nxp/lpcxpresso_8.0.0_526/lpcxpresso/tools/bin/../lib/gcc/arm-none-eabi/4.9.3/armv7-m\libgcc.a(_aeabi_uldivmod.o) (__aeabi_ldiv0)
c:/nxp/lpcxpresso_8.0.0_526/lpcxpresso/tools/bin/../lib/gcc/arm-none-eabi/4.9.3/armv7-m\libgcc.a(_divdi3.o)
[...]
Memory Configuration

Name             Origin             Length             Attributes
MFlash512        0x00000000         0x00080000         xr
RamLoc32         0x10000000         0x00008000         xrw
RamAHB32         0x2007c000         0x00008000         xrw
*default*        0x00000000         0xffffffff

Linker script and memory map

LOAD ./ecompass/src/cr_startup_lpc175x_6x.o
LOAD ./ecompass/src/ecompass.o
LOAD ./ecompass/src/main.o
LOAD ./ecompass/src/sysinit.o
LOAD C:\Users\Richie\Home\LPCXpresso\digital_compass\lpc_board_nxp_lpcxpresso_1769\Debug\liblpc_board_nxp_lpcxpresso_1769.a
LOAD C:\Users\Richie\Home\LPCXpresso\digital_compass\lpc_chip_175x_6x\Debug\liblpc_chip_175x_6x.a
START GROUP
LOAD c:/nxp/lpcxpresso_8.0.0_526/lpcxpresso/tools/bin/../lib/gcc/arm-none-eabi/4.9.3/armv7-m\libgcc.a
LOAD c:/nxp/lpcxpresso_8.0.0_526/lpcxpresso/tools/bin/../lib/gcc/arm-none-eabi/4.9.3/../../../../arm-none-eabi/lib/armv7-m\libc_nano.a
LOAD c:/nxp/lpcxpresso_8.0.0_526/lpcxpresso/tools/bin/../lib/gcc/arm-none-eabi/4.9.3/../../../../arm-none-eabi/lib/armv7-m\libm.a
LOAD c:/nxp/lpcxpresso_8.0.0_526/lpcxpresso/tools/bin/../lib/gcc/arm-none-eabi/4.9.3/../../../../arm-none-eabi/lib/armv7-m\libcr_newlib_semihost.a
END GROUP
                0x00000000                __base_MFlash512 = 0x0
                0x00000000                __base_Flash = 0x0
                0x00080000                __top_MFlash512 = 0x80000
                0x00080000                __top_Flash = 0x80000
                0x10000000                __base_RamLoc32 = 0x10000000
                0x10000000                __base_RAM = 0x10000000
                0x10008000                __top_RamLoc32 = 0x10008000
                0x10008000                __top_RAM = 0x10008000
                0x2007c000                __base_RamAHB32 = 0x2007c000
                0x2007c000                __base_RAM2 = 0x2007c000
                0x20084000                __top_RamAHB32 = 0x20084000
                0x20084000                __top_RAM2 = 0x20084000

.text           0x00000000     0x4f24
 FILL mask 0xff
                0x00000000                __vectors_start__ = ABSOLUTE (.)
 *(.isr_vector)
 .isr_vector    0x00000000       0xcc ./ecompass/src/cr_startup_lpc175x_6x.o
                0x00000000                g_pfnVectors
                0x000000cc                . = ALIGN (0x4)
                0x000000cc                __section_table_start = .
                0x000000cc                __data_section_table = .
                0x000000cc        0x4 LONG 0x4f24 LOADADDR (.data)
                0x000000d0        0x4 LONG 0x10000000 ADDR (.data)
                0x000000d4        0x4 LONG 0xc0 SIZEOF (.data)
                0x000000d8        0x4 LONG 0x4f24 LOADADDR (.data_RAM2)
                0x000000dc        0x4 LONG 0x2007c000 ADDR (.data_RAM2)
                0x000000e0        0x4 LONG 0x0 SIZEOF (.data_RAM2)
                0x000000e4                __data_section_table_end = .
                0x000000e4                __bss_section_table = .
                0x000000e4        0x4 LONG 0x100000c0 ADDR (.bss)
                0x000000e8        0x4 LONG 0xf8 SIZEOF (.bss)
                0x000000ec        0x4 LONG 0x2007c000 ADDR (.bss_RAM2)
                0x000000f0        0x4 LONG 0x0 SIZEOF (.bss_RAM2)
                0x000000f4                __bss_section_table_end = .
                0x000000f4                __section_table_end = .
 *(.after_vectors*)
 .after_vectors
                0x000000f4      0x144 ./ecompass/src/cr_startup_lpc175x_6x.o
                0x000000f4                data_init
                0x00000138                bss_init
                0x00000170                ResetISR
                0x000001e8                NMI_Handler
                0x000001f0                HardFault_Handler
                0x000001f8                MemManage_Handler
                0x00000200                BusFault_Handler
                0x00000208                UsageFault_Handler
                0x00000210                SVC_Handler
                0x00000218                DebugMon_Handler
                0x00000220                PendSV_Handler
                0x00000230                EINT3_IRQHandler
                0x00000230                CANActivity_IRQHandler
                0x00000230                TIMER3_IRQHandler
                0x00000230                UART0_IRQHandler
                0x00000230                USBActivity_IRQHandler
                0x00000230                UART1_IRQHandler
                0x00000230                IntDefaultHandler
                0x00000230                PLL0_IRQHandler
                0x00000230                CAN_IRQHandler
                0x00000230                PLL1_IRQHandler
                0x00000230                I2C0_IRQHandler
                0x00000230                EINT2_IRQHandler
                0x00000230                I2C2_IRQHandler
                0x00000230                RTC_IRQHandler
                0x00000230                TIMER0_IRQHandler
                0x00000230                SPI_IRQHandler
                0x00000230                RIT_IRQHandler
                0x00000230                EINT1_IRQHandler
                0x00000230                TIMER1_IRQHandler
                0x00000230                UART2_IRQHandler
                0x00000230                ADC_IRQHandler
                0x00000230                SSP1_IRQHandler
                0x00000230                USB_IRQHandler
                0x00000230                BOD_IRQHandler
                0x00000230                PWM1_IRQHandler
                0x00000230                WDT_IRQHandler
                0x00000230                I2S_IRQHandler
                0x00000230                QEI_IRQHandler
                0x00000230                EINT0_IRQHandler
                0x00000230                ETH_IRQHandler
                0x00000230                SSP0_IRQHandler
                0x00000230                DMA_IRQHandler
                0x00000230                TIMER2_IRQHandler
                0x00000230                UART3_IRQHandler
                0x00000230                MCPWM_IRQHandler
 *(.text*)
 .text.NVIC_EnableIRQ
                0x00000238       0x30 ./ecompass/src/ecompass.o
 .text.NVIC_DisableIRQ
                0x00000268       0x34 ./ecompass/src/ecompass.o
 .text.I2C_Init
                0x0000029c       0x38 ./ecompass/src/ecompass.o
                0x0000029c                I2C_Init
 .text.I2C_Set_Mode
                0x000002d4       0x88 ./ecompass/src/ecompass.o
                0x000002d4                I2C_Set_Mode
 .text.i2c_state_handling
                0x0000035c       0x30 ./ecompass/src/ecompass.o
 .text.I2C1_IRQHandler
                0x0000038c        0xc ./ecompass/src/ecompass.o
                0x0000038c                I2C1_IRQHandler
 .text.SysTick_Handler
                0x00000398        0xc ./ecompass/src/ecompass.o
                0x00000398                SysTick_Handler
 .text.Compass_Init
                0x000003a4       0x58 ./ecompass/src/ecompass.o
                0x000003a4                Compass_Init
 .text.writeReg
                0x000003fc       0x38 ./ecompass/src/ecompass.o
                0x000003fc                writeReg
 .text.readReg  0x00000434       0x44 ./ecompass/src/ecompass.o
                0x00000434                readReg
 .text.isClosed
                0x00000478      0x16c ./ecompass/src/ecompass.o
                0x00000478                isClosed
 .text.readCompass
                0x000005e4       0x1c ./ecompass/src/ecompass.o
                0x000005e4                readCompass
 .text.accRead  0x00000600       0xf8 ./ecompass/src/ecompass.o
                0x00000600                accRead
 .text.magRead  0x000006f8       0xf8 ./ecompass/src/ecompass.o
                0x000006f8                magRead
 .text.getHead  0x000007f0       0x30 ./ecompass/src/ecompass.o
                0x000007f0                getHead
 .text.calcHeading
                0x00000820      0x208 ./ecompass/src/ecompass.o
                0x00000820                calcHeading
 .text.getPosition
                0x00000a28       0x1c ./ecompass/src/ecompass.o
                0x00000a28                getPosition
 .text.vector_dot
                0x00000a44       0x68 ./ecompass/src/ecompass.o
                0x00000a44                vector_dot
 .text.vector_cross
                0x00000aac       0xc8 ./ecompass/src/ecompass.o
                0x00000aac                vector_cross
 .text.vector_normalize
                0x00000b74       0x6c ./ecompass/src/ecompass.o
                0x00000b74                vector_normalize
 .text.main     0x00000be0       0x44 ./ecompass/src/main.o
                0x00000be0                main
 .text.SystemInit
                0x00000c24       0x24 ./ecompass/src/sysinit.o
                0x00000c24                SystemInit
 .text.Chip_IOCON_Init
                0x00000c48       0x14 C:\Users\Richie\Home\LPCXpresso\digital_compass\lpc_board_nxp_lpcxpresso_1769\Debug\liblpc_board_nxp_lpcxpresso_1769.a(board.o)
 .text.Chip_IOCON_EnableOD
                0x00000c5c       0x38 C:\Users\Richie\Home\LPCXpresso\digital_compass\lpc_board_nxp_lpcxpresso_1769\Debug\liblpc_board_nxp_lpcxpresso_1769.a(board.o)
 .text.Chip_IOCON_SetI2CPad
                0x00000c94       0x1c C:\Users\Richie\Home\LPCXpresso\digital_compass\lpc_board_nxp_lpcxpresso_1769\Debug\liblpc_board_nxp_lpcxpresso_1769.a(board.o)
 .text.Chip_GPIO_Init
                0x00000cb0       0x14 C:\Users\Richie\Home\LPCXpresso\digital_compass\lpc_board_nxp_lpcxpresso_1769\Debug\liblpc_board_nxp_lpcxpresso_1769.a(board.o)
 .text.Chip_GPIO_SetPinDIROutput
                0x00000cc4       0x38 C:\Users\Richie\Home\LPCXpresso\digital_compass\lpc_board_nxp_lpcxpresso_1769\Debug\liblpc_board_nxp_lpcxpresso_1769.a(board.o)
 .text.Chip_GPIO_SetPinDIRInput
                0x00000cfc       0x3c C:\Users\Richie\Home\LPCXpresso\digital_compass\lpc_board_nxp_lpcxpresso_1769\Debug\liblpc_board_nxp_lpcxpresso_1769.a(board.o)
 .text.Chip_GPIO_SetPinDIR
                0x00000d38       0x44 C:\Users\Richie\Home\LPCXpresso\digital_compass\lpc_board_nxp_lpcxpresso_1769\Debug\liblpc_board_nxp_lpcxpresso_1769.a(board.o)
 .text.Chip_GPIO_WriteDirBit
                0x00000d7c       0x2c C:\Users\Richie\Home\LPCXpresso\digital_compass\lpc_board_nxp_lpcxpresso_1769\Debug\liblpc_board_nxp_lpcxpresso_1769.a(board.o)
 .text.Chip_UART_ConfigData
                0x00000da8       0x1c C:\Users\Richie\Home\LPCXpresso\digital_compass\lpc_board_nxp_lpcxpresso_1769\Debug\liblpc_board_nxp_lpcxpresso_1769.a(board.o)
 .text.Board_LED_Init
                0x00000dc4       0x18 C:\Users\Richie\Home\LPCXpresso\digital_compass\lpc_board_nxp_lpcxpresso_1769\Debug\liblpc_board_nxp_lpcxpresso_1769.a(board.o)
 .text.Board_UART_Init
                0x00000ddc       0x14 C:\Users\Richie\Home\LPCXpresso\digital_compass\lpc_board_nxp_lpcxpresso_1769\Debug\liblpc_board_nxp_lpcxpresso_1769.a(board.o)
                0x00000ddc                Board_UART_Init
 .text.Board_Debug_Init
                0x00000df0       0x30 C:\Users\Richie\Home\LPCXpresso\digital_compass\lpc_board_nxp_lpcxpresso_1769\Debug\liblpc_board_nxp_lpcxpresso_1769.a(board.o)
                0x00000df0                Board_Debug_Init
 .text.Board_Init
                0x00000e20       0x24 C:\Users\Richie\Home\LPCXpresso\digital_compass\lpc_board_nxp_lpcxpresso_1769\Debug\liblpc_board_nxp_lpcxpresso_1769.a(board.o)
                0x00000e20                Board_Init
 .text.Board_I2C_Init
                0x00000e44       0xb8 C:\Users\Richie\Home\LPCXpresso\digital_compass\lpc_board_nxp_lpcxpresso_1769\Debug\liblpc_board_nxp_lpcxpresso_1769.a(board.o)
                0x00000e44                Board_I2C_Init
 .text.Chip_SYSCTL_SetFLASHAccess
                0x00000efc       0x30 C:\Users\Richie\Home\LPCXpresso\digital_compass\lpc_board_nxp_lpcxpresso_1769\Debug\liblpc_board_nxp_lpcxpresso_1769.a(board_sysinit.o)
 .text.Board_SetupMuxing
                0x00000f2c       0x18 C:\Users\Richie\Home\LPCXpresso\digital_compass\lpc_board_nxp_lpcxpresso_1769\Debug\liblpc_board_nxp_lpcxpresso_1769.a(board_sysinit.o)
                0x00000f2c                Board_SetupMuxing
 .text.Board_SetupClocking
                0x00000f44       0x10 C:\Users\Richie\Home\LPCXpresso\digital_compass\lpc_board_nxp_lpcxpresso_1769\Debug\liblpc_board_nxp_lpcxpresso_1769.a(board_sysinit.o)
                0x00000f44                Board_SetupClocking
 .text.Board_SystemInit
                0x00000f54       0x10 C:\Users\Richie\Home\LPCXpresso\digital_compass\lpc_board_nxp_lpcxpresso_1769\Debug\liblpc_board_nxp_lpcxpresso_1769.a(board_sysinit.o)
                0x00000f54                Board_SystemInit
 .text.SystemCoreClockUpdate
                0x00000f64       0x14 C:\Users\Richie\Home\LPCXpresso\digital_compass\lpc_chip_175x_6x\Debug\liblpc_chip_175x_6x.a(chip_17xx_40xx.o)
                0x00000f64                SystemCoreClockUpdate
 .text.Chip_Clock_IsMainPLLEnabled
                0x00000f78       0x28 C:\Users\Richie\Home\LPCXpresso\digital_compass\lpc_chip_175x_6x\Debug\liblpc_chip_175x_6x.a(clock_17xx_40xx.o)
 .text.Chip_Clock_IsMainPLLConnected
                0x00000fa0       0x28 C:\Users\Richie\Home\LPCXpresso\digital_compass\lpc_chip_175x_6x\Debug\liblpc_chip_175x_6x.a(clock_17xx_40xx.o)
 .text.Chip_Clock_FeedPLL
                0x00000fc8       0x34 C:\Users\Richie\Home\LPCXpresso\digital_compass\lpc_chip_175x_6x\Debug\liblpc_chip_175x_6x.a(clock_17xx_40xx.o)
 .text.Chip_Clock_GetMainPLLSource
                0x00000ffc       0x20 C:\Users\Richie\Home\LPCXpresso\digital_compass\lpc_chip_175x_6x\Debug\liblpc_chip_175x_6x.a(clock_17xx_40xx.o)
 .text.Chip_Clock_GetMainOscRate
                0x0000101c       0x18 C:\Users\Richie\Home\LPCXpresso\digital_compass\lpc_chip_175x_6x\Debug\liblpc_chip_175x_6x.a(clock_17xx_40xx.o)
 .text.Chip_Clock_GetIntOscRate
                0x00001034       0x14 C:\Users\Richie\Home\LPCXpresso\digital_compass\lpc_chip_175x_6x\Debug\liblpc_chip_175x_6x.a(clock_17xx_40xx.o)
 .text.Chip_Clock_GetRTCOscRate
                0x00001048       0x18 C:\Users\Richie\Home\LPCXpresso\digital_compass\lpc_chip_175x_6x\Debug\liblpc_chip_175x_6x.a(clock_17xx_40xx.o)
 .text.Chip_Clock_GetMainPLLInClockRate
                0x00001060       0x10 C:\Users\Richie\Home\LPCXpresso\digital_compass\lpc_chip_175x_6x\Debug\liblpc_chip_175x_6x.a(clock_17xx_40xx.o)
 .text.Chip_Clock_EnablePLL
                0x00001070       0x44 C:\Users\Richie\Home\LPCXpresso\digital_compass\lpc_chip_175x_6x\Debug\liblpc_chip_175x_6x.a(clock_17xx_40xx.o)
                0x00001070                Chip_Clock_EnablePLL
 .text.Chip_Clock_DisablePLL
                0x000010b4       0x44 C:\Users\Richie\Home\LPCXpresso\digital_compass\lpc_chip_175x_6x\Debug\liblpc_chip_175x_6x.a(clock_17xx_40xx.o)
                0x000010b4                Chip_Clock_DisablePLL
 .text.Chip_Clock_SetupPLL
                0x000010f8       0x58 C:\Users\Richie\Home\LPCXpresso\digital_compass\lpc_chip_175x_6x\Debug\liblpc_chip_175x_6x.a(clock_17xx_40xx.o)
                0x000010f8                Chip_Clock_SetupPLL
 .text.Chip_Clock_EnablePeriphClock
                0x00001150       0x34 C:\Users\Richie\Home\LPCXpresso\digital_compass\lpc_chip_175x_6x\Debug\liblpc_chip_175x_6x.a(clock_17xx_40xx.o)
                0x00001150                Chip_Clock_EnablePeriphClock
 .text.Chip_Clock_GetCPUClockSource
                0x00001184       0x24 C:\Users\Richie\Home\LPCXpresso\digital_compass\lpc_chip_175x_6x\Debug\liblpc_chip_175x_6x.a(clock_17xx_40xx.o)
                0x00001184                Chip_Clock_GetCPUClockSource
 .text.Chip_Clock_SetCPUClockDiv
                0x000011a8       0x20 C:\Users\Richie\Home\LPCXpresso\digital_compass\lpc_chip_175x_6x\Debug\liblpc_chip_175x_6x.a(clock_17xx_40xx.o)
                0x000011a8                Chip_Clock_SetCPUClockDiv
 .text.Chip_Clock_GetCPUClockDiv
                0x000011c8       0x1c C:\Users\Richie\Home\LPCXpresso\digital_compass\lpc_chip_175x_6x\Debug\liblpc_chip_175x_6x.a(clock_17xx_40xx.o)
                0x000011c8                Chip_Clock_GetCPUClockDiv
 .text.Chip_Clock_GetPCLKDiv
                0x000011e4       0x90 C:\Users\Richie\Home\LPCXpresso\digital_compass\lpc_chip_175x_6x\Debug\liblpc_chip_175x_6x.a(clock_17xx_40xx.o)
                0x000011e4                Chip_Clock_GetPCLKDiv
 .text.Chip_Clock_GetSYSCLKRate
                0x00001274       0x34 C:\Users\Richie\Home\LPCXpresso\digital_compass\lpc_chip_175x_6x\Debug\liblpc_chip_175x_6x.a(clock_17xx_40xx.o)
                0x00001274                Chip_Clock_GetSYSCLKRate
 .text.Chip_Clock_GetMainPLLOutClockRate
                0x000012a8       0x54 C:\Users\Richie\Home\LPCXpresso\digital_compass\lpc_chip_175x_6x\Debug\liblpc_chip_175x_6x.a(clock_17xx_40xx.o)
                0x000012a8                Chip_Clock_GetMainPLLOutClockRate
 .text.Chip_Clock_GetMainClockRate
                0x000012fc       0x28 C:\Users\Richie\Home\LPCXpresso\digital_compass\lpc_chip_175x_6x\Debug\liblpc_chip_175x_6x.a(clock_17xx_40xx.o)
                0x000012fc                Chip_Clock_GetMainClockRate
 .text.Chip_Clock_GetSystemClockRate
                0x00001324       0x18 C:\Users\Richie\Home\LPCXpresso\digital_compass\lpc_chip_175x_6x\Debug\liblpc_chip_175x_6x.a(clock_17xx_40xx.o)
                0x00001324                Chip_Clock_GetSystemClockRate
 .text.Chip_Clock_GetPeripheralClockRate
                0x0000133c       0x28 C:\Users\Richie\Home\LPCXpresso\digital_compass\lpc_chip_175x_6x\Debug\liblpc_chip_175x_6x.a(clock_17xx_40xx.o)
                0x0000133c                Chip_Clock_GetPeripheralClockRate
 .text.enableClk
                0x00001364       0x2c C:\Users\Richie\Home\LPCXpresso\digital_compass\lpc_chip_175x_6x\Debug\liblpc_chip_175x_6x.a(i2c_17xx_40xx.o)
 .text.getClkRate
                0x00001390       0x24 C:\Users\Richie\Home\LPCXpresso\digital_compass\lpc_chip_175x_6x\Debug\liblpc_chip_175x_6x.a(i2c_17xx_40xx.o)
 .text.startMasterXfer
                0x000013b4       0x20 C:\Users\Richie\Home\LPCXpresso\digital_compass\lpc_chip_175x_6x\Debug\liblpc_chip_175x_6x.a(i2c_17xx_40xx.o)
 .text.startSlaverXfer
                0x000013d4       0x20 C:\Users\Richie\Home\LPCXpresso\digital_compass\lpc_chip_175x_6x\Debug\liblpc_chip_175x_6x.a(i2c_17xx_40xx.o)
 .text.isI2CBusFree
                0x000013f4       0x28 C:\Users\Richie\Home\LPCXpresso\digital_compass\lpc_chip_175x_6x\Debug\liblpc_chip_175x_6x.a(i2c_17xx_40xx.o)
 .text.getCurState
                0x0000141c       0x1c C:\Users\Richie\Home\LPCXpresso\digital_compass\lpc_chip_175x_6x\Debug\liblpc_chip_175x_6x.a(i2c_17xx_40xx.o)
 .text.isMasterState
                0x00001438       0x24 C:\Users\Richie\Home\LPCXpresso\digital_compass\lpc_chip_175x_6x\Debug\liblpc_chip_175x_6x.a(i2c_17xx_40xx.o)
 .text.setSlaveAddr
                0x0000145c       0x5c C:\Users\Richie\Home\LPCXpresso\digital_compass\lpc_chip_175x_6x\Debug\liblpc_chip_175x_6x.a(i2c_17xx_40xx.o)
 .text.isSlaveAddrMatching
                0x000014b8       0x3c C:\Users\Richie\Home\LPCXpresso\digital_compass\lpc_chip_175x_6x\Debug\liblpc_chip_175x_6x.a(i2c_17xx_40xx.o)
 .text.lookupSlaveIndex
                0x000014f4       0xac C:\Users\Richie\Home\LPCXpresso\digital_compass\lpc_chip_175x_6x\Debug\liblpc_chip_175x_6x.a(i2c_17xx_40xx.o)
 .text.handleMasterXferState
                0x000015a0      0x284 C:\Users\Richie\Home\LPCXpresso\digital_compass\lpc_chip_175x_6x\Debug\liblpc_chip_175x_6x.a(i2c_17xx_40xx.o)
                0x000015a0                handleMasterXferState
 .text.getSlaveIndex
                0x00001824       0x4c C:\Users\Richie\Home\LPCXpresso\digital_compass\lpc_chip_175x_6x\Debug\liblpc_chip_175x_6x.a(i2c_17xx_40xx.o)
                0x00001824                getSlaveIndex
 .text.handleSlaveXferState
                0x00001870      0x2b4 C:\Users\Richie\Home\LPCXpresso\digital_compass\lpc_chip_175x_6x\Debug\liblpc_chip_175x_6x.a(i2c_17xx_40xx.o)
                0x00001870                handleSlaveXferState
 .text.Chip_I2C_EventHandler
                0x00001b24       0x4c C:\Users\Richie\Home\LPCXpresso\digital_compass\lpc_chip_175x_6x\Debug\liblpc_chip_175x_6x.a(i2c_17xx_40xx.o)
                0x00001b24                Chip_I2C_EventHandler
 .text.Chip_I2C_EventHandlerPolling
                0x00001b70       0x5c C:\Users\Richie\Home\LPCXpresso\digital_compass\lpc_chip_175x_6x\Debug\liblpc_chip_175x_6x.a(i2c_17xx_40xx.o)
                0x00001b70                Chip_I2C_EventHandlerPolling
 .text.Chip_I2C_Init
                0x00001bcc       0x30 C:\Users\Richie\Home\LPCXpresso\digital_compass\lpc_chip_175x_6x\Debug\liblpc_chip_175x_6x.a(i2c_17xx_40xx.o)
                0x00001bcc                Chip_I2C_Init
 .text.Chip_I2C_SetClockRate
                0x00001bfc       0x68 C:\Users\Richie\Home\LPCXpresso\digital_compass\lpc_chip_175x_6x\Debug\liblpc_chip_175x_6x.a(i2c_17xx_40xx.o)
                0x00001bfc                Chip_I2C_SetClockRate
 .text.Chip_I2C_SetMasterEventHandler
                0x00001c64       0x4c C:\Users\Richie\Home\LPCXpresso\digital_compass\lpc_chip_175x_6x\Debug\liblpc_chip_175x_6x.a(i2c_17xx_40xx.o)
                0x00001c64                Chip_I2C_SetMasterEventHandler
 .text.Chip_I2C_MasterTransfer
                0x00001cb0       0x9c C:\Users\Richie\Home\LPCXpresso\digital_compass\lpc_chip_175x_6x\Debug\liblpc_chip_175x_6x.a(i2c_17xx_40xx.o)
                0x00001cb0                Chip_I2C_MasterTransfer
 .text.Chip_I2C_MasterSend
                0x00001d4c       0x70 C:\Users\Richie\Home\LPCXpresso\digital_compass\lpc_chip_175x_6x\Debug\liblpc_chip_175x_6x.a(i2c_17xx_40xx.o)
                0x00001d4c                Chip_I2C_MasterSend
 .text.Chip_I2C_MasterRead
                0x00001dbc       0x6c C:\Users\Richie\Home\LPCXpresso\digital_compass\lpc_chip_175x_6x\Debug\liblpc_chip_175x_6x.a(i2c_17xx_40xx.o)
                0x00001dbc                Chip_I2C_MasterRead
 .text.Chip_I2C_IsMasterActive
                0x00001e28       0x30 C:\Users\Richie\Home\LPCXpresso\digital_compass\lpc_chip_175x_6x\Debug\liblpc_chip_175x_6x.a(i2c_17xx_40xx.o)
                0x00001e28                Chip_I2C_IsMasterActive
 .text.Chip_I2C_MasterStateHandler
                0x00001e58       0x5c C:\Users\Richie\Home\LPCXpresso\digital_compass\lpc_chip_175x_6x\Debug\liblpc_chip_175x_6x.a(i2c_17xx_40xx.o)
                0x00001e58                Chip_I2C_MasterStateHandler
 .text.Chip_I2C_SlaveSetup
                0x00001eb4       0x9c C:\Users\Richie\Home\LPCXpresso\digital_compass\lpc_chip_175x_6x\Debug\liblpc_chip_175x_6x.a(i2c_17xx_40xx.o)
                0x00001eb4                Chip_I2C_SlaveSetup
 .text.Chip_I2C_SlaveStateHandler
                0x00001f50       0xc0 C:\Users\Richie\Home\LPCXpresso\digital_compass\lpc_chip_175x_6x\Debug\liblpc_chip_175x_6x.a(i2c_17xx_40xx.o)
                0x00001f50                Chip_I2C_SlaveStateHandler
 .text.Chip_I2C_IsStateChanged
                0x00002010       0x3c C:\Users\Richie\Home\LPCXpresso\digital_compass\lpc_chip_175x_6x\Debug\liblpc_chip_175x_6x.a(i2c_17xx_40xx.o)
                0x00002010                Chip_I2C_IsStateChanged
 .text.Chip_IOCON_PinMuxSet
                0x0000204c       0x34 C:\Users\Richie\Home\LPCXpresso\digital_compass\lpc_chip_175x_6x\Debug\liblpc_chip_175x_6x.a(iocon_17xx_40xx.o)
                0x0000204c                Chip_IOCON_PinMuxSet
 .text.Chip_IOCON_PinMux
                0x00002080       0x94 C:\Users\Richie\Home\LPCXpresso\digital_compass\lpc_chip_175x_6x\Debug\liblpc_chip_175x_6x.a(iocon_17xx_40xx.o)
                0x00002080                Chip_IOCON_PinMux
 .text.Chip_IOCON_SetPinMuxing
                0x00002114       0x60 C:\Users\Richie\Home\LPCXpresso\digital_compass\lpc_chip_175x_6x\Debug\liblpc_chip_175x_6x.a(iocon_17xx_40xx.o)
                0x00002114                Chip_IOCON_SetPinMuxing
 .text.Chip_Clock_IsMainPLLEnabled
                0x00002174       0x28 C:\Users\Richie\Home\LPCXpresso\digital_compass\lpc_chip_175x_6x\Debug\liblpc_chip_175x_6x.a(sysinit_17xx_40xx.o)
 .text.Chip_Clock_IsMainPLLLocked
                0x0000219c       0x28 C:\Users\Richie\Home\LPCXpresso\digital_compass\lpc_chip_175x_6x\Debug\liblpc_chip_175x_6x.a(sysinit_17xx_40xx.o)
 .text.Chip_Clock_IsMainPLLConnected
                0x000021c4       0x28 C:\Users\Richie\Home\LPCXpresso\digital_compass\lpc_chip_175x_6x\Debug\liblpc_chip_175x_6x.a(sysinit_17xx_40xx.o)
 .text.Chip_Clock_EnableCrystal
                0x000021ec       0x20 C:\Users\Richie\Home\LPCXpresso\digital_compass\lpc_chip_175x_6x\Debug\liblpc_chip_175x_6x.a(sysinit_17xx_40xx.o)
 .text.Chip_Clock_IsCrystalEnabled
                0x0000220c       0x28 C:\Users\Richie\Home\LPCXpresso\digital_compass\lpc_chip_175x_6x\Debug\liblpc_chip_175x_6x.a(sysinit_17xx_40xx.o)
 .text.Chip_Clock_SetMainPLLSource
                0x00002234       0x20 C:\Users\Richie\Home\LPCXpresso\digital_compass\lpc_chip_175x_6x\Debug\liblpc_chip_175x_6x.a(sysinit_17xx_40xx.o)
 .text.Chip_SetupXtalClocking
                0x00002254       0x90 C:\Users\Richie\Home\LPCXpresso\digital_compass\lpc_chip_175x_6x\Debug\liblpc_chip_175x_6x.a(sysinit_17xx_40xx.o)
                0x00002254                Chip_SetupXtalClocking
 .text.Chip_UART_SetupFIFOS
                0x000022e4       0x1c C:\Users\Richie\Home\LPCXpresso\digital_compass\lpc_chip_175x_6x\Debug\liblpc_chip_175x_6x.a(uart_17xx_40xx.o)
 .text.Chip_UART_ConfigData
                0x00002300       0x1c C:\Users\Richie\Home\LPCXpresso\digital_compass\lpc_chip_175x_6x\Debug\liblpc_chip_175x_6x.a(uart_17xx_40xx.o)
 .text.Chip_UART_EnableDivisorAccess
                0x0000231c       0x20 C:\Users\Richie\Home\LPCXpresso\digital_compass\lpc_chip_175x_6x\Debug\liblpc_chip_175x_6x.a(uart_17xx_40xx.o)
 .text.Chip_UART_DisableDivisorAccess
                0x0000233c       0x20 C:\Users\Richie\Home\LPCXpresso\digital_compass\lpc_chip_175x_6x\Debug\liblpc_chip_175x_6x.a(uart_17xx_40xx.o)
 .text.Chip_UART_SetDivisorLatches
                0x0000235c       0x28 C:\Users\Richie\Home\LPCXpresso\digital_compass\lpc_chip_175x_6x\Debug\liblpc_chip_175x_6x.a(uart_17xx_40xx.o)
 .text.Chip_UART_GetClockIndex
                0x00002384       0x50 C:\Users\Richie\Home\LPCXpresso\digital_compass\lpc_chip_175x_6x\Debug\liblpc_chip_175x_6x.a(uart_17xx_40xx.o)
 .text.Chip_UART_GetClkIndex
                0x000023d4       0x50 C:\Users\Richie\Home\LPCXpresso\digital_compass\lpc_chip_175x_6x\Debug\liblpc_chip_175x_6x.a(uart_17xx_40xx.o)
 .text.Chip_UART_Init
                0x00002424       0x74 C:\Users\Richie\Home\LPCXpresso\digital_compass\lpc_chip_175x_6x\Debug\liblpc_chip_175x_6x.a(uart_17xx_40xx.o)
                0x00002424                Chip_UART_Init
 .text.Chip_UART_TXEnable
                0x00002498       0x18 C:\Users\Richie\Home\LPCXpresso\digital_compass\lpc_chip_175x_6x\Debug\liblpc_chip_175x_6x.a(uart_17xx_40xx.o)
                0x00002498                Chip_UART_TXEnable
 .text.Chip_UART_TXDisable
                0x000024b0       0x18 C:\Users\Richie\Home\LPCXpresso\digital_compass\lpc_chip_175x_6x\Debug\liblpc_chip_175x_6x.a(uart_17xx_40xx.o)
                0x000024b0                Chip_UART_TXDisable
 .text.Chip_UART_SetBaud
                0x000024c8       0x64 C:\Users\Richie\Home\LPCXpresso\digital_compass\lpc_chip_175x_6x\Debug\liblpc_chip_175x_6x.a(uart_17xx_40xx.o)
                0x000024c8                Chip_UART_SetBaud
 .text          0x0000252c      0x370 c:/nxp/lpcxpresso_8.0.0_526/lpcxpresso/tools/bin/../lib/gcc/arm-none-eabi/4.9.3/armv7-m\libgcc.a(_arm_addsubdf3.o)
                0x0000252c                __aeabi_drsub
                0x00002534                __aeabi_dsub
                0x00002534                __subdf3
                0x00002538                __aeabi_dadd
                0x00002538                __adddf3
                0x000027b0                __floatunsidf
                0x000027b0                __aeabi_ui2d
                0x000027d0                __floatsidf
                0x000027d0                __aeabi_i2d
                0x000027f4                __aeabi_f2d
                0x000027f4                __extendsfdf2
                0x00002830                __floatundidf
                0x00002830                __aeabi_ul2d
                0x00002840                __floatdidf
                0x00002840                __aeabi_l2d
 .text          0x0000289c      0x424 c:/nxp/lpcxpresso_8.0.0_526/lpcxpresso/tools/bin/../lib/gcc/arm-none-eabi/4.9.3/armv7-m\libgcc.a(_arm_muldivdf3.o)
                0x0000289c                __aeabi_dmul
                0x0000289c                __muldf3
                0x00002af0                __divdf3
                0x00002af0                __aeabi_ddiv
 .text          0x00002cc0       0x50 c:/nxp/lpcxpresso_8.0.0_526/lpcxpresso/tools/bin/../lib/gcc/arm-none-eabi/4.9.3/armv7-m\libgcc.a(_arm_fixdfsi.o)
                0x00002cc0                __aeabi_d2iz
                0x00002cc0                __fixdfsi
 .text          0x00002d10       0xa0 c:/nxp/lpcxpresso_8.0.0_526/lpcxpresso/tools/bin/../lib/gcc/arm-none-eabi/4.9.3/armv7-m\libgcc.a(_arm_truncdfsf2.o)
                0x00002d10                __truncdfsf2
                0x00002d10                __aeabi_d2f
 .text          0x00002db0      0x21c c:/nxp/lpcxpresso_8.0.0_526/lpcxpresso/tools/bin/../lib/gcc/arm-none-eabi/4.9.3/armv7-m\libgcc.a(_arm_addsubsf3.o)
                0x00002db0                __aeabi_frsub
                0x00002db8                __subsf3
                0x00002db8                __aeabi_fsub
                0x00002dbc                __aeabi_fadd
                0x00002dbc                __addsf3
                0x00002f1c                __aeabi_ui2f
                0x00002f1c                __floatunsisf
                0x00002f24                __aeabi_i2f
                0x00002f24                __floatsisf
                0x00002f40                __aeabi_ul2f
                0x00002f40                __floatundisf
                0x00002f50                __aeabi_l2f
                0x00002f50                __floatdisf
 .text          0x00002fcc      0x2a0 c:/nxp/lpcxpresso_8.0.0_526/lpcxpresso/tools/bin/../lib/gcc/arm-none-eabi/4.9.3/armv7-m\libgcc.a(_arm_muldivsf3.o)
                0x00002fcc                __mulsf3
                0x00002fcc                __aeabi_fmul
                0x00003134                __aeabi_fdiv
                0x00003134                __divsf3
 .text          0x0000326c       0xec c:/nxp/lpcxpresso_8.0.0_526/lpcxpresso/tools/bin/../lib/gcc/arm-none-eabi/4.9.3/armv7-m\libgcc.a(_arm_cmpsf2.o)
                0x0000326c                __gesf2
                0x0000326c                __gtsf2
                0x00003274                __lesf2
                0x00003274                __ltsf2
                0x0000327c                __nesf2
                0x0000327c                __eqsf2
                0x0000327c                __cmpsf2
                0x000032dc                __aeabi_cfrcmple
                0x000032e4                __aeabi_cfcmpeq
                0x000032e4                __aeabi_cfcmple
                0x000032f4                __aeabi_fcmpeq
                0x00003308                __aeabi_fcmplt
                0x0000331c                __aeabi_fcmple
                0x00003330                __aeabi_fcmpge
                0x00003344                __aeabi_fcmpgt
 .text          0x00003358       0x4c c:/nxp/lpcxpresso_8.0.0_526/lpcxpresso/tools/bin/../lib/gcc/arm-none-eabi/4.9.3/armv7-m\libgcc.a(_arm_fixsfsi.o)
                0x00003358                __aeabi_f2iz
                0x00003358                __fixsfsi
 .text.printf   0x000033a4       0x30 c:/nxp/lpcxpresso_8.0.0_526/lpcxpresso/tools/bin/../lib/gcc/arm-none-eabi/4.9.3/../../../../arm-none-eabi/lib/armv7-m\libc_nano.a(lib_a-printf.o)
                0x000033a4                iprintf
                0x000033a4                printf
 .text._cleanup_r
                0x000033d4        0xc c:/nxp/lpcxpresso_8.0.0_526/lpcxpresso/tools/bin/../lib/gcc/arm-none-eabi/4.9.3/../../../../arm-none-eabi/lib/armv7-m\libc_nano.a(lib_a-findfp.o)
                0x000033d4                _cleanup_r
 .text.std.isra.0
                0x000033e0       0x48 c:/nxp/lpcxpresso_8.0.0_526/lpcxpresso/tools/bin/../lib/gcc/arm-none-eabi/4.9.3/../../../../arm-none-eabi/lib/armv7-m\libc_nano.a(lib_a-findfp.o)
 .text.__sfmoreglue
                0x00003428       0x2c c:/nxp/lpcxpresso_8.0.0_526/lpcxpresso/tools/bin/../lib/gcc/arm-none-eabi/4.9.3/../../../../arm-none-eabi/lib/armv7-m\libc_nano.a(lib_a-findfp.o)
                0x00003428                __sfmoreglue
 .text.__sinit  0x00003454       0x60 c:/nxp/lpcxpresso_8.0.0_526/lpcxpresso/tools/bin/../lib/gcc/arm-none-eabi/4.9.3/../../../../arm-none-eabi/lib/armv7-m\libc_nano.a(lib_a-findfp.o)
                0x00003454                __sinit
 .text.__sfp    0x000034b4       0x74 c:/nxp/lpcxpresso_8.0.0_526/lpcxpresso/tools/bin/../lib/gcc/arm-none-eabi/4.9.3/../../../../arm-none-eabi/lib/armv7-m\libc_nano.a(lib_a-findfp.o)
                0x000034b4                __sfp
 .text._fwalk_reent
                0x00003528       0x3c c:/nxp/lpcxpresso_8.0.0_526/lpcxpresso/tools/bin/../lib/gcc/arm-none-eabi/4.9.3/../../../../arm-none-eabi/lib/armv7-m\libc_nano.a(lib_a-fwalk.o)
                0x00003528                _fwalk_reent
 .text.memset   0x00003564       0x10 c:/nxp/lpcxpresso_8.0.0_526/lpcxpresso/tools/bin/../lib/gcc/arm-none-eabi/4.9.3/../../../../arm-none-eabi/lib/armv7-m\libc_nano.a(lib_a-memset.o)
                0x00003564                memset
 .text._malloc_r
                0x00003574       0xac c:/nxp/lpcxpresso_8.0.0_526/lpcxpresso/tools/bin/../lib/gcc/arm-none-eabi/4.9.3/../../../../arm-none-eabi/lib/armv7-m\libc_nano.a(lib_a-nano-mallocr.o)
                0x00003574                _malloc_r
 .text.__sfputc_r
                0x00003620       0x2c c:/nxp/lpcxpresso_8.0.0_526/lpcxpresso/tools/bin/../lib/gcc/arm-none-eabi/4.9.3/../../../../arm-none-eabi/lib/armv7-m\libc_nano.a(lib_a-nano-vfprintf.o)
 .text.__sfputs_r
                0x0000364c       0x24 c:/nxp/lpcxpresso_8.0.0_526/lpcxpresso/tools/bin/../lib/gcc/arm-none-eabi/4.9.3/../../../../arm-none-eabi/lib/armv7-m\libc_nano.a(lib_a-nano-vfprintf.o)
                0x0000364c                __sfputs_r
 .text._vfprintf_r
                0x00003670      0x210 c:/nxp/lpcxpresso_8.0.0_526/lpcxpresso/tools/bin/../lib/gcc/arm-none-eabi/4.9.3/../../../../arm-none-eabi/lib/armv7-m\libc_nano.a(lib_a-nano-vfprintf.o)
                0x00003670                _vfprintf_r
                0x00003670                _vfiprintf_r
 .text._printf_common
                0x00003880       0xea c:/nxp/lpcxpresso_8.0.0_526/lpcxpresso/tools/bin/../lib/gcc/arm-none-eabi/4.9.3/../../../../arm-none-eabi/lib/armv7-m\libc_nano.a(lib_a-nano-vfprintf_i.o)
                0x00003880                _printf_common
 *fill*         0x0000396a        0x2 
 .text._printf_i
                0x0000396c      0x240 c:/nxp/lpcxpresso_8.0.0_526/lpcxpresso/tools/bin/../lib/gcc/arm-none-eabi/4.9.3/../../../../arm-none-eabi/lib/armv7-m\libc_nano.a(lib_a-nano-vfprintf_i.o)
                0x0000396c                _printf_i
 .text._sbrk_r  0x00003bac       0x20 c:/nxp/lpcxpresso_8.0.0_526/lpcxpresso/tools/bin/../lib/gcc/arm-none-eabi/4.9.3/../../../../arm-none-eabi/lib/armv7-m\libc_nano.a(lib_a-sbrkr.o)
                0x00003bac                _sbrk_r
 .text.__sread  0x00003bcc       0x22 c:/nxp/lpcxpresso_8.0.0_526/lpcxpresso/tools/bin/../lib/gcc/arm-none-eabi/4.9.3/../../../../arm-none-eabi/lib/armv7-m\libc_nano.a(lib_a-stdio.o)
                0x00003bcc                __sread
 .text.__swrite
                0x00003bee       0x38 c:/nxp/lpcxpresso_8.0.0_526/lpcxpresso/tools/bin/../lib/gcc/arm-none-eabi/4.9.3/../../../../arm-none-eabi/lib/armv7-m\libc_nano.a(lib_a-stdio.o)
                0x00003bee                __swrite
 .text.__sseek  0x00003c26       0x24 c:/nxp/lpcxpresso_8.0.0_526/lpcxpresso/tools/bin/../lib/gcc/arm-none-eabi/4.9.3/../../../../arm-none-eabi/lib/armv7-m\libc_nano.a(lib_a-stdio.o)
                0x00003c26                __sseek
 .text.__sclose
                0x00003c4a        0x8 c:/nxp/lpcxpresso_8.0.0_526/lpcxpresso/tools/bin/../lib/gcc/arm-none-eabi/4.9.3/../../../../arm-none-eabi/lib/armv7-m\libc_nano.a(lib_a-stdio.o)
                0x00003c4a                __sclose
 *fill*         0x00003c52        0x2 
 .text.__swbuf_r
                0x00003c54       0xa8 c:/nxp/lpcxpresso_8.0.0_526/lpcxpresso/tools/bin/../lib/gcc/arm-none-eabi/4.9.3/../../../../arm-none-eabi/lib/armv7-m\libc_nano.a(lib_a-wbuf.o)
                0x00003c54                __swbuf_r
 .text._write_r
                0x00003cfc       0x24 c:/nxp/lpcxpresso_8.0.0_526/lpcxpresso/tools/bin/../lib/gcc/arm-none-eabi/4.9.3/../../../../arm-none-eabi/lib/armv7-m\libc_nano.a(lib_a-writer.o)
                0x00003cfc                _write_r
 .text.__swsetup_r
                0x00003d20       0xd8 c:/nxp/lpcxpresso_8.0.0_526/lpcxpresso/tools/bin/../lib/gcc/arm-none-eabi/4.9.3/../../../../arm-none-eabi/lib/armv7-m\libc_nano.a(lib_a-wsetup.o)
                0x00003d20                __swsetup_r
 .text._close_r
                0x00003df8       0x20 c:/nxp/lpcxpresso_8.0.0_526/lpcxpresso/tools/bin/../lib/gcc/arm-none-eabi/4.9.3/../../../../arm-none-eabi/lib/armv7-m\libc_nano.a(lib_a-closer.o)
                0x00003df8                _close_r
 .text.__sflush_r
                0x00003e18      0x106 c:/nxp/lpcxpresso_8.0.0_526/lpcxpresso/tools/bin/../lib/gcc/arm-none-eabi/4.9.3/../../../../arm-none-eabi/lib/armv7-m\libc_nano.a(lib_a-fflush.o)
                0x00003e18                __sflush_r
 *fill*         0x00003f1e        0x2 
 .text._fflush_r
                0x00003f20       0x54 c:/nxp/lpcxpresso_8.0.0_526/lpcxpresso/tools/bin/../lib/gcc/arm-none-eabi/4.9.3/../../../../arm-none-eabi/lib/armv7-m\libc_nano.a(lib_a-fflush.o)
                0x00003f20                _fflush_r
 .text._lseek_r
                0x00003f74       0x24 c:/nxp/lpcxpresso_8.0.0_526/lpcxpresso/tools/bin/../lib/gcc/arm-none-eabi/4.9.3/../../../../arm-none-eabi/lib/armv7-m\libc_nano.a(lib_a-lseekr.o)
                0x00003f74                _lseek_r
 .text.__smakebuf_r
                0x00003f98       0x98 c:/nxp/lpcxpresso_8.0.0_526/lpcxpresso/tools/bin/../lib/gcc/arm-none-eabi/4.9.3/../../../../arm-none-eabi/lib/armv7-m\libc_nano.a(lib_a-makebuf.o)
                0x00003f98                __smakebuf_r
 .text.memchr   0x00004030       0x1c c:/nxp/lpcxpresso_8.0.0_526/lpcxpresso/tools/bin/../lib/gcc/arm-none-eabi/4.9.3/../../../../arm-none-eabi/lib/armv7-m\libc_nano.a(lib_a-memchr.o)
                0x00004030                memchr
 .text._free_r  0x0000404c       0x88 c:/nxp/lpcxpresso_8.0.0_526/lpcxpresso/tools/bin/../lib/gcc/arm-none-eabi/4.9.3/../../../../arm-none-eabi/lib/armv7-m\libc_nano.a(lib_a-nano-freer.o)
                0x0000404c                _free_r
 .text._read_r  0x000040d4       0x24 c:/nxp/lpcxpresso_8.0.0_526/lpcxpresso/tools/bin/../lib/gcc/arm-none-eabi/4.9.3/../../../../arm-none-eabi/lib/armv7-m\libc_nano.a(lib_a-readr.o)
                0x000040d4                _read_r
 .text._fstat_r
                0x000040f8       0x24 c:/nxp/lpcxpresso_8.0.0_526/lpcxpresso/tools/bin/../lib/gcc/arm-none-eabi/4.9.3/../../../../arm-none-eabi/lib/armv7-m\libc_nano.a(lib_a-fstatr.o)
                0x000040f8                _fstat_r
 .text._isatty_r
                0x0000411c       0x20 c:/nxp/lpcxpresso_8.0.0_526/lpcxpresso/tools/bin/../lib/gcc/arm-none-eabi/4.9.3/../../../../arm-none-eabi/lib/armv7-m\libc_nano.a(lib_a-isattyr.o)
                0x0000411c                _isatty_r
 .text.atan2    0x0000413c        0x4 c:/nxp/lpcxpresso_8.0.0_526/lpcxpresso/tools/bin/../lib/gcc/arm-none-eabi/4.9.3/../../../../arm-none-eabi/lib/armv7-m\libm.a(lib_a-w_atan2.o)
                0x0000413c                atan2
 .text.sqrt     0x00004140       0xac c:/nxp/lpcxpresso_8.0.0_526/lpcxpresso/tools/bin/../lib/gcc/arm-none-eabi/4.9.3/../../../../arm-none-eabi/lib/armv7-m\libm.a(lib_a-w_sqrt.o)
                0x00004140                sqrt
 *fill*         0x000041ec        0x4 
 .text.__ieee754_atan2
                0x000041f0      0x1b4 c:/nxp/lpcxpresso_8.0.0_526/lpcxpresso/tools/bin/../lib/gcc/arm-none-eabi/4.9.3/../../../../arm-none-eabi/lib/armv7-m\libm.a(lib_a-e_atan2.o)
                0x000041f0                __ieee754_atan2
 .text.__ieee754_sqrt
                0x000043a4      0x18c c:/nxp/lpcxpresso_8.0.0_526/lpcxpresso/tools/bin/../lib/gcc/arm-none-eabi/4.9.3/../../../../arm-none-eabi/lib/armv7-m\libm.a(lib_a-e_sqrt.o)
                0x000043a4                __ieee754_sqrt
 .text.atan     0x00004530      0x334 c:/nxp/lpcxpresso_8.0.0_526/lpcxpresso/tools/bin/../lib/gcc/arm-none-eabi/4.9.3/../../../../arm-none-eabi/lib/armv7-m\libm.a(lib_a-s_atan.o)
                0x00004530                atan
 .text.fabs     0x00004864        0x8 c:/nxp/lpcxpresso_8.0.0_526/lpcxpresso/tools/bin/../lib/gcc/arm-none-eabi/4.9.3/../../../../arm-none-eabi/lib/armv7-m\libm.a(lib_a-s_fabs.o)
                0x00004864                fabs
 .text.__fpclassifyd
                0x0000486c       0x58 c:/nxp/lpcxpresso_8.0.0_526/lpcxpresso/tools/bin/../lib/gcc/arm-none-eabi/4.9.3/../../../../arm-none-eabi/lib/armv7-m\libm.a(lib_a-s_fpclassify.o)
                0x0000486c                __fpclassifyd
 .text.matherr  0x000048c4        0x4 c:/nxp/lpcxpresso_8.0.0_526/lpcxpresso/tools/bin/../lib/gcc/arm-none-eabi/4.9.3/../../../../arm-none-eabi/lib/armv7-m\libm.a(lib_a-s_matherr.o)
                0x000048c4                matherr
 .text._sbrk    0x000048c8       0x3c c:/nxp/lpcxpresso_8.0.0_526/lpcxpresso/tools/bin/../lib/gcc/arm-none-eabi/4.9.3/../../../../arm-none-eabi/lib/armv7-m\libcr_newlib_semihost.a(_cr_sbrk.o)
                0x000048c8                _sbrk
 .text.error    0x00004904       0x1c c:/nxp/lpcxpresso_8.0.0_526/lpcxpresso/tools/bin/../lib/gcc/arm-none-eabi/4.9.3/../../../../arm-none-eabi/lib/armv7-m\libcr_newlib_semihost.a(syscalls.o)
 .text.initialise_monitor_handles.part.0
                0x00004920       0xa8 c:/nxp/lpcxpresso_8.0.0_526/lpcxpresso/tools/bin/../lib/gcc/arm-none-eabi/4.9.3/../../../../arm-none-eabi/lib/armv7-m\libcr_newlib_semihost.a(syscalls.o)
 .text.checkerror
                0x000049c8        0xa c:/nxp/lpcxpresso_8.0.0_526/lpcxpresso/tools/bin/../lib/gcc/arm-none-eabi/4.9.3/../../../../arm-none-eabi/lib/armv7-m\libcr_newlib_semihost.a(syscalls.o)
 *fill*         0x000049d2        0x2 
 .text.findslot
                0x000049d4       0x30 c:/nxp/lpcxpresso_8.0.0_526/lpcxpresso/tools/bin/../lib/gcc/arm-none-eabi/4.9.3/../../../../arm-none-eabi/lib/armv7-m\libcr_newlib_semihost.a(syscalls.o)
 .text._swiread
                0x00004a04       0x20 c:/nxp/lpcxpresso_8.0.0_526/lpcxpresso/tools/bin/../lib/gcc/arm-none-eabi/4.9.3/../../../../arm-none-eabi/lib/armv7-m\libcr_newlib_semihost.a(syscalls.o)
                0x00004a04                _swiread
 .text._read    0x00004a24       0x34 c:/nxp/lpcxpresso_8.0.0_526/lpcxpresso/tools/bin/../lib/gcc/arm-none-eabi/4.9.3/../../../../arm-none-eabi/lib/armv7-m\libcr_newlib_semihost.a(syscalls.o)
                0x00004a24                _read
 .text._swilseek
                0x00004a58       0x7a c:/nxp/lpcxpresso_8.0.0_526/lpcxpresso/tools/bin/../lib/gcc/arm-none-eabi/4.9.3/../../../../arm-none-eabi/lib/armv7-m\libcr_newlib_semihost.a(syscalls.o)
                0x00004a58                _swilseek
 .text._lseek   0x00004ad2        0x4 c:/nxp/lpcxpresso_8.0.0_526/lpcxpresso/tools/bin/../lib/gcc/arm-none-eabi/4.9.3/../../../../arm-none-eabi/lib/armv7-m\libcr_newlib_semihost.a(syscalls.o)
                0x00004ad2                _lseek
 .text._swiwrite
                0x00004ad6       0x20 c:/nxp/lpcxpresso_8.0.0_526/lpcxpresso/tools/bin/../lib/gcc/arm-none-eabi/4.9.3/../../../../arm-none-eabi/lib/armv7-m\libcr_newlib_semihost.a(syscalls.o)
                0x00004ad6                _swiwrite
 .text._write   0x00004af6       0x42 c:/nxp/lpcxpresso_8.0.0_526/lpcxpresso/tools/bin/../lib/gcc/arm-none-eabi/4.9.3/../../../../arm-none-eabi/lib/armv7-m\libcr_newlib_semihost.a(syscalls.o)
                0x00004af6                _write
 .text._swiclose
                0x00004b38       0x1c c:/nxp/lpcxpresso_8.0.0_526/lpcxpresso/tools/bin/../lib/gcc/arm-none-eabi/4.9.3/../../../../arm-none-eabi/lib/armv7-m\libcr_newlib_semihost.a(syscalls.o)
                0x00004b38                _swiclose
 .text._close   0x00004b54       0x48 c:/nxp/lpcxpresso_8.0.0_526/lpcxpresso/tools/bin/../lib/gcc/arm-none-eabi/4.9.3/../../../../arm-none-eabi/lib/armv7-m\libcr_newlib_semihost.a(syscalls.o)
                0x00004b54                _close
 .text._swistat
                0x00004b9c       0x42 c:/nxp/lpcxpresso_8.0.0_526/lpcxpresso/tools/bin/../lib/gcc/arm-none-eabi/4.9.3/../../../../arm-none-eabi/lib/armv7-m\libcr_newlib_semihost.a(syscalls.o)
                0x00004b9c                _swistat
 .text._fstat   0x00004bde       0x1c c:/nxp/lpcxpresso_8.0.0_526/lpcxpresso/tools/bin/../lib/gcc/arm-none-eabi/4.9.3/../../../../arm-none-eabi/lib/armv7-m\libcr_newlib_semihost.a(syscalls.o)
                0x00004bde                _fstat
 .text._isatty  0x00004bfa       0x2a c:/nxp/lpcxpresso_8.0.0_526/lpcxpresso/tools/bin/../lib/gcc/arm-none-eabi/4.9.3/../../../../arm-none-eabi/lib/armv7-m\libcr_newlib_semihost.a(syscalls.o)
                0x00004bfa                _isatty
 .text.__check_heap_overflow
                0x00004c24       0x18 c:/nxp/lpcxpresso_8.0.0_526/lpcxpresso/tools/bin/../lib/gcc/arm-none-eabi/4.9.3/../../../../arm-none-eabi/lib/armv7-m\libcr_newlib_semihost.a(_cr_check_heap.o)
                0x00004c24                __check_heap_overflow
 .text          0x00004c3c      0x110 c:/nxp/lpcxpresso_8.0.0_526/lpcxpresso/tools/bin/../lib/gcc/arm-none-eabi/4.9.3/armv7-m\libgcc.a(_arm_cmpdf2.o)
                0x00004c3c                __gtdf2
                0x00004c3c                __gedf2
                0x00004c44                __ltdf2
                0x00004c44                __ledf2
                0x00004c4c                __nedf2
                0x00004c4c                __eqdf2
                0x00004c4c                __cmpdf2
                0x00004cc8                __aeabi_cdrcmple
                0x00004cd8                __aeabi_cdcmpeq
                0x00004cd8                __aeabi_cdcmple
                0x00004ce8                __aeabi_dcmpeq
                0x00004cfc                __aeabi_dcmplt
                0x00004d10                __aeabi_dcmple
                0x00004d24                __aeabi_dcmpge
                0x00004d38                __aeabi_dcmpgt
 .text.__errno  0x00004d4c        0xc c:/nxp/lpcxpresso_8.0.0_526/lpcxpresso/tools/bin/../lib/gcc/arm-none-eabi/4.9.3/../../../../arm-none-eabi/lib/armv7-m\libc_nano.a(lib_a-errno.o)
                0x00004d4c                __errno
 *(.rodata .rodata.* .constdata .constdata.*)
 .rodata        0x00004d58       0x3e ./ecompass/src/ecompass.o
 *fill*         0x00004d96        0x2 
 .rodata        0x00004d98       0x3c ./ecompass/src/main.o
 .rodata.OscRateIn
                0x00004dd4        0x4 C:\Users\Richie\Home\LPCXpresso\digital_compass\lpc_board_nxp_lpcxpresso_1769\Debug\liblpc_board_nxp_lpcxpresso_1769.a(board.o)
                0x00004dd4                OscRateIn
 .rodata.RTCOscRateIn
                0x00004dd8        0x4 C:\Users\Richie\Home\LPCXpresso\digital_compass\lpc_board_nxp_lpcxpresso_1769\Debug\liblpc_board_nxp_lpcxpresso_1769.a(board.o)
                0x00004dd8                RTCOscRateIn
 .rodata.pinmuxing
                0x00004ddc       0x5c C:\Users\Richie\Home\LPCXpresso\digital_compass\lpc_board_nxp_lpcxpresso_1769\Debug\liblpc_board_nxp_lpcxpresso_1769.a(board_sysinit.o)
 .rodata.I2C_PeriphClk
                0x00004e38        0x3 C:\Users\Richie\Home\LPCXpresso\digital_compass\lpc_chip_175x_6x\Debug\liblpc_chip_175x_6x.a(i2c_17xx_40xx.o)
 *fill*         0x00004e3b        0x1 
 .rodata.__sf_fake_stdin
                0x00004e3c       0x20 c:/nxp/lpcxpresso_8.0.0_526/lpcxpresso/tools/bin/../lib/gcc/arm-none-eabi/4.9.3/../../../../arm-none-eabi/lib/armv7-m\libc_nano.a(lib_a-findfp.o)
                0x00004e3c                __sf_fake_stdin
 .rodata.__sf_fake_stdout
                0x00004e5c       0x20 c:/nxp/lpcxpresso_8.0.0_526/lpcxpresso/tools/bin/../lib/gcc/arm-none-eabi/4.9.3/../../../../arm-none-eabi/lib/armv7-m\libc_nano.a(lib_a-findfp.o)
                0x00004e5c                __sf_fake_stdout
 .rodata.__sf_fake_stderr
                0x00004e7c       0x20 c:/nxp/lpcxpresso_8.0.0_526/lpcxpresso/tools/bin/../lib/gcc/arm-none-eabi/4.9.3/../../../../arm-none-eabi/lib/armv7-m\libc_nano.a(lib_a-findfp.o)
                0x00004e7c                __sf_fake_stderr
 .rodata.str1.1
                0x00004e9c        0x2 c:/nxp/lpcxpresso_8.0.0_526/lpcxpresso/tools/bin/../lib/gcc/arm-none-eabi/4.9.3/../../../../arm-none-eabi/lib/armv7-m\libc_nano.a(lib_a-impure.o)
 *fill*         0x00004e9e        0x2 
 .rodata._global_impure_ptr
                0x00004ea0        0x4 c:/nxp/lpcxpresso_8.0.0_526/lpcxpresso/tools/bin/../lib/gcc/arm-none-eabi/4.9.3/../../../../arm-none-eabi/lib/armv7-m\libc_nano.a(lib_a-impure.o)
                0x00004ea0                _global_impure_ptr
 .rodata.str1.1
                0x00004ea4       0x11 c:/nxp/lpcxpresso_8.0.0_526/lpcxpresso/tools/bin/../lib/gcc/arm-none-eabi/4.9.3/../../../../arm-none-eabi/lib/armv7-m\libc_nano.a(lib_a-nano-vfprintf.o)
 .rodata.str1.1
                0x00004eb5       0x22 c:/nxp/lpcxpresso_8.0.0_526/lpcxpresso/tools/bin/../lib/gcc/arm-none-eabi/4.9.3/../../../../arm-none-eabi/lib/armv7-m\libc_nano.a(lib_a-nano-vfprintf_i.o)
 *fill*         0x00004ed7        0x1 
 .rodata.str1.4
                0x00004ed8        0x8 c:/nxp/lpcxpresso_8.0.0_526/lpcxpresso/tools/bin/../lib/gcc/arm-none-eabi/4.9.3/../../../../arm-none-eabi/lib/armv7-m\libm.a(lib_a-w_sqrt.o)
                                  0x5 (size before relaxing)
 .rodata.atanlo
                0x00004ee0       0x20 c:/nxp/lpcxpresso_8.0.0_526/lpcxpresso/tools/bin/../lib/gcc/arm-none-eabi/4.9.3/../../../../arm-none-eabi/lib/armv7-m\libm.a(lib_a-s_atan.o)
 .rodata.atanhi
                0x00004f00       0x20 c:/nxp/lpcxpresso_8.0.0_526/lpcxpresso/tools/bin/../lib/gcc/arm-none-eabi/4.9.3/../../../../arm-none-eabi/lib/armv7-m\libm.a(lib_a-s_atan.o)
 .rodata.str1.1
                0x00004f20        0x4 c:/nxp/lpcxpresso_8.0.0_526/lpcxpresso/tools/bin/../lib/gcc/arm-none-eabi/4.9.3/../../../../arm-none-eabi/lib/armv7-m\libcr_newlib_semihost.a(syscalls.o)
                0x00004f24                . = ALIGN (0x4)

.glue_7         0x00004f24        0x0
 .glue_7        0x00000000        0x0 linker stubs

.glue_7t        0x00004f24        0x0
 .glue_7t       0x00000000        0x0 linker stubs

.vfp11_veneer   0x00004f24        0x0
 .vfp11_veneer  0x00000000        0x0 linker stubs

.v4_bx          0x00004f24        0x0
 .v4_bx         0x00000000        0x0 linker stubs

.iplt           0x00004f24        0x0
 .iplt          0x00000000        0x0 ./ecompass/src/cr_startup_lpc175x_6x.o

.rel.dyn        0x00004f24        0x0
 .rel.iplt      0x00000000        0x0 ./ecompass/src/cr_startup_lpc175x_6x.o

.ARM.extab
 *(.ARM.extab* .gnu.linkonce.armextab.*)
                0x00004f24                __exidx_start = .

.ARM.exidx
 *(.ARM.exidx* .gnu.linkonce.armexidx.*)
                0x00004f24                __exidx_end = .
                0x00004f24                _etext = .

.data_RAM2      0x2007c000        0x0 load address 0x00004f24
 FILL mask 0xff
                0x2007c000                PROVIDE (__start_data_RAM2, .)
 *(.ramfunc.$RAM2)
 *(.ramfunc.$RamAHB32)
 *(.data.$RAM2*)
 *(.data.$RamAHB32*)
                0x2007c000                . = ALIGN (0x4)
                0x2007c000                PROVIDE (__end_data_RAM2, .)

.uninit_RESERVED
                0x10000000        0x0
 *(.bss.$RESERVED*)
                0x10000000                . = ALIGN (0x4)
                0x10000000                _end_uninit_RESERVED = .

.data           0x10000000       0xc0 load address 0x00004f24
 FILL mask 0xff
                0x10000000                _data = .
 *(vtable)
 *(.ramfunc*)
 *(.data*)
 .data.i2cDev   0x10000000        0x1 ./ecompass/src/ecompass.o
 *fill*         0x10000001        0x3 
 .data.i2c      0x10000004       0x54 C:\Users\Richie\Home\LPCXpresso\digital_compass\lpc_chip_175x_6x\Debug\liblpc_chip_175x_6x.a(i2c_17xx_40xx.o)
 .data.impure_data
                0x10000058       0x60 c:/nxp/lpcxpresso_8.0.0_526/lpcxpresso/tools/bin/../lib/gcc/arm-none-eabi/4.9.3/../../../../arm-none-eabi/lib/armv7-m\libc_nano.a(lib_a-impure.o)
 .data._impure_ptr
                0x100000b8        0x4 c:/nxp/lpcxpresso_8.0.0_526/lpcxpresso/tools/bin/../lib/gcc/arm-none-eabi/4.9.3/../../../../arm-none-eabi/lib/armv7-m\libc_nano.a(lib_a-impure.o)
                0x100000b8                _impure_ptr
 .data.__fdlib_version
                0x100000bc        0x1 c:/nxp/lpcxpresso_8.0.0_526/lpcxpresso/tools/bin/../lib/gcc/arm-none-eabi/4.9.3/../../../../arm-none-eabi/lib/armv7-m\libm.a(lib_a-s_lib_ver.o)
                0x100000bc                __fdlib_version
                0x100000c0                . = ALIGN (0x4)
 *fill*         0x100000bd        0x3 ff
                0x100000c0                _edata = .

.igot.plt       0x100000c0        0x0 load address 0x00004fe4
 .igot.plt      0x00000000        0x0 ./ecompass/src/cr_startup_lpc175x_6x.o

.bss_RAM2       0x2007c000        0x0
                0x2007c000                PROVIDE (__start_bss_RAM2, .)
 *(.bss.$RAM2*)
 *(.bss.$RamAHB32*)
                0x2007c000                . = ALIGN ((. != 0x0)?0x4:0x1)
                0x2007c000                PROVIDE (__end_bss_RAM2, .)

.bss            0x100000c0       0xf8
                0x100000c0                _bss = .
 *(.bss*)
 .bss.mode_poll
                0x100000c0        0x4 ./ecompass/src/ecompass.o
 .bss.ecomp_xfer.8487
                0x100000c4       0x18 ./ecompass/src/ecompass.o
 .bss.i2c_slave
                0x100000dc       0x78 C:\Users\Richie\Home\LPCXpresso\digital_compass\lpc_chip_175x_6x\Debug\liblpc_chip_175x_6x.a(i2c_17xx_40xx.o)
 .bss.__malloc_sbrk_start
                0x10000154        0x4 c:/nxp/lpcxpresso_8.0.0_526/lpcxpresso/tools/bin/../lib/gcc/arm-none-eabi/4.9.3/../../../../arm-none-eabi/lib/armv7-m\libc_nano.a(lib_a-nano-mallocr.o)
                0x10000154                __malloc_sbrk_start
 .bss.__malloc_free_list
                0x10000158        0x4 c:/nxp/lpcxpresso_8.0.0_526/lpcxpresso/tools/bin/../lib/gcc/arm-none-eabi/4.9.3/../../../../arm-none-eabi/lib/armv7-m\libc_nano.a(lib_a-nano-mallocr.o)
                0x10000158                __malloc_free_list
 .bss.monitor_stdout
                0x1000015c        0x4 c:/nxp/lpcxpresso_8.0.0_526/lpcxpresso/tools/bin/../lib/gcc/arm-none-eabi/4.9.3/../../../../arm-none-eabi/lib/armv7-m\libcr_newlib_semihost.a(syscalls.o)
 .bss.monitor_stdin
                0x10000160        0x4 c:/nxp/lpcxpresso_8.0.0_526/lpcxpresso/tools/bin/../lib/gcc/arm-none-eabi/4.9.3/../../../../arm-none-eabi/lib/armv7-m\libcr_newlib_semihost.a(syscalls.o)
 .bss.initialized.5461
                0x10000164        0x4 c:/nxp/lpcxpresso_8.0.0_526/lpcxpresso/tools/bin/../lib/gcc/arm-none-eabi/4.9.3/../../../../arm-none-eabi/lib/armv7-m\libcr_newlib_semihost.a(syscalls.o)
 .bss.monitor_stderr
                0x10000168        0x4 c:/nxp/lpcxpresso_8.0.0_526/lpcxpresso/tools/bin/../lib/gcc/arm-none-eabi/4.9.3/../../../../arm-none-eabi/lib/armv7-m\libcr_newlib_semihost.a(syscalls.o)
 .bss.openfiles
                0x1000016c       0x28 c:/nxp/lpcxpresso_8.0.0_526/lpcxpresso/tools/bin/../lib/gcc/arm-none-eabi/4.9.3/../../../../arm-none-eabi/lib/armv7-m\libcr_newlib_semihost.a(syscalls.o)
 *(COMMON)
 COMMON         0x10000194       0x16 ./ecompass/src/ecompass.o
                0x10000194                acc
                0x1000019c                closedHeading
                0x100001a0                currentHeading
                0x100001a4                mag
 *fill*         0x100001aa        0x2 
 COMMON         0x100001ac        0x4 C:\Users\Richie\Home\LPCXpresso\digital_compass\lpc_chip_175x_6x\Debug\liblpc_chip_175x_6x.a(chip_17xx_40xx.o)
                0x100001ac                SystemCoreClock
 COMMON         0x100001b0        0x4 c:/nxp/lpcxpresso_8.0.0_526/lpcxpresso/tools/bin/../lib/gcc/arm-none-eabi/4.9.3/../../../../arm-none-eabi/lib/armv7-m\libc_nano.a(lib_a-reent.o)
                0x100001b0                errno
 COMMON         0x100001b4        0x4 c:/nxp/lpcxpresso_8.0.0_526/lpcxpresso/tools/bin/../lib/gcc/arm-none-eabi/4.9.3/../../../../arm-none-eabi/lib/armv7-m\libcr_newlib_semihost.a(_cr_sbrk.o)
                0x100001b4                __end_of_heap
                0x100001b8                . = ALIGN (0x4)
                0x100001b8                _ebss = .
                0x100001b8                PROVIDE (end, .)

.noinit_RAM2    0x2007c000        0x0
 *(.noinit.$RAM2*)
 *(.noinit.$RamAHB32*)
                0x2007c000                . = ALIGN (0x4)

.noinit         0x100001b8        0x0
                0x100001b8                _noinit = .
 *(.noinit*)
                0x100001b8                . = ALIGN (0x4)
                0x100001b8                _end_noinit = .
                0x100001b8                PROVIDE (_pvHeapStart, DEFINED (__user_heap_base)?__user_heap_base:.)
                0x10008000                PROVIDE (_vStackTop, DEFINED (__user_stack_top)?__user_stack_top:(__top_RamLoc32 - 0x0))
                0xefff74b2                PROVIDE (__valid_user_code_checksum, (0x0 - ((((((_vStackTop + (ResetISR + 0x1)) + (NMI_Handler + 0x1)) + (HardFault_Handler + 0x1)) + (DEFINED (MemManage_Handler)?MemManage_Handler:0x0 + 0x1)) + (DEFINED (BusFault_Handler)?BusFault_Handler:0x0 + 0x1)) + (DEFINED (UsageFault_Handler)?UsageFault_Handler:0x0 + 0x1))))
OUTPUT(digital_compass.axf elf32-littlearm)

.debug_info     0x00000000     0x7219
 .debug_info    0x00000000      0x24b ./ecompass/src/cr_startup_lpc175x_6x.o
 .debug_info    0x0000024b      0xa45 ./ecompass/src/ecompass.o
 .debug_info    0x00000c90      0x1c5 ./ecompass/src/main.o
 .debug_info    0x00000e55      0x11f ./ecompass/src/sysinit.o
 .debug_info    0x00000f74     0x1392 C:\Users\Richie\Home\LPCXpresso\digital_compass\lpc_board_nxp_lpcxpresso_1769\Debug\liblpc_board_nxp_lpcxpresso_1769.a(board.o)
 .debug_info    0x00002306      0x558 C:\Users\Richie\Home\LPCXpresso\digital_compass\lpc_board_nxp_lpcxpresso_1769\Debug\liblpc_board_nxp_lpcxpresso_1769.a(board_sysinit.o)
 .debug_info    0x0000285e      0x50a C:\Users\Richie\Home\LPCXpresso\digital_compass\lpc_chip_175x_6x\Debug\liblpc_chip_175x_6x.a(chip_17xx_40xx.o)
 .debug_info    0x00002d68      0xb46 C:\Users\Richie\Home\LPCXpresso\digital_compass\lpc_chip_175x_6x\Debug\liblpc_chip_175x_6x.a(clock_17xx_40xx.o)
 .debug_info    0x000038ae      0xe43 C:\Users\Richie\Home\LPCXpresso\digital_compass\lpc_chip_175x_6x\Debug\liblpc_chip_175x_6x.a(i2c_17xx_40xx.o)
 .debug_info    0x000046f1      0x2d9 C:\Users\Richie\Home\LPCXpresso\digital_compass\lpc_chip_175x_6x\Debug\liblpc_chip_175x_6x.a(iocon_17xx_40xx.o)
 .debug_info    0x000049ca      0x431 C:\Users\Richie\Home\LPCXpresso\digital_compass\lpc_chip_175x_6x\Debug\liblpc_chip_175x_6x.a(sysinit_17xx_40xx.o)
 .debug_info    0x00004dfb      0xeb9 C:\Users\Richie\Home\LPCXpresso\digital_compass\lpc_chip_175x_6x\Debug\liblpc_chip_175x_6x.a(uart_17xx_40xx.o)
 .debug_info    0x00005cb4      0x12d c:/nxp/lpcxpresso_8.0.0_526/lpcxpresso/tools/bin/../lib/gcc/arm-none-eabi/4.9.3/../../../../arm-none-eabi/lib/armv7-m\libcr_newlib_semihost.a(_cr_sbrk.o)
 .debug_info    0x00005de1     0x13ce c:/nxp/lpcxpresso_8.0.0_526/lpcxpresso/tools/bin/../lib/gcc/arm-none-eabi/4.9.3/../../../../arm-none-eabi/lib/armv7-m\libcr_newlib_semihost.a(syscalls.o)
 .debug_info    0x000071af       0x6a c:/nxp/lpcxpresso_8.0.0_526/lpcxpresso/tools/bin/../lib/gcc/arm-none-eabi/4.9.3/../../../../arm-none-eabi/lib/armv7-m\libcr_newlib_semihost.a(_cr_check_heap.o)

.debug_abbrev   0x00000000     0x1b23
 .debug_abbrev  0x00000000       0xf5 ./ecompass/src/cr_startup_lpc175x_6x.o
 .debug_abbrev  0x000000f5      0x2e3 ./ecompass/src/ecompass.o
 .debug_abbrev  0x000003d8       0xab ./ecompass/src/main.o
 .debug_abbrev  0x00000483       0xa3 ./ecompass/src/sysinit.o
 .debug_abbrev  0x00000526      0x373 C:\Users\Richie\Home\LPCXpresso\digital_compass\lpc_board_nxp_lpcxpresso_1769\Debug\liblpc_board_nxp_lpcxpresso_1769.a(board.o)
 .debug_abbrev  0x00000899      0x15a C:\Users\Richie\Home\LPCXpresso\digital_compass\lpc_board_nxp_lpcxpresso_1769\Debug\liblpc_board_nxp_lpcxpresso_1769.a(board_sysinit.o)
 .debug_abbrev  0x000009f3      0x138 C:\Users\Richie\Home\LPCXpresso\digital_compass\lpc_chip_175x_6x\Debug\liblpc_chip_175x_6x.a(chip_17xx_40xx.o)
 .debug_abbrev  0x00000b2b      0x2e4 C:\Users\Richie\Home\LPCXpresso\digital_compass\lpc_chip_175x_6x\Debug\liblpc_chip_175x_6x.a(clock_17xx_40xx.o)
 .debug_abbrev  0x00000e0f      0x2a6 C:\Users\Richie\Home\LPCXpresso\digital_compass\lpc_chip_175x_6x\Debug\liblpc_chip_175x_6x.a(i2c_17xx_40xx.o)
 .debug_abbrev  0x000010b5      0x126 C:\Users\Richie\Home\LPCXpresso\digital_compass\lpc_chip_175x_6x\Debug\liblpc_chip_175x_6x.a(iocon_17xx_40xx.o)
 .debug_abbrev  0x000011db      0x171 C:\Users\Richie\Home\LPCXpresso\digital_compass\lpc_chip_175x_6x\Debug\liblpc_chip_175x_6x.a(sysinit_17xx_40xx.o)
 .debug_abbrev  0x0000134c      0x2e2 C:\Users\Richie\Home\LPCXpresso\digital_compass\lpc_chip_175x_6x\Debug\liblpc_chip_175x_6x.a(uart_17xx_40xx.o)
 .debug_abbrev  0x0000162e       0xf6 c:/nxp/lpcxpresso_8.0.0_526/lpcxpresso/tools/bin/../lib/gcc/arm-none-eabi/4.9.3/../../../../arm-none-eabi/lib/armv7-m\libcr_newlib_semihost.a(_cr_sbrk.o)
 .debug_abbrev  0x00001724      0x39d c:/nxp/lpcxpresso_8.0.0_526/lpcxpresso/tools/bin/../lib/gcc/arm-none-eabi/4.9.3/../../../../arm-none-eabi/lib/armv7-m\libcr_newlib_semihost.a(syscalls.o)
 .debug_abbrev  0x00001ac1       0x62 c:/nxp/lpcxpresso_8.0.0_526/lpcxpresso/tools/bin/../lib/gcc/arm-none-eabi/4.9.3/../../../../arm-none-eabi/lib/armv7-m\libcr_newlib_semihost.a(_cr_check_heap.o)

.debug_aranges  0x00000000      0x880
 .debug_aranges
                0x00000000       0x80 ./ecompass/src/cr_startup_lpc175x_6x.o
 .debug_aranges
                0x00000080       0xd8 ./ecompass/src/ecompass.o
 .debug_aranges
                0x00000158       0x20 ./ecompass/src/main.o
 .debug_aranges
                0x00000178       0x20 ./ecompass/src/sysinit.o
 .debug_aranges
                0x00000198      0x160 C:\Users\Richie\Home\LPCXpresso\digital_compass\lpc_board_nxp_lpcxpresso_1769\Debug\liblpc_board_nxp_lpcxpresso_1769.a(board.o)
 .debug_aranges
                0x000002f8       0x38 C:\Users\Richie\Home\LPCXpresso\digital_compass\lpc_board_nxp_lpcxpresso_1769\Debug\liblpc_board_nxp_lpcxpresso_1769.a(board_sysinit.o)
 .debug_aranges
                0x00000330       0x38 C:\Users\Richie\Home\LPCXpresso\digital_compass\lpc_chip_175x_6x\Debug\liblpc_chip_175x_6x.a(chip_17xx_40xx.o)
 .debug_aranges
                0x00000368      0x120 C:\Users\Richie\Home\LPCXpresso\digital_compass\lpc_chip_175x_6x\Debug\liblpc_chip_175x_6x.a(clock_17xx_40xx.o)
 .debug_aranges
                0x00000488      0x118 C:\Users\Richie\Home\LPCXpresso\digital_compass\lpc_chip_175x_6x\Debug\liblpc_chip_175x_6x.a(i2c_17xx_40xx.o)
 .debug_aranges
                0x000005a0       0x30 C:\Users\Richie\Home\LPCXpresso\digital_compass\lpc_chip_175x_6x\Debug\liblpc_chip_175x_6x.a(iocon_17xx_40xx.o)
 .debug_aranges
                0x000005d0       0x60 C:\Users\Richie\Home\LPCXpresso\digital_compass\lpc_chip_175x_6x\Debug\liblpc_chip_175x_6x.a(sysinit_17xx_40xx.o)
 .debug_aranges
                0x00000630      0x128 C:\Users\Richie\Home\LPCXpresso\digital_compass\lpc_chip_175x_6x\Debug\liblpc_chip_175x_6x.a(uart_17xx_40xx.o)
 .debug_aranges
                0x00000758       0x20 c:/nxp/lpcxpresso_8.0.0_526/lpcxpresso/tools/bin/../lib/gcc/arm-none-eabi/4.9.3/../../../../arm-none-eabi/lib/armv7-m\libcr_newlib_semihost.a(_cr_sbrk.o)
 .debug_aranges
                0x00000778       0xe8 c:/nxp/lpcxpresso_8.0.0_526/lpcxpresso/tools/bin/../lib/gcc/arm-none-eabi/4.9.3/../../../../arm-none-eabi/lib/armv7-m\libcr_newlib_semihost.a(syscalls.o)
 .debug_aranges
                0x00000860       0x20 c:/nxp/lpcxpresso_8.0.0_526/lpcxpresso/tools/bin/../lib/gcc/arm-none-eabi/4.9.3/../../../../arm-none-eabi/lib/armv7-m\libcr_newlib_semihost.a(_cr_check_heap.o)

.debug_ranges   0x00000000      0x8b8
 .debug_ranges  0x00000000       0x70 ./ecompass/src/cr_startup_lpc175x_6x.o
 .debug_ranges  0x00000070       0xc8 ./ecompass/src/ecompass.o
 .debug_ranges  0x00000138       0x10 ./ecompass/src/main.o
 .debug_ranges  0x00000148       0x10 ./ecompass/src/sysinit.o
 .debug_ranges  0x00000158      0x150 C:\Users\Richie\Home\LPCXpresso\digital_compass\lpc_board_nxp_lpcxpresso_1769\Debug\liblpc_board_nxp_lpcxpresso_1769.a(board.o)
 .debug_ranges  0x000002a8       0x28 C:\Users\Richie\Home\LPCXpresso\digital_compass\lpc_board_nxp_lpcxpresso_1769\Debug\liblpc_board_nxp_lpcxpresso_1769.a(board_sysinit.o)
 .debug_ranges  0x000002d0       0x28 C:\Users\Richie\Home\LPCXpresso\digital_compass\lpc_chip_175x_6x\Debug\liblpc_chip_175x_6x.a(chip_17xx_40xx.o)
 .debug_ranges  0x000002f8      0x110 C:\Users\Richie\Home\LPCXpresso\digital_compass\lpc_chip_175x_6x\Debug\liblpc_chip_175x_6x.a(clock_17xx_40xx.o)
 .debug_ranges  0x00000408      0x108 C:\Users\Richie\Home\LPCXpresso\digital_compass\lpc_chip_175x_6x\Debug\liblpc_chip_175x_6x.a(i2c_17xx_40xx.o)
 .debug_ranges  0x00000510       0x20 C:\Users\Richie\Home\LPCXpresso\digital_compass\lpc_chip_175x_6x\Debug\liblpc_chip_175x_6x.a(iocon_17xx_40xx.o)
 .debug_ranges  0x00000530       0x50 C:\Users\Richie\Home\LPCXpresso\digital_compass\lpc_chip_175x_6x\Debug\liblpc_chip_175x_6x.a(sysinit_17xx_40xx.o)
 .debug_ranges  0x00000580      0x118 C:\Users\Richie\Home\LPCXpresso\digital_compass\lpc_chip_175x_6x\Debug\liblpc_chip_175x_6x.a(uart_17xx_40xx.o)
 .debug_ranges  0x00000698       0x10 c:/nxp/lpcxpresso_8.0.0_526/lpcxpresso/tools/bin/../lib/gcc/arm-none-eabi/4.9.3/../../../../arm-none-eabi/lib/armv7-m\libcr_newlib_semihost.a(_cr_sbrk.o)
 .debug_ranges  0x000006a8      0x200 c:/nxp/lpcxpresso_8.0.0_526/lpcxpresso/tools/bin/../lib/gcc/arm-none-eabi/4.9.3/../../../../arm-none-eabi/lib/armv7-m\libcr_newlib_semihost.a(syscalls.o)
 .debug_ranges  0x000008a8       0x10 c:/nxp/lpcxpresso_8.0.0_526/lpcxpresso/tools/bin/../lib/gcc/arm-none-eabi/4.9.3/../../../../arm-none-eabi/lib/armv7-m\libcr_newlib_semihost.a(_cr_check_heap.o)

.debug_macro    0x00000000     0x700f
 .debug_macro   0x00000000       0x1d ./ecompass/src/cr_startup_lpc175x_6x.o
 .debug_macro   0x0000001d      0x87a ./ecompass/src/cr_startup_lpc175x_6x.o
 .debug_macro   0x00000897      0x323 ./ecompass/src/ecompass.o
 .debug_macro   0x00000bba       0x58 ./ecompass/src/ecompass.o
 .debug_macro   0x00000c12       0x22 ./ecompass/src/ecompass.o
 .debug_macro   0x00000c34       0x35 ./ecompass/src/ecompass.o
 .debug_macro   0x00000c69       0x9c ./ecompass/src/ecompass.o
 .debug_macro   0x00000d05      0x166 ./ecompass/src/ecompass.o
 .debug_macro   0x00000e6b       0x4a ./ecompass/src/ecompass.o
 .debug_macro   0x00000eb5       0x52 ./ecompass/src/ecompass.o
 .debug_macro   0x00000f07       0x16 ./ecompass/src/ecompass.o
 .debug_macro   0x00000f1d       0x43 ./ecompass/src/ecompass.o
 .debug_macro   0x00000f60      0x180 ./ecompass/src/ecompass.o
 .debug_macro   0x000010e0      0x1e1 ./ecompass/src/ecompass.o
 .debug_macro   0x000012c1       0xe3 ./ecompass/src/ecompass.o
 .debug_macro   0x000013a4       0x22 ./ecompass/src/ecompass.o
 .debug_macro   0x000013c6      0x1df ./ecompass/src/ecompass.o
 .debug_macro   0x000015a5       0x22 ./ecompass/src/ecompass.o
 .debug_macro   0x000015c7       0x74 ./ecompass/src/ecompass.o
 .debug_macro   0x0000163b       0x10 ./ecompass/src/ecompass.o
 .debug_macro   0x0000164b       0x2d ./ecompass/src/ecompass.o
 .debug_macro   0x00001678       0x3a ./ecompass/src/ecompass.o
 .debug_macro   0x000016b2       0x2d ./ecompass/src/ecompass.o
 .debug_macro   0x000016df      0xbb1 ./ecompass/src/ecompass.o
 .debug_macro   0x00002290      0x22c ./ecompass/src/ecompass.o
 .debug_macro   0x000024bc       0x42 ./ecompass/src/ecompass.o
 .debug_macro   0x000024fe       0x52 ./ecompass/src/ecompass.o
 .debug_macro   0x00002550       0x78 ./ecompass/src/ecompass.o
 .debug_macro   0x000025c8       0x82 ./ecompass/src/ecompass.o
 .debug_macro   0x0000264a      0x48c ./ecompass/src/ecompass.o
 .debug_macro   0x00002ad6       0x34 ./ecompass/src/ecompass.o
 .debug_macro   0x00002b0a      0x4c5 ./ecompass/src/ecompass.o
 .debug_macro   0x00002fcf      0x1b7 ./ecompass/src/ecompass.o
 .debug_macro   0x00003186       0x10 ./ecompass/src/ecompass.o
 .debug_macro   0x00003196      0x21b ./ecompass/src/ecompass.o
 .debug_macro   0x000033b1      0x1b9 ./ecompass/src/ecompass.o
 .debug_macro   0x0000356a       0x40 ./ecompass/src/ecompass.o
 .debug_macro   0x000035aa       0x22 ./ecompass/src/ecompass.o
 .debug_macro   0x000035cc      0x162 ./ecompass/src/ecompass.o
 .debug_macro   0x0000372e       0x94 ./ecompass/src/ecompass.o
 .debug_macro   0x000037c2       0xb8 ./ecompass/src/ecompass.o
 .debug_macro   0x0000387a       0x4c ./ecompass/src/ecompass.o
 .debug_macro   0x000038c6       0x16 ./ecompass/src/ecompass.o
 .debug_macro   0x000038dc      0x328 ./ecompass/src/ecompass.o
 .debug_macro   0x00003c04       0x49 ./ecompass/src/ecompass.o
 .debug_macro   0x00003c4d       0x16 ./ecompass/src/ecompass.o
 .debug_macro   0x00003c63       0xca ./ecompass/src/ecompass.o
 .debug_macro   0x00003d2d       0x11 ./ecompass/src/ecompass.o
 .debug_macro   0x00003d3e       0x70 ./ecompass/src/ecompass.o
 .debug_macro   0x00003dae       0x1c ./ecompass/src/ecompass.o
 .debug_macro   0x00003dca       0x35 ./ecompass/src/ecompass.o
 .debug_macro   0x00003dff      0x29d ./ecompass/src/ecompass.o
 .debug_macro   0x0000409c       0x10 ./ecompass/src/ecompass.o
 .debug_macro   0x000040ac       0x10 ./ecompass/src/ecompass.o
 .debug_macro   0x000040bc       0x22 ./ecompass/src/ecompass.o
 .debug_macro   0x000040de       0xbe ./ecompass/src/ecompass.o
 .debug_macro   0x0000419c       0x16 ./ecompass/src/ecompass.o
 .debug_macro   0x000041b2      0x197 ./ecompass/src/ecompass.o
 .debug_macro   0x00004349       0x20 ./ecompass/src/ecompass.o
 .debug_macro   0x00004369       0x28 ./ecompass/src/ecompass.o
 .debug_macro   0x00004391      0x203 ./ecompass/src/ecompass.o
 .debug_macro   0x00004594      0x362 ./ecompass/src/main.o
 .debug_macro   0x000048f6       0x16 ./ecompass/src/main.o
 .debug_macro   0x0000490c      0x10e ./ecompass/src/main.o
 .debug_macro   0x00004a1a       0x7f ./ecompass/src/main.o
 .debug_macro   0x00004a99       0x16 ./ecompass/src/main.o
 .debug_macro   0x00004aaf       0x29 ./ecompass/src/main.o
 .debug_macro   0x00004ad8       0x16 ./ecompass/src/main.o
 .debug_macro   0x00004aee      0x2fd ./ecompass/src/sysinit.o
 .debug_macro   0x00004deb       0x44 ./ecompass/src/sysinit.o
 .debug_macro   0x00004e2f       0x7b ./ecompass/src/sysinit.o
 .debug_macro   0x00004eaa       0x18 ./ecompass/src/sysinit.o
 .debug_macro   0x00004ec2       0x16 ./ecompass/src/sysinit.o
 .debug_macro   0x00004ed8       0x97 ./ecompass/src/sysinit.o
 .debug_macro   0x00004f6f       0xef ./ecompass/src/sysinit.o
 .debug_macro   0x0000505e      0x289 C:\Users\Richie\Home\LPCXpresso\digital_compass\lpc_board_nxp_lpcxpresso_1769\Debug\liblpc_board_nxp_lpcxpresso_1769.a(board.o)
 .debug_macro   0x000052e7      0x874 C:\Users\Richie\Home\LPCXpresso\digital_compass\lpc_board_nxp_lpcxpresso_1769\Debug\liblpc_board_nxp_lpcxpresso_1769.a(board.o)
 .debug_macro   0x00005b5b       0x10 C:\Users\Richie\Home\LPCXpresso\digital_compass\lpc_board_nxp_lpcxpresso_1769\Debug\liblpc_board_nxp_lpcxpresso_1769.a(board.o)
 .debug_macro   0x00005b6b      0x12d C:\Users\Richie\Home\LPCXpresso\digital_compass\lpc_board_nxp_lpcxpresso_1769\Debug\liblpc_board_nxp_lpcxpresso_1769.a(board.o)
 .debug_macro   0x00005c98      0x5b2 C:\Users\Richie\Home\LPCXpresso\digital_compass\lpc_board_nxp_lpcxpresso_1769\Debug\liblpc_board_nxp_lpcxpresso_1769.a(board.o)
 .debug_macro   0x0000624a       0x22 C:\Users\Richie\Home\LPCXpresso\digital_compass\lpc_board_nxp_lpcxpresso_1769\Debug\liblpc_board_nxp_lpcxpresso_1769.a(board.o)
 .debug_macro   0x0000626c       0x9a C:\Users\Richie\Home\LPCXpresso\digital_compass\lpc_board_nxp_lpcxpresso_1769\Debug\liblpc_board_nxp_lpcxpresso_1769.a(board.o)
 .debug_macro   0x00006306       0x12 C:\Users\Richie\Home\LPCXpresso\digital_compass\lpc_board_nxp_lpcxpresso_1769\Debug\liblpc_board_nxp_lpcxpresso_1769.a(board.o)
 .debug_macro   0x00006318      0x217 C:\Users\Richie\Home\LPCXpresso\digital_compass\lpc_board_nxp_lpcxpresso_1769\Debug\liblpc_board_nxp_lpcxpresso_1769.a(board_sysinit.o)
 .debug_macro   0x0000652f      0x1cd C:\Users\Richie\Home\LPCXpresso\digital_compass\lpc_chip_175x_6x\Debug\liblpc_chip_175x_6x.a(chip_17xx_40xx.o)
 .debug_macro   0x000066fc      0x1cd C:\Users\Richie\Home\LPCXpresso\digital_compass\lpc_chip_175x_6x\Debug\liblpc_chip_175x_6x.a(clock_17xx_40xx.o)
 .debug_macro   0x000068c9      0x1df C:\Users\Richie\Home\LPCXpresso\digital_compass\lpc_chip_175x_6x\Debug\liblpc_chip_175x_6x.a(i2c_17xx_40xx.o)
 .debug_macro   0x00006aa8      0x1cd C:\Users\Richie\Home\LPCXpresso\digital_compass\lpc_chip_175x_6x\Debug\liblpc_chip_175x_6x.a(iocon_17xx_40xx.o)
 .debug_macro   0x00006c75      0x1cd C:\Users\Richie\Home\LPCXpresso\digital_compass\lpc_chip_175x_6x\Debug\liblpc_chip_175x_6x.a(sysinit_17xx_40xx.o)
 .debug_macro   0x00006e42      0x1cd C:\Users\Richie\Home\LPCXpresso\digital_compass\lpc_chip_175x_6x\Debug\liblpc_chip_175x_6x.a(uart_17xx_40xx.o)

.debug_line     0x00000000     0x4ca2
 .debug_line    0x00000000       0xdc ./ecompass/src/cr_startup_lpc175x_6x.o
 .debug_line    0x000000dc      0x8c3 ./ecompass/src/ecompass.o
 .debug_line    0x0000099f      0x64a ./ecompass/src/main.o
 .debug_line    0x00000fe9      0x5ea ./ecompass/src/sysinit.o
 .debug_line    0x000015d3      0x838 C:\Users\Richie\Home\LPCXpresso\digital_compass\lpc_board_nxp_lpcxpresso_1769\Debug\liblpc_board_nxp_lpcxpresso_1769.a(board.o)
 .debug_line    0x00001e0b      0x4c5 C:\Users\Richie\Home\LPCXpresso\digital_compass\lpc_board_nxp_lpcxpresso_1769\Debug\liblpc_board_nxp_lpcxpresso_1769.a(board_sysinit.o)
 .debug_line    0x000022d0      0x451 C:\Users\Richie\Home\LPCXpresso\digital_compass\lpc_chip_175x_6x\Debug\liblpc_chip_175x_6x.a(chip_17xx_40xx.o)
 .debug_line    0x00002721      0x6c8 C:\Users\Richie\Home\LPCXpresso\digital_compass\lpc_chip_175x_6x\Debug\liblpc_chip_175x_6x.a(clock_17xx_40xx.o)
 .debug_line    0x00002de9      0x715 C:\Users\Richie\Home\LPCXpresso\digital_compass\lpc_chip_175x_6x\Debug\liblpc_chip_175x_6x.a(i2c_17xx_40xx.o)
 .debug_line    0x000034fe      0x43d C:\Users\Richie\Home\LPCXpresso\digital_compass\lpc_chip_175x_6x\Debug\liblpc_chip_175x_6x.a(iocon_17xx_40xx.o)
 .debug_line    0x0000393b      0x4c7 C:\Users\Richie\Home\LPCXpresso\digital_compass\lpc_chip_175x_6x\Debug\liblpc_chip_175x_6x.a(sysinit_17xx_40xx.o)
 .debug_line    0x00003e02      0x776 C:\Users\Richie\Home\LPCXpresso\digital_compass\lpc_chip_175x_6x\Debug\liblpc_chip_175x_6x.a(uart_17xx_40xx.o)
 .debug_line    0x00004578      0x101 c:/nxp/lpcxpresso_8.0.0_526/lpcxpresso/tools/bin/../lib/gcc/arm-none-eabi/4.9.3/../../../../arm-none-eabi/lib/armv7-m\libcr_newlib_semihost.a(_cr_sbrk.o)
 .debug_line    0x00004679      0x5dc c:/nxp/lpcxpresso_8.0.0_526/lpcxpresso/tools/bin/../lib/gcc/arm-none-eabi/4.9.3/../../../../arm-none-eabi/lib/armv7-m\libcr_newlib_semihost.a(syscalls.o)
 .debug_line    0x00004c55       0x4d c:/nxp/lpcxpresso_8.0.0_526/lpcxpresso/tools/bin/../lib/gcc/arm-none-eabi/4.9.3/../../../../arm-none-eabi/lib/armv7-m\libcr_newlib_semihost.a(_cr_check_heap.o)

.debug_str      0x00000000    0x183b2
 .debug_str     0x00000000     0x2639 ./ecompass/src/cr_startup_lpc175x_6x.o
                               0x264c (size before relaxing)
 .debug_str     0x00002639    0x11cea ./ecompass/src/ecompass.o
                              0x14414 (size before relaxing)
 .debug_str     0x00014323       0xec ./ecompass/src/main.o
                              0x13f29 (size before relaxing)
 .debug_str     0x0001440f       0x5a ./ecompass/src/sysinit.o
                              0x12d93 (size before relaxing)
 .debug_str     0x00014469     0x25dd C:\Users\Richie\Home\LPCXpresso\digital_compass\lpc_board_nxp_lpcxpresso_1769\Debug\liblpc_board_nxp_lpcxpresso_1769.a(board.o)
                              0x118d2 (size before relaxing)
 .debug_str     0x00016a46      0x22d C:\Users\Richie\Home\LPCXpresso\digital_compass\lpc_board_nxp_lpcxpresso_1769\Debug\liblpc_board_nxp_lpcxpresso_1769.a(board_sysinit.o)
                              0x10e0c (size before relaxing)
 .debug_str     0x00016c73       0xca C:\Users\Richie\Home\LPCXpresso\digital_compass\lpc_chip_175x_6x\Debug\liblpc_chip_175x_6x.a(chip_17xx_40xx.o)
                              0x10b03 (size before relaxing)
 .debug_str     0x00016d3d      0x851 C:\Users\Richie\Home\LPCXpresso\digital_compass\lpc_chip_175x_6x\Debug\liblpc_chip_175x_6x.a(clock_17xx_40xx.o)
                              0x11171 (size before relaxing)
 .debug_str     0x0001758e      0x498 C:\Users\Richie\Home\LPCXpresso\digital_compass\lpc_chip_175x_6x\Debug\liblpc_chip_175x_6x.a(i2c_17xx_40xx.o)
                              0x11181 (size before relaxing)
 .debug_str     0x00017a26       0x74 C:\Users\Richie\Home\LPCXpresso\digital_compass\lpc_chip_175x_6x\Debug\liblpc_chip_175x_6x.a(iocon_17xx_40xx.o)
                              0x105ee (size before relaxing)
 .debug_str     0x00017a9a       0xc4 C:\Users\Richie\Home\LPCXpresso\digital_compass\lpc_chip_175x_6x\Debug\liblpc_chip_175x_6x.a(sysinit_17xx_40xx.o)
                              0x107d6 (size before relaxing)
 .debug_str     0x00017b5e      0x3b5 C:\Users\Richie\Home\LPCXpresso\digital_compass\lpc_chip_175x_6x\Debug\liblpc_chip_175x_6x.a(uart_17xx_40xx.o)
                              0x11046 (size before relaxing)
 .debug_str     0x00017f13      0x17a c:/nxp/lpcxpresso_8.0.0_526/lpcxpresso/tools/bin/../lib/gcc/arm-none-eabi/4.9.3/../../../../arm-none-eabi/lib/armv7-m\libcr_newlib_semihost.a(_cr_sbrk.o)
                                0x213 (size before relaxing)
 .debug_str     0x0001808d      0x300 c:/nxp/lpcxpresso_8.0.0_526/lpcxpresso/tools/bin/../lib/gcc/arm-none-eabi/4.9.3/../../../../arm-none-eabi/lib/armv7-m\libcr_newlib_semihost.a(syscalls.o)
                                0x4e6 (size before relaxing)
 .debug_str     0x0001838d       0x25 c:/nxp/lpcxpresso_8.0.0_526/lpcxpresso/tools/bin/../lib/gcc/arm-none-eabi/4.9.3/../../../../arm-none-eabi/lib/armv7-m\libcr_newlib_semihost.a(_cr_check_heap.o)
                                0x161 (size before relaxing)

.comment        0x00000000       0xe0
 .comment       0x00000000       0x70 ./ecompass/src/cr_startup_lpc175x_6x.o
                                 0x71 (size before relaxing)
 .comment       0x00000000       0x71 ./ecompass/src/ecompass.o
 .comment       0x00000000       0x71 ./ecompass/src/main.o
 .comment       0x00000000       0x71 ./ecompass/src/sysinit.o
 .comment       0x00000000       0x71 C:\Users\Richie\Home\LPCXpresso\digital_compass\lpc_board_nxp_lpcxpresso_1769\Debug\liblpc_board_nxp_lpcxpresso_1769.a(board.o)
 .comment       0x00000000       0x71 C:\Users\Richie\Home\LPCXpresso\digital_compass\lpc_board_nxp_lpcxpresso_1769\Debug\liblpc_board_nxp_lpcxpresso_1769.a(board_sysinit.o)
 .comment       0x00000000       0x71 C:\Users\Richie\Home\LPCXpresso\digital_compass\lpc_chip_175x_6x\Debug\liblpc_chip_175x_6x.a(chip_17xx_40xx.o)
 .comment       0x00000000       0x71 C:\Users\Richie\Home\LPCXpresso\digital_compass\lpc_chip_175x_6x\Debug\liblpc_chip_175x_6x.a(clock_17xx_40xx.o)
 .comment       0x00000000       0x71 C:\Users\Richie\Home\LPCXpresso\digital_compass\lpc_chip_175x_6x\Debug\liblpc_chip_175x_6x.a(i2c_17xx_40xx.o)
 .comment       0x00000000       0x71 C:\Users\Richie\Home\LPCXpresso\digital_compass\lpc_chip_175x_6x\Debug\liblpc_chip_175x_6x.a(iocon_17xx_40xx.o)
 .comment       0x00000000       0x71 C:\Users\Richie\Home\LPCXpresso\digital_compass\lpc_chip_175x_6x\Debug\liblpc_chip_175x_6x.a(sysinit_17xx_40xx.o)
 .comment       0x00000000       0x71 C:\Users\Richie\Home\LPCXpresso\digital_compass\lpc_chip_175x_6x\Debug\liblpc_chip_175x_6x.a(uart_17xx_40xx.o)
 .comment       0x00000070       0x70 c:/nxp/lpcxpresso_8.0.0_526/lpcxpresso/tools/bin/../lib/gcc/arm-none-eabi/4.9.3/../../../../arm-none-eabi/lib/armv7-m\libcr_newlib_semihost.a(_cr_sbrk.o)
                                 0x71 (size before relaxing)
 .comment       0x00000000       0x71 c:/nxp/lpcxpresso_8.0.0_526/lpcxpresso/tools/bin/../lib/gcc/arm-none-eabi/4.9.3/../../../../arm-none-eabi/lib/armv7-m\libcr_newlib_semihost.a(syscalls.o)
 .comment       0x00000000       0x71 c:/nxp/lpcxpresso_8.0.0_526/lpcxpresso/tools/bin/../lib/gcc/arm-none-eabi/4.9.3/../../../../arm-none-eabi/lib/armv7-m\libcr_newlib_semihost.a(_cr_check_heap.o)

.ARM.attributes
                0x00000000       0x33
 .ARM.attributes
                0x00000000       0x33 ./ecompass/src/cr_startup_lpc175x_6x.o
 .ARM.attributes
                0x00000033       0x33 ./ecompass/src/ecompass.o
 .ARM.attributes
                0x00000066       0x33 ./ecompass/src/main.o
 .ARM.attributes
                0x00000099       0x33 ./ecompass/src/sysinit.o
 .ARM.attributes
                0x000000cc       0x33 C:\Users\Richie\Home\LPCXpresso\digital_compass\lpc_board_nxp_lpcxpresso_1769\Debug\liblpc_board_nxp_lpcxpresso_1769.a(board.o)
 .ARM.attributes
                0x000000ff       0x33 C:\Users\Richie\Home\LPCXpresso\digital_compass\lpc_board_nxp_lpcxpresso_1769\Debug\liblpc_board_nxp_lpcxpresso_1769.a(board_sysinit.o)
 .ARM.attributes
                0x00000132       0x33 C:\Users\Richie\Home\LPCXpresso\digital_compass\lpc_chip_175x_6x\Debug\liblpc_chip_175x_6x.a(chip_17xx_40xx.o)
 .ARM.attributes
                0x00000165       0x33 C:\Users\Richie\Home\LPCXpresso\digital_compass\lpc_chip_175x_6x\Debug\liblpc_chip_175x_6x.a(clock_17xx_40xx.o)
 .ARM.attributes
                0x00000198       0x33 C:\Users\Richie\Home\LPCXpresso\digital_compass\lpc_chip_175x_6x\Debug\liblpc_chip_175x_6x.a(i2c_17xx_40xx.o)
 .ARM.attributes
                0x000001cb       0x33 C:\Users\Richie\Home\LPCXpresso\digital_compass\lpc_chip_175x_6x\Debug\liblpc_chip_175x_6x.a(iocon_17xx_40xx.o)
 .ARM.attributes
                0x000001fe       0x33 C:\Users\Richie\Home\LPCXpresso\digital_compass\lpc_chip_175x_6x\Debug\liblpc_chip_175x_6x.a(sysinit_17xx_40xx.o)
 .ARM.attributes
                0x00000231       0x33 C:\Users\Richie\Home\LPCXpresso\digital_compass\lpc_chip_175x_6x\Debug\liblpc_chip_175x_6x.a(uart_17xx_40xx.o)
 .ARM.attributes
                0x00000264       0x1d c:/nxp/lpcxpresso_8.0.0_526/lpcxpresso/tools/bin/../lib/gcc/arm-none-eabi/4.9.3/armv7-m\libgcc.a(_arm_addsubdf3.o)
 .ARM.attributes
                0x00000281       0x1d c:/nxp/lpcxpresso_8.0.0_526/lpcxpresso/tools/bin/../lib/gcc/arm-none-eabi/4.9.3/armv7-m\libgcc.a(_arm_muldivdf3.o)
 .ARM.attributes
                0x0000029e       0x1d c:/nxp/lpcxpresso_8.0.0_526/lpcxpresso/tools/bin/../lib/gcc/arm-none-eabi/4.9.3/armv7-m\libgcc.a(_arm_fixdfsi.o)
 .ARM.attributes
                0x000002bb       0x1d c:/nxp/lpcxpresso_8.0.0_526/lpcxpresso/tools/bin/../lib/gcc/arm-none-eabi/4.9.3/armv7-m\libgcc.a(_arm_truncdfsf2.o)
 .ARM.attributes
                0x000002d8       0x1d c:/nxp/lpcxpresso_8.0.0_526/lpcxpresso/tools/bin/../lib/gcc/arm-none-eabi/4.9.3/armv7-m\libgcc.a(_arm_addsubsf3.o)
 .ARM.attributes
                0x000002f5       0x1d c:/nxp/lpcxpresso_8.0.0_526/lpcxpresso/tools/bin/../lib/gcc/arm-none-eabi/4.9.3/armv7-m\libgcc.a(_arm_muldivsf3.o)
 .ARM.attributes
                0x00000312       0x1d c:/nxp/lpcxpresso_8.0.0_526/lpcxpresso/tools/bin/../lib/gcc/arm-none-eabi/4.9.3/armv7-m\libgcc.a(_arm_cmpsf2.o)
 .ARM.attributes
                0x0000032f       0x1d c:/nxp/lpcxpresso_8.0.0_526/lpcxpresso/tools/bin/../lib/gcc/arm-none-eabi/4.9.3/armv7-m\libgcc.a(_arm_fixsfsi.o)
 .ARM.attributes
                0x0000034c       0x2d c:/nxp/lpcxpresso_8.0.0_526/lpcxpresso/tools/bin/../lib/gcc/arm-none-eabi/4.9.3/../../../../arm-none-eabi/lib/armv7-m\libc_nano.a(lib_a-printf.o)
 .ARM.attributes
                0x00000379       0x2d c:/nxp/lpcxpresso_8.0.0_526/lpcxpresso/tools/bin/../lib/gcc/arm-none-eabi/4.9.3/../../../../arm-none-eabi/lib/armv7-m\libc_nano.a(lib_a-findfp.o)
 .ARM.attributes
                0x000003a6       0x2d c:/nxp/lpcxpresso_8.0.0_526/lpcxpresso/tools/bin/../lib/gcc/arm-none-eabi/4.9.3/../../../../arm-none-eabi/lib/armv7-m\libc_nano.a(lib_a-fwalk.o)
 .ARM.attributes
                0x000003d3       0x2d c:/nxp/lpcxpresso_8.0.0_526/lpcxpresso/tools/bin/../lib/gcc/arm-none-eabi/4.9.3/../../../../arm-none-eabi/lib/armv7-m\libc_nano.a(lib_a-impure.o)
 .ARM.attributes
                0x00000400       0x2d c:/nxp/lpcxpresso_8.0.0_526/lpcxpresso/tools/bin/../lib/gcc/arm-none-eabi/4.9.3/../../../../arm-none-eabi/lib/armv7-m\libc_nano.a(lib_a-memset.o)
 .ARM.attributes
                0x0000042d       0x2d c:/nxp/lpcxpresso_8.0.0_526/lpcxpresso/tools/bin/../lib/gcc/arm-none-eabi/4.9.3/../../../../arm-none-eabi/lib/armv7-m\libc_nano.a(lib_a-nano-mallocr.o)
 .ARM.attributes
                0x0000045a       0x2d c:/nxp/lpcxpresso_8.0.0_526/lpcxpresso/tools/bin/../lib/gcc/arm-none-eabi/4.9.3/../../../../arm-none-eabi/lib/armv7-m\libc_nano.a(lib_a-nano-vfprintf.o)
 .ARM.attributes
                0x00000487       0x2d c:/nxp/lpcxpresso_8.0.0_526/lpcxpresso/tools/bin/../lib/gcc/arm-none-eabi/4.9.3/../../../../arm-none-eabi/lib/armv7-m\libc_nano.a(lib_a-nano-vfprintf_i.o)
 .ARM.attributes
                0x000004b4       0x2d c:/nxp/lpcxpresso_8.0.0_526/lpcxpresso/tools/bin/../lib/gcc/arm-none-eabi/4.9.3/../../../../arm-none-eabi/lib/armv7-m\libc_nano.a(lib_a-sbrkr.o)
 .ARM.attributes
                0x000004e1       0x2d c:/nxp/lpcxpresso_8.0.0_526/lpcxpresso/tools/bin/../lib/gcc/arm-none-eabi/4.9.3/../../../../arm-none-eabi/lib/armv7-m\libc_nano.a(lib_a-stdio.o)
 .ARM.attributes
                0x0000050e       0x2d c:/nxp/lpcxpresso_8.0.0_526/lpcxpresso/tools/bin/../lib/gcc/arm-none-eabi/4.9.3/../../../../arm-none-eabi/lib/armv7-m\libc_nano.a(lib_a-wbuf.o)
 .ARM.attributes
                0x0000053b       0x2d c:/nxp/lpcxpresso_8.0.0_526/lpcxpresso/tools/bin/../lib/gcc/arm-none-eabi/4.9.3/../../../../arm-none-eabi/lib/armv7-m\libc_nano.a(lib_a-writer.o)
 .ARM.attributes
                0x00000568       0x2d c:/nxp/lpcxpresso_8.0.0_526/lpcxpresso/tools/bin/../lib/gcc/arm-none-eabi/4.9.3/../../../../arm-none-eabi/lib/armv7-m\libc_nano.a(lib_a-wsetup.o)
 .ARM.attributes
                0x00000595       0x2d c:/nxp/lpcxpresso_8.0.0_526/lpcxpresso/tools/bin/../lib/gcc/arm-none-eabi/4.9.3/../../../../arm-none-eabi/lib/armv7-m\libc_nano.a(lib_a-closer.o)
 .ARM.attributes
                0x000005c2       0x2d c:/nxp/lpcxpresso_8.0.0_526/lpcxpresso/tools/bin/../lib/gcc/arm-none-eabi/4.9.3/../../../../arm-none-eabi/lib/armv7-m\libc_nano.a(lib_a-fflush.o)
 .ARM.attributes
                0x000005ef       0x2d c:/nxp/lpcxpresso_8.0.0_526/lpcxpresso/tools/bin/../lib/gcc/arm-none-eabi/4.9.3/../../../../arm-none-eabi/lib/armv7-m\libc_nano.a(lib_a-lseekr.o)
 .ARM.attributes
                0x0000061c       0x2d c:/nxp/lpcxpresso_8.0.0_526/lpcxpresso/tools/bin/../lib/gcc/arm-none-eabi/4.9.3/../../../../arm-none-eabi/lib/armv7-m\libc_nano.a(lib_a-makebuf.o)
 .ARM.attributes
                0x00000649       0x2d c:/nxp/lpcxpresso_8.0.0_526/lpcxpresso/tools/bin/../lib/gcc/arm-none-eabi/4.9.3/../../../../arm-none-eabi/lib/armv7-m\libc_nano.a(lib_a-memchr.o)
 .ARM.attributes
                0x00000676       0x2d c:/nxp/lpcxpresso_8.0.0_526/lpcxpresso/tools/bin/../lib/gcc/arm-none-eabi/4.9.3/../../../../arm-none-eabi/lib/armv7-m\libc_nano.a(lib_a-nano-freer.o)
 .ARM.attributes
                0x000006a3       0x2d c:/nxp/lpcxpresso_8.0.0_526/lpcxpresso/tools/bin/../lib/gcc/arm-none-eabi/4.9.3/../../../../arm-none-eabi/lib/armv7-m\libc_nano.a(lib_a-readr.o)
 .ARM.attributes
                0x000006d0       0x2d c:/nxp/lpcxpresso_8.0.0_526/lpcxpresso/tools/bin/../lib/gcc/arm-none-eabi/4.9.3/../../../../arm-none-eabi/lib/armv7-m\libc_nano.a(lib_a-reent.o)
 .ARM.attributes
                0x000006fd       0x2d c:/nxp/lpcxpresso_8.0.0_526/lpcxpresso/tools/bin/../lib/gcc/arm-none-eabi/4.9.3/../../../../arm-none-eabi/lib/armv7-m\libc_nano.a(lib_a-fstatr.o)
 .ARM.attributes
                0x0000072a       0x2d c:/nxp/lpcxpresso_8.0.0_526/lpcxpresso/tools/bin/../lib/gcc/arm-none-eabi/4.9.3/../../../../arm-none-eabi/lib/armv7-m\libc_nano.a(lib_a-isattyr.o)
 .ARM.attributes
                0x00000757       0x2d c:/nxp/lpcxpresso_8.0.0_526/lpcxpresso/tools/bin/../lib/gcc/arm-none-eabi/4.9.3/../../../../arm-none-eabi/lib/armv7-m\libm.a(lib_a-w_atan2.o)
 .ARM.attributes
                0x00000784       0x2d c:/nxp/lpcxpresso_8.0.0_526/lpcxpresso/tools/bin/../lib/gcc/arm-none-eabi/4.9.3/../../../../arm-none-eabi/lib/armv7-m\libm.a(lib_a-w_sqrt.o)
 .ARM.attributes
                0x000007b1       0x2d c:/nxp/lpcxpresso_8.0.0_526/lpcxpresso/tools/bin/../lib/gcc/arm-none-eabi/4.9.3/../../../../arm-none-eabi/lib/armv7-m\libm.a(lib_a-e_atan2.o)
 .ARM.attributes
                0x000007de       0x2d c:/nxp/lpcxpresso_8.0.0_526/lpcxpresso/tools/bin/../lib/gcc/arm-none-eabi/4.9.3/../../../../arm-none-eabi/lib/armv7-m\libm.a(lib_a-e_sqrt.o)
 .ARM.attributes
                0x0000080b       0x2d c:/nxp/lpcxpresso_8.0.0_526/lpcxpresso/tools/bin/../lib/gcc/arm-none-eabi/4.9.3/../../../../arm-none-eabi/lib/armv7-m\libm.a(lib_a-s_atan.o)
 .ARM.attributes
                0x00000838       0x2d c:/nxp/lpcxpresso_8.0.0_526/lpcxpresso/tools/bin/../lib/gcc/arm-none-eabi/4.9.3/../../../../arm-none-eabi/lib/armv7-m\libm.a(lib_a-s_fabs.o)
 .ARM.attributes
                0x00000865       0x2d c:/nxp/lpcxpresso_8.0.0_526/lpcxpresso/tools/bin/../lib/gcc/arm-none-eabi/4.9.3/../../../../arm-none-eabi/lib/armv7-m\libm.a(lib_a-s_fpclassify.o)
 .ARM.attributes
                0x00000892       0x2d c:/nxp/lpcxpresso_8.0.0_526/lpcxpresso/tools/bin/../lib/gcc/arm-none-eabi/4.9.3/../../../../arm-none-eabi/lib/armv7-m\libm.a(lib_a-s_lib_ver.o)
 .ARM.attributes
                0x000008bf       0x2d c:/nxp/lpcxpresso_8.0.0_526/lpcxpresso/tools/bin/../lib/gcc/arm-none-eabi/4.9.3/../../../../arm-none-eabi/lib/armv7-m\libm.a(lib_a-s_matherr.o)
 .ARM.attributes
                0x000008ec       0x33 c:/nxp/lpcxpresso_8.0.0_526/lpcxpresso/tools/bin/../lib/gcc/arm-none-eabi/4.9.3/../../../../arm-none-eabi/lib/armv7-m\libcr_newlib_semihost.a(_cr_sbrk.o)
 .ARM.attributes
                0x0000091f       0x33 c:/nxp/lpcxpresso_8.0.0_526/lpcxpresso/tools/bin/../lib/gcc/arm-none-eabi/4.9.3/../../../../arm-none-eabi/lib/armv7-m\libcr_newlib_semihost.a(syscalls.o)
 .ARM.attributes
                0x00000952       0x33 c:/nxp/lpcxpresso_8.0.0_526/lpcxpresso/tools/bin/../lib/gcc/arm-none-eabi/4.9.3/../../../../arm-none-eabi/lib/armv7-m\libcr_newlib_semihost.a(_cr_check_heap.o)
 .ARM.attributes
                0x00000985       0x1d c:/nxp/lpcxpresso_8.0.0_526/lpcxpresso/tools/bin/../lib/gcc/arm-none-eabi/4.9.3/armv7-m\libgcc.a(_arm_cmpdf2.o)
 .ARM.attributes
                0x000009a2       0x2d c:/nxp/lpcxpresso_8.0.0_526/lpcxpresso/tools/bin/../lib/gcc/arm-none-eabi/4.9.3/../../../../arm-none-eabi/lib/armv7-m\libc_nano.a(lib_a-errno.o)

.debug_frame    0x00000000     0x2808
 .debug_frame   0x00000000      0x170 ./ecompass/src/cr_startup_lpc175x_6x.o
 .debug_frame   0x00000170      0x354 ./ecompass/src/ecompass.o
 .debug_frame   0x000004c4       0x2c ./ecompass/src/main.o
 .debug_frame   0x000004f0       0x34 ./ecompass/src/sysinit.o
 .debug_frame   0x00000524      0x5d4 C:\Users\Richie\Home\LPCXpresso\digital_compass\lpc_board_nxp_lpcxpresso_1769\Debug\liblpc_board_nxp_lpcxpresso_1769.a(board.o)
 .debug_frame   0x00000af8       0x8c C:\Users\Richie\Home\LPCXpresso\digital_compass\lpc_board_nxp_lpcxpresso_1769\Debug\liblpc_board_nxp_lpcxpresso_1769.a(board_sysinit.o)
 .debug_frame   0x00000b84       0x88 C:\Users\Richie\Home\LPCXpresso\digital_compass\lpc_chip_175x_6x\Debug\liblpc_chip_175x_6x.a(chip_17xx_40xx.o)
 .debug_frame   0x00000c0c      0x490 C:\Users\Richie\Home\LPCXpresso\digital_compass\lpc_chip_175x_6x\Debug\liblpc_chip_175x_6x.a(clock_17xx_40xx.o)
 .debug_frame   0x0000109c      0x4c8 C:\Users\Richie\Home\LPCXpresso\digital_compass\lpc_chip_175x_6x\Debug\liblpc_chip_175x_6x.a(i2c_17xx_40xx.o)
 .debug_frame   0x00001564       0x88 C:\Users\Richie\Home\LPCXpresso\digital_compass\lpc_chip_175x_6x\Debug\liblpc_chip_175x_6x.a(iocon_17xx_40xx.o)