Archive member included because of file (symbol)

C:\Users\Richie\Documents\LPCXpresso_8.0.0_526\workspace\lpc_board_nxp_lpcxpresso_1769\Debug\liblpc_board_nxp_lpcxpresso_1769.a(board.o)
                              ./ecompass/src/main.o (Board_Init)
C:\Users\Richie\Documents\LPCXpresso_8.0.0_526\workspace\lpc_board_nxp_lpcxpresso_1769\Debug\liblpc_board_nxp_lpcxpresso_1769.a(board_sysinit.o)
                              ./ecompass/src/sysinit.o (Board_SystemInit)
C:\Users\Richie\Documents\LPCXpresso_8.0.0_526\workspace\lpc_chip_175x_6x\Debug\liblpc_chip_175x_6x.a(chip_17xx_40xx.o)
                              ./ecompass/src/main.o (SystemCoreClockUpdate)
C:\Users\Richie\Documents\LPCXpresso_8.0.0_526\workspace\lpc_chip_175x_6x\Debug\liblpc_chip_175x_6x.a(clock_17xx_40xx.o)
                              C:\Users\Richie\Documents\LPCXpresso_8.0.0_526\workspace\lpc_chip_175x_6x\Debug\liblpc_chip_175x_6x.a(chip_17xx_40xx.o) (Chip_Clock_EnablePLL)
C:\Users\Richie\Documents\LPCXpresso_8.0.0_526\workspace\lpc_chip_175x_6x\Debug\liblpc_chip_175x_6x.a(i2c_17xx_40xx.o)
                              ./ecompass/src/ecompass.o (Chip_I2C_EventHandler)
C:\Users\Richie\Documents\LPCXpresso_8.0.0_526\workspace\lpc_chip_175x_6x\Debug\liblpc_chip_175x_6x.a(i2s_17xx_40xx.o)
                              C:\Users\Richie\Documents\LPCXpresso_8.0.0_526\workspace\lpc_board_nxp_lpcxpresso_1769\Debug\liblpc_board_nxp_lpcxpresso_1769.a(board.o) (Chip_I2S_Init)
C:\Users\Richie\Documents\LPCXpresso_8.0.0_526\workspace\lpc_chip_175x_6x\Debug\liblpc_chip_175x_6x.a(iocon_17xx_40xx.o)
                              C:\Users\Richie\Documents\LPCXpresso_8.0.0_526\workspace\lpc_board_nxp_lpcxpresso_1769\Debug\liblpc_board_nxp_lpcxpresso_1769.a(board.o) (Chip_IOCON_PinMux)
C:\Users\Richie\Documents\LPCXpresso_8.0.0_526\workspace\lpc_chip_175x_6x\Debug\liblpc_chip_175x_6x.a(sysinit_17xx_40xx.o)
                              C:\Users\Richie\Documents\LPCXpresso_8.0.0_526\workspace\lpc_board_nxp_lpcxpresso_1769\Debug\liblpc_board_nxp_lpcxpresso_1769.a(board_sysinit.o) (Chip_SetupXtalClocking)
C:\Users\Richie\Documents\LPCXpresso_8.0.0_526\workspace\lpc_chip_175x_6x\Debug\liblpc_chip_175x_6x.a(uart_17xx_40xx.o)
                              C:\Users\Richie\Documents\LPCXpresso_8.0.0_526\workspace\lpc_board_nxp_lpcxpresso_1769\Debug\liblpc_board_nxp_lpcxpresso_1769.a(board.o) (Chip_UART_Init)
C:\Users\Richie\Documents\LPCXpresso_8.0.0_526\workspace\lpc_chip_175x_6x\Debug\liblpc_chip_175x_6x.a(ring_buffer.o)
                              C:\Users\Richie\Documents\LPCXpresso_8.0.0_526\workspace\lpc_chip_175x_6x\Debug\liblpc_chip_175x_6x.a(uart_17xx_40xx.o) (RingBuffer_Insert)
c:/nxp/lpcxpresso_8.0.0_526/lpcxpresso/tools/bin/../lib/gcc/arm-none-eabi/4.9.3/armv7-m\libgcc.a(_arm_addsubdf3.o)
                              ./ecompass/src/ecompass.o (__aeabi_i2d)
c:/nxp/lpcxpresso_8.0.0_526/lpcxpresso/tools/bin/../lib/gcc/arm-none-eabi/4.9.3/armv7-m\libgcc.a(_arm_muldivdf3.o)
                              ./ecompass/src/ecompass.o (__aeabi_dmul)
c:/nxp/lpcxpresso_8.0.0_526/lpcxpresso/tools/bin/../lib/gcc/arm-none-eabi/4.9.3/armv7-m\libgcc.a(_arm_fixdfsi.o)
                              ./ecompass/src/ecompass.o (__aeabi_d2iz)
c:/nxp/lpcxpresso_8.0.0_526/lpcxpresso/tools/bin/../lib/gcc/arm-none-eabi/4.9.3/armv7-m\libgcc.a(_arm_truncdfsf2.o)
                              ./ecompass/src/ecompass.o (__aeabi_d2f)
c:/nxp/lpcxpresso_8.0.0_526/lpcxpresso/tools/bin/../lib/gcc/arm-none-eabi/4.9.3/armv7-m\libgcc.a(_arm_addsubsf3.o)
                              ./ecompass/src/ecompass.o (__aeabi_fsub)
c:/nxp/lpcxpresso_8.0.0_526/lpcxpresso/tools/bin/../lib/gcc/arm-none-eabi/4.9.3/armv7-m\libgcc.a(_arm_muldivsf3.o)
                              ./ecompass/src/ecompass.o (__aeabi_fmul)
c:/nxp/lpcxpresso_8.0.0_526/lpcxpresso/tools/bin/../lib/gcc/arm-none-eabi/4.9.3/armv7-m\libgcc.a(_arm_cmpsf2.o)
                              ./ecompass/src/ecompass.o (__aeabi_fcmplt)
c:/nxp/lpcxpresso_8.0.0_526/lpcxpresso/tools/bin/../lib/gcc/arm-none-eabi/4.9.3/armv7-m\libgcc.a(_arm_fixsfsi.o)
                              ./ecompass/src/ecompass.o (__aeabi_f2iz)
c:/nxp/lpcxpresso_8.0.0_526/lpcxpresso/tools/bin/../lib/gcc/arm-none-eabi/4.9.3/armv7-m\libgcc.a(_aeabi_uldivmod.o)
                              C:\Users\Richie\Documents\LPCXpresso_8.0.0_526\workspace\lpc_chip_175x_6x\Debug\liblpc_chip_175x_6x.a(i2s_17xx_40xx.o) (__aeabi_uldivmod)
c:/nxp/lpcxpresso_8.0.0_526/lpcxpresso/tools/bin/../lib/gcc/arm-none-eabi/4.9.3/armv7-m\libgcc.a(bpabi.o)
                              c:/nxp/lpcxpresso_8.0.0_526/lpcxpresso/tools/bin/../lib/gcc/arm-none-eabi/4.9.3/armv7-m\libgcc.a(_aeabi_uldivmod.o) (__gnu_uldivmod_helper)
c:/nxp/lpcxpresso_8.0.0_526/lpcxpresso/tools/bin/../lib/gcc/arm-none-eabi/4.9.3/armv7-m\libgcc.a(_dvmd_tls.o)
[...]
Memory Configuration

Name             Origin             Length             Attributes
MFlash512        0x00000000         0x00080000         xr
RamLoc32         0x10000000         0x00008000         xrw
RamAHB32         0x2007c000         0x00008000         xrw
*default*        0x00000000         0xffffffff

Linker script and memory map

LOAD ./ecompass/src/cr_startup_lpc175x_6x.o
LOAD ./ecompass/src/ecompass.o
LOAD ./ecompass/src/main.o
LOAD ./ecompass/src/sysinit.o
LOAD C:\Users\Richie\Documents\LPCXpresso_8.0.0_526\workspace\lpc_board_nxp_lpcxpresso_1769\Debug\liblpc_board_nxp_lpcxpresso_1769.a
LOAD C:\Users\Richie\Documents\LPCXpresso_8.0.0_526\workspace\lpc_chip_175x_6x\Debug\liblpc_chip_175x_6x.a
START GROUP
LOAD c:/nxp/lpcxpresso_8.0.0_526/lpcxpresso/tools/bin/../lib/gcc/arm-none-eabi/4.9.3/armv7-m\libgcc.a
LOAD c:/nxp/lpcxpresso_8.0.0_526/lpcxpresso/tools/bin/../lib/gcc/arm-none-eabi/4.9.3/../../../../arm-none-eabi/lib/armv7-m\libc_nano.a
LOAD c:/nxp/lpcxpresso_8.0.0_526/lpcxpresso/tools/bin/../lib/gcc/arm-none-eabi/4.9.3/../../../../arm-none-eabi/lib/armv7-m\libm.a
LOAD c:/nxp/lpcxpresso_8.0.0_526/lpcxpresso/tools/bin/../lib/gcc/arm-none-eabi/4.9.3/../../../../arm-none-eabi/lib/armv7-m\libcr_newlib_semihost.a
END GROUP
                0x00000000                __base_MFlash512 = 0x0
                0x00000000                __base_Flash = 0x0
                0x00080000                __top_MFlash512 = 0x80000
                0x00080000                __top_Flash = 0x80000
                0x10000000                __base_RamLoc32 = 0x10000000
                0x10000000                __base_RAM = 0x10000000
                0x10008000                __top_RamLoc32 = 0x10008000
                0x10008000                __top_RAM = 0x10008000
                0x2007c000                __base_RamAHB32 = 0x2007c000
                0x2007c000                __base_RAM2 = 0x2007c000
                0x20084000                __top_RamAHB32 = 0x20084000
                0x20084000                __top_RAM2 = 0x20084000

.text           0x00000000     0x500c
 FILL mask 0xff
                0x00000000                __vectors_start__ = ABSOLUTE (.)
 *(.isr_vector)
 .isr_vector    0x00000000       0xcc ./ecompass/src/cr_startup_lpc175x_6x.o
                0x00000000                g_pfnVectors
                0x000000cc                . = ALIGN (0x4)
                0x000000cc                __section_table_start = .
                0x000000cc                __data_section_table = .
                0x000000cc        0x4 LONG 0x500c LOADADDR (.data)
                0x000000d0        0x4 LONG 0x10000000 ADDR (.data)
                0x000000d4        0x4 LONG 0xc0 SIZEOF (.data)
                0x000000d8        0x4 LONG 0x500c LOADADDR (.data_RAM2)
                0x000000dc        0x4 LONG 0x2007c000 ADDR (.data_RAM2)
                0x000000e0        0x4 LONG 0x0 SIZEOF (.data_RAM2)
                0x000000e4                __data_section_table_end = .
                0x000000e4                __bss_section_table = .
                0x000000e4        0x4 LONG 0x100000c0 ADDR (.bss)
                0x000000e8        0x4 LONG 0xf8 SIZEOF (.bss)
                0x000000ec        0x4 LONG 0x2007c000 ADDR (.bss_RAM2)
                0x000000f0        0x4 LONG 0x0 SIZEOF (.bss_RAM2)
                0x000000f4                __bss_section_table_end = .
                0x000000f4                __section_table_end = .
 *(.after_vectors*)
 .after_vectors
                0x000000f4      0x144 ./ecompass/src/cr_startup_lpc175x_6x.o
                0x000000f4                data_init
                0x00000138                bss_init
                0x00000170                ResetISR
                0x000001e8                NMI_Handler
                0x000001f0                HardFault_Handler
                0x000001f8                MemManage_Handler
                0x00000200                BusFault_Handler
                0x00000208                UsageFault_Handler
                0x00000210                SVC_Handler
                0x00000218                DebugMon_Handler
                0x00000220                PendSV_Handler
                0x00000230                EINT3_IRQHandler
                0x00000230                CANActivity_IRQHandler
                0x00000230                TIMER3_IRQHandler
                0x00000230                UART0_IRQHandler
                0x00000230                USBActivity_IRQHandler
                0x00000230                UART1_IRQHandler
                0x00000230                IntDefaultHandler
                0x00000230                PLL0_IRQHandler
                0x00000230                CAN_IRQHandler
                0x00000230                PLL1_IRQHandler
                0x00000230                I2C0_IRQHandler
                0x00000230                EINT2_IRQHandler
                0x00000230                I2C2_IRQHandler
                0x00000230                RTC_IRQHandler
                0x00000230                TIMER0_IRQHandler
                0x00000230                SPI_IRQHandler
                0x00000230                RIT_IRQHandler
                0x00000230                EINT1_IRQHandler
                0x00000230                TIMER1_IRQHandler
                0x00000230                UART2_IRQHandler
                0x00000230                ADC_IRQHandler
                0x00000230                SSP1_IRQHandler
                0x00000230                USB_IRQHandler
                0x00000230                BOD_IRQHandler
                0x00000230                PWM1_IRQHandler
                0x00000230                WDT_IRQHandler
                0x00000230                I2S_IRQHandler
                0x00000230                QEI_IRQHandler
                0x00000230                EINT0_IRQHandler
                0x00000230                ETH_IRQHandler
                0x00000230                SSP0_IRQHandler
                0x00000230                DMA_IRQHandler
                0x00000230                TIMER2_IRQHandler
                0x00000230                UART3_IRQHandler
                0x00000230                MCPWM_IRQHandler
 *(.text*)
 .text.NVIC_EnableIRQ
                0x00000238       0x30 ./ecompass/src/ecompass.o
 .text.NVIC_DisableIRQ
                0x00000268       0x34 ./ecompass/src/ecompass.o
 .text.I2C_Init
                0x0000029c       0x38 ./ecompass/src/ecompass.o
                0x0000029c                I2C_Init
 .text.I2C_Set_Mode
                0x000002d4       0x88 ./ecompass/src/ecompass.o
                0x000002d4                I2C_Set_Mode
 .text.i2c_state_handling
                0x0000035c       0x30 ./ecompass/src/ecompass.o
 .text.I2C1_IRQHandler
                0x0000038c        0xc ./ecompass/src/ecompass.o
                0x0000038c                I2C1_IRQHandler
 .text.SysTick_Handler
                0x00000398        0xc ./ecompass/src/ecompass.o
                0x00000398                SysTick_Handler
 .text.Compass_Init
                0x000003a4       0x58 ./ecompass/src/ecompass.o
                0x000003a4                Compass_Init
 .text.Compass_Test
                0x000003fc       0x30 ./ecompass/src/ecompass.o
                0x000003fc                Compass_Test
 .text.writeReg
                0x0000042c       0x38 ./ecompass/src/ecompass.o
                0x0000042c                writeReg
 .text.readReg  0x00000464       0x44 ./ecompass/src/ecompass.o
                0x00000464                readReg
 .text.isClosed
                0x000004a8      0x188 ./ecompass/src/ecompass.o
                0x000004a8                isClosed
 .text.readCompass
                0x00000630       0x1c ./ecompass/src/ecompass.o
                0x00000630                readCompass
 *fill*         0x0000064c        0x4 
 .text.accRead  0x00000650       0xf8 ./ecompass/src/ecompass.o
                0x00000650                accRead
 .text.magRead  0x00000748       0xf8 ./ecompass/src/ecompass.o
                0x00000748                magRead
 .text.getHead  0x00000840       0x30 ./ecompass/src/ecompass.o
                0x00000840                getHead
 .text.calcHeading
                0x00000870      0x208 ./ecompass/src/ecompass.o
                0x00000870                calcHeading
 .text.getPosition
                0x00000a78       0x1c ./ecompass/src/ecompass.o
                0x00000a78                getPosition
 .text.setClosedPosition
                0x00000a94       0x1c ./ecompass/src/ecompass.o
                0x00000a94                setClosedPosition
 .text.vector_dot
                0x00000ab0       0x68 ./ecompass/src/ecompass.o
                0x00000ab0                vector_dot
 .text.vector_cross
                0x00000b18       0xc8 ./ecompass/src/ecompass.o
                0x00000b18                vector_cross
 .text.vector_normalize
                0x00000be0       0x6c ./ecompass/src/ecompass.o
                0x00000be0                vector_normalize
 .text.main     0x00000c4c       0x50 ./ecompass/src/main.o
                0x00000c4c                main
 .text.SystemInit
                0x00000c9c       0x24 ./ecompass/src/sysinit.o
                0x00000c9c                SystemInit
 .text.Chip_IOCON_Init
                0x00000cc0       0x14 C:\Users\Richie\Documents\LPCXpresso_8.0.0_526\workspace\lpc_board_nxp_lpcxpresso_1769\Debug\liblpc_board_nxp_lpcxpresso_1769.a(board.o)
 .text.Chip_IOCON_EnableOD
                0x00000cd4       0x38 C:\Users\Richie\Documents\LPCXpresso_8.0.0_526\workspace\lpc_board_nxp_lpcxpresso_1769\Debug\liblpc_board_nxp_lpcxpresso_1769.a(board.o)
 .text.Chip_IOCON_SetI2CPad
                0x00000d0c       0x1c C:\Users\Richie\Documents\LPCXpresso_8.0.0_526\workspace\lpc_board_nxp_lpcxpresso_1769\Debug\liblpc_board_nxp_lpcxpresso_1769.a(board.o)
 .text.Chip_GPIO_Init
                0x00000d28       0x14 C:\Users\Richie\Documents\LPCXpresso_8.0.0_526\workspace\lpc_board_nxp_lpcxpresso_1769\Debug\liblpc_board_nxp_lpcxpresso_1769.a(board.o)
 .text.Chip_GPIO_SetPinDIROutput
                0x00000d3c       0x38 C:\Users\Richie\Documents\LPCXpresso_8.0.0_526\workspace\lpc_board_nxp_lpcxpresso_1769\Debug\liblpc_board_nxp_lpcxpresso_1769.a(board.o)
 .text.Chip_GPIO_SetPinDIRInput
                0x00000d74       0x3c C:\Users\Richie\Documents\LPCXpresso_8.0.0_526\workspace\lpc_board_nxp_lpcxpresso_1769\Debug\liblpc_board_nxp_lpcxpresso_1769.a(board.o)
 .text.Chip_GPIO_SetPinDIR
                0x00000db0       0x44 C:\Users\Richie\Documents\LPCXpresso_8.0.0_526\workspace\lpc_board_nxp_lpcxpresso_1769\Debug\liblpc_board_nxp_lpcxpresso_1769.a(board.o)
 .text.Chip_GPIO_WriteDirBit
                0x00000df4       0x2c C:\Users\Richie\Documents\LPCXpresso_8.0.0_526\workspace\lpc_board_nxp_lpcxpresso_1769\Debug\liblpc_board_nxp_lpcxpresso_1769.a(board.o)
 .text.Chip_UART_ConfigData
                0x00000e20       0x1c C:\Users\Richie\Documents\LPCXpresso_8.0.0_526\workspace\lpc_board_nxp_lpcxpresso_1769\Debug\liblpc_board_nxp_lpcxpresso_1769.a(board.o)
 .text.Board_LED_Init
                0x00000e3c       0x18 C:\Users\Richie\Documents\LPCXpresso_8.0.0_526\workspace\lpc_board_nxp_lpcxpresso_1769\Debug\liblpc_board_nxp_lpcxpresso_1769.a(board.o)
 .text.Board_UART_Init
                0x00000e54       0x14 C:\Users\Richie\Documents\LPCXpresso_8.0.0_526\workspace\lpc_board_nxp_lpcxpresso_1769\Debug\liblpc_board_nxp_lpcxpresso_1769.a(board.o)
                0x00000e54                Board_UART_Init
 .text.Board_Debug_Init
                0x00000e68       0x30 C:\Users\Richie\Documents\LPCXpresso_8.0.0_526\workspace\lpc_board_nxp_lpcxpresso_1769\Debug\liblpc_board_nxp_lpcxpresso_1769.a(board.o)
                0x00000e68                Board_Debug_Init
 .text.Board_Init
                0x00000e98       0x24 C:\Users\Richie\Documents\LPCXpresso_8.0.0_526\workspace\lpc_board_nxp_lpcxpresso_1769\Debug\liblpc_board_nxp_lpcxpresso_1769.a(board.o)
                0x00000e98                Board_Init
 .text.Board_I2C_Init
                0x00000ebc       0xb8 C:\Users\Richie\Documents\LPCXpresso_8.0.0_526\workspace\lpc_board_nxp_lpcxpresso_1769\Debug\liblpc_board_nxp_lpcxpresso_1769.a(board.o)
                0x00000ebc                Board_I2C_Init
 .text.Chip_SYSCTL_SetFLASHAccess
                0x00000f74       0x30 C:\Users\Richie\Documents\LPCXpresso_8.0.0_526\workspace\lpc_board_nxp_lpcxpresso_1769\Debug\liblpc_board_nxp_lpcxpresso_1769.a(board_sysinit.o)
 .text.Board_SetupMuxing
                0x00000fa4       0x18 C:\Users\Richie\Documents\LPCXpresso_8.0.0_526\workspace\lpc_board_nxp_lpcxpresso_1769\Debug\liblpc_board_nxp_lpcxpresso_1769.a(board_sysinit.o)
                0x00000fa4                Board_SetupMuxing
 .text.Board_SetupClocking
                0x00000fbc       0x10 C:\Users\Richie\Documents\LPCXpresso_8.0.0_526\workspace\lpc_board_nxp_lpcxpresso_1769\Debug\liblpc_board_nxp_lpcxpresso_1769.a(board_sysinit.o)
                0x00000fbc                Board_SetupClocking
 .text.Board_SystemInit
                0x00000fcc       0x10 C:\Users\Richie\Documents\LPCXpresso_8.0.0_526\workspace\lpc_board_nxp_lpcxpresso_1769\Debug\liblpc_board_nxp_lpcxpresso_1769.a(board_sysinit.o)
                0x00000fcc                Board_SystemInit
 .text.SystemCoreClockUpdate
                0x00000fdc       0x14 C:\Users\Richie\Documents\LPCXpresso_8.0.0_526\workspace\lpc_chip_175x_6x\Debug\liblpc_chip_175x_6x.a(chip_17xx_40xx.o)
                0x00000fdc                SystemCoreClockUpdate
 .text.Chip_Clock_IsMainPLLEnabled
                0x00000ff0       0x28 C:\Users\Richie\Documents\LPCXpresso_8.0.0_526\workspace\lpc_chip_175x_6x\Debug\liblpc_chip_175x_6x.a(clock_17xx_40xx.o)
 .text.Chip_Clock_IsMainPLLConnected
                0x00001018       0x28 C:\Users\Richie\Documents\LPCXpresso_8.0.0_526\workspace\lpc_chip_175x_6x\Debug\liblpc_chip_175x_6x.a(clock_17xx_40xx.o)
 .text.Chip_Clock_FeedPLL
                0x00001040       0x34 C:\Users\Richie\Documents\LPCXpresso_8.0.0_526\workspace\lpc_chip_175x_6x\Debug\liblpc_chip_175x_6x.a(clock_17xx_40xx.o)
 .text.Chip_Clock_GetMainPLLSource
                0x00001074       0x20 C:\Users\Richie\Documents\LPCXpresso_8.0.0_526\workspace\lpc_chip_175x_6x\Debug\liblpc_chip_175x_6x.a(clock_17xx_40xx.o)
 .text.Chip_Clock_GetMainOscRate
                0x00001094       0x18 C:\Users\Richie\Documents\LPCXpresso_8.0.0_526\workspace\lpc_chip_175x_6x\Debug\liblpc_chip_175x_6x.a(clock_17xx_40xx.o)
 .text.Chip_Clock_GetIntOscRate
                0x000010ac       0x14 C:\Users\Richie\Documents\LPCXpresso_8.0.0_526\workspace\lpc_chip_175x_6x\Debug\liblpc_chip_175x_6x.a(clock_17xx_40xx.o)
 .text.Chip_Clock_GetRTCOscRate
                0x000010c0       0x18 C:\Users\Richie\Documents\LPCXpresso_8.0.0_526\workspace\lpc_chip_175x_6x\Debug\liblpc_chip_175x_6x.a(clock_17xx_40xx.o)
 .text.Chip_Clock_GetMainPLLInClockRate
                0x000010d8       0x10 C:\Users\Richie\Documents\LPCXpresso_8.0.0_526\workspace\lpc_chip_175x_6x\Debug\liblpc_chip_175x_6x.a(clock_17xx_40xx.o)
 .text.Chip_Clock_EnablePLL
                0x000010e8       0x44 C:\Users\Richie\Documents\LPCXpresso_8.0.0_526\workspace\lpc_chip_175x_6x\Debug\liblpc_chip_175x_6x.a(clock_17xx_40xx.o)
                0x000010e8                Chip_Clock_EnablePLL
 .text.Chip_Clock_DisablePLL
                0x0000112c       0x44 C:\Users\Richie\Documents\LPCXpresso_8.0.0_526\workspace\lpc_chip_175x_6x\Debug\liblpc_chip_175x_6x.a(clock_17xx_40xx.o)
                0x0000112c                Chip_Clock_DisablePLL
 .text.Chip_Clock_SetupPLL
                0x00001170       0x58 C:\Users\Richie\Documents\LPCXpresso_8.0.0_526\workspace\lpc_chip_175x_6x\Debug\liblpc_chip_175x_6x.a(clock_17xx_40xx.o)
                0x00001170                Chip_Clock_SetupPLL
 .text.Chip_Clock_EnablePeriphClock
                0x000011c8       0x34 C:\Users\Richie\Documents\LPCXpresso_8.0.0_526\workspace\lpc_chip_175x_6x\Debug\liblpc_chip_175x_6x.a(clock_17xx_40xx.o)
                0x000011c8                Chip_Clock_EnablePeriphClock
 .text.Chip_Clock_GetCPUClockSource
                0x000011fc       0x24 C:\Users\Richie\Documents\LPCXpresso_8.0.0_526\workspace\lpc_chip_175x_6x\Debug\liblpc_chip_175x_6x.a(clock_17xx_40xx.o)
                0x000011fc                Chip_Clock_GetCPUClockSource
 .text.Chip_Clock_SetCPUClockDiv
                0x00001220       0x20 C:\Users\Richie\Documents\LPCXpresso_8.0.0_526\workspace\lpc_chip_175x_6x\Debug\liblpc_chip_175x_6x.a(clock_17xx_40xx.o)
                0x00001220                Chip_Clock_SetCPUClockDiv
 .text.Chip_Clock_GetCPUClockDiv
                0x00001240       0x1c C:\Users\Richie\Documents\LPCXpresso_8.0.0_526\workspace\lpc_chip_175x_6x\Debug\liblpc_chip_175x_6x.a(clock_17xx_40xx.o)
                0x00001240                Chip_Clock_GetCPUClockDiv
 .text.Chip_Clock_GetPCLKDiv
                0x0000125c       0x90 C:\Users\Richie\Documents\LPCXpresso_8.0.0_526\workspace\lpc_chip_175x_6x\Debug\liblpc_chip_175x_6x.a(clock_17xx_40xx.o)
                0x0000125c                Chip_Clock_GetPCLKDiv
 .text.Chip_Clock_GetSYSCLKRate
                0x000012ec       0x34 C:\Users\Richie\Documents\LPCXpresso_8.0.0_526\workspace\lpc_chip_175x_6x\Debug\liblpc_chip_175x_6x.a(clock_17xx_40xx.o)
                0x000012ec                Chip_Clock_GetSYSCLKRate
 .text.Chip_Clock_GetMainPLLOutClockRate
                0x00001320       0x54 C:\Users\Richie\Documents\LPCXpresso_8.0.0_526\workspace\lpc_chip_175x_6x\Debug\liblpc_chip_175x_6x.a(clock_17xx_40xx.o)
                0x00001320                Chip_Clock_GetMainPLLOutClockRate
 .text.Chip_Clock_GetMainClockRate
                0x00001374       0x28 C:\Users\Richie\Documents\LPCXpresso_8.0.0_526\workspace\lpc_chip_175x_6x\Debug\liblpc_chip_175x_6x.a(clock_17xx_40xx.o)
                0x00001374                Chip_Clock_GetMainClockRate
 .text.Chip_Clock_GetSystemClockRate
                0x0000139c       0x18 C:\Users\Richie\Documents\LPCXpresso_8.0.0_526\workspace\lpc_chip_175x_6x\Debug\liblpc_chip_175x_6x.a(clock_17xx_40xx.o)
                0x0000139c                Chip_Clock_GetSystemClockRate
 .text.Chip_Clock_GetPeripheralClockRate
                0x000013b4       0x28 C:\Users\Richie\Documents\LPCXpresso_8.0.0_526\workspace\lpc_chip_175x_6x\Debug\liblpc_chip_175x_6x.a(clock_17xx_40xx.o)
                0x000013b4                Chip_Clock_GetPeripheralClockRate
 .text.enableClk
                0x000013dc       0x2c C:\Users\Richie\Documents\LPCXpresso_8.0.0_526\workspace\lpc_chip_175x_6x\Debug\liblpc_chip_175x_6x.a(i2c_17xx_40xx.o)
 .text.getClkRate
                0x00001408       0x24 C:\Users\Richie\Documents\LPCXpresso_8.0.0_526\workspace\lpc_chip_175x_6x\Debug\liblpc_chip_175x_6x.a(i2c_17xx_40xx.o)
 .text.startMasterXfer
                0x0000142c       0x20 C:\Users\Richie\Documents\LPCXpresso_8.0.0_526\workspace\lpc_chip_175x_6x\Debug\liblpc_chip_175x_6x.a(i2c_17xx_40xx.o)
 .text.startSlaverXfer
                0x0000144c       0x20 C:\Users\Richie\Documents\LPCXpresso_8.0.0_526\workspace\lpc_chip_175x_6x\Debug\liblpc_chip_175x_6x.a(i2c_17xx_40xx.o)
 .text.isI2CBusFree
                0x0000146c       0x28 C:\Users\Richie\Documents\LPCXpresso_8.0.0_526\workspace\lpc_chip_175x_6x\Debug\liblpc_chip_175x_6x.a(i2c_17xx_40xx.o)
 .text.getCurState
                0x00001494       0x1c C:\Users\Richie\Documents\LPCXpresso_8.0.0_526\workspace\lpc_chip_175x_6x\Debug\liblpc_chip_175x_6x.a(i2c_17xx_40xx.o)
 .text.isMasterState
                0x000014b0       0x24 C:\Users\Richie\Documents\LPCXpresso_8.0.0_526\workspace\lpc_chip_175x_6x\Debug\liblpc_chip_175x_6x.a(i2c_17xx_40xx.o)
 .text.setSlaveAddr
                0x000014d4       0x5c C:\Users\Richie\Documents\LPCXpresso_8.0.0_526\workspace\lpc_chip_175x_6x\Debug\liblpc_chip_175x_6x.a(i2c_17xx_40xx.o)
 .text.isSlaveAddrMatching
                0x00001530       0x3c C:\Users\Richie\Documents\LPCXpresso_8.0.0_526\workspace\lpc_chip_175x_6x\Debug\liblpc_chip_175x_6x.a(i2c_17xx_40xx.o)
 .text.lookupSlaveIndex
                0x0000156c       0xac C:\Users\Richie\Documents\LPCXpresso_8.0.0_526\workspace\lpc_chip_175x_6x\Debug\liblpc_chip_175x_6x.a(i2c_17xx_40xx.o)
 .text.handleMasterXferState
                0x00001618      0x284 C:\Users\Richie\Documents\LPCXpresso_8.0.0_526\workspace\lpc_chip_175x_6x\Debug\liblpc_chip_175x_6x.a(i2c_17xx_40xx.o)
                0x00001618                handleMasterXferState
 .text.getSlaveIndex
                0x0000189c       0x4c C:\Users\Richie\Documents\LPCXpresso_8.0.0_526\workspace\lpc_chip_175x_6x\Debug\liblpc_chip_175x_6x.a(i2c_17xx_40xx.o)
                0x0000189c                getSlaveIndex
 .text.handleSlaveXferState
                0x000018e8      0x2b4 C:\Users\Richie\Documents\LPCXpresso_8.0.0_526\workspace\lpc_chip_175x_6x\Debug\liblpc_chip_175x_6x.a(i2c_17xx_40xx.o)
                0x000018e8                handleSlaveXferState
 .text.Chip_I2C_EventHandler
                0x00001b9c       0x4c C:\Users\Richie\Documents\LPCXpresso_8.0.0_526\workspace\lpc_chip_175x_6x\Debug\liblpc_chip_175x_6x.a(i2c_17xx_40xx.o)
                0x00001b9c                Chip_I2C_EventHandler
 .text.Chip_I2C_EventHandlerPolling
                0x00001be8       0x5c C:\Users\Richie\Documents\LPCXpresso_8.0.0_526\workspace\lpc_chip_175x_6x\Debug\liblpc_chip_175x_6x.a(i2c_17xx_40xx.o)
                0x00001be8                Chip_I2C_EventHandlerPolling
 .text.Chip_I2C_Init
                0x00001c44       0x30 C:\Users\Richie\Documents\LPCXpresso_8.0.0_526\workspace\lpc_chip_175x_6x\Debug\liblpc_chip_175x_6x.a(i2c_17xx_40xx.o)
                0x00001c44                Chip_I2C_Init
 .text.Chip_I2C_SetClockRate
                0x00001c74       0x68 C:\Users\Richie\Documents\LPCXpresso_8.0.0_526\workspace\lpc_chip_175x_6x\Debug\liblpc_chip_175x_6x.a(i2c_17xx_40xx.o)
                0x00001c74                Chip_I2C_SetClockRate
 .text.Chip_I2C_SetMasterEventHandler
                0x00001cdc       0x4c C:\Users\Richie\Documents\LPCXpresso_8.0.0_526\workspace\lpc_chip_175x_6x\Debug\liblpc_chip_175x_6x.a(i2c_17xx_40xx.o)
                0x00001cdc                Chip_I2C_SetMasterEventHandler
 .text.Chip_I2C_MasterTransfer
                0x00001d28       0x9c C:\Users\Richie\Documents\LPCXpresso_8.0.0_526\workspace\lpc_chip_175x_6x\Debug\liblpc_chip_175x_6x.a(i2c_17xx_40xx.o)
                0x00001d28                Chip_I2C_MasterTransfer
 .text.Chip_I2C_MasterSend
                0x00001dc4       0x70 C:\Users\Richie\Documents\LPCXpresso_8.0.0_526\workspace\lpc_chip_175x_6x\Debug\liblpc_chip_175x_6x.a(i2c_17xx_40xx.o)
                0x00001dc4                Chip_I2C_MasterSend
 .text.Chip_I2C_MasterRead
                0x00001e34       0x6c C:\Users\Richie\Documents\LPCXpresso_8.0.0_526\workspace\lpc_chip_175x_6x\Debug\liblpc_chip_175x_6x.a(i2c_17xx_40xx.o)
                0x00001e34                Chip_I2C_MasterRead
 .text.Chip_I2C_IsMasterActive
                0x00001ea0       0x30 C:\Users\Richie\Documents\LPCXpresso_8.0.0_526\workspace\lpc_chip_175x_6x\Debug\liblpc_chip_175x_6x.a(i2c_17xx_40xx.o)
                0x00001ea0                Chip_I2C_IsMasterActive
 .text.Chip_I2C_MasterStateHandler
                0x00001ed0       0x5c C:\Users\Richie\Documents\LPCXpresso_8.0.0_526\workspace\lpc_chip_175x_6x\Debug\liblpc_chip_175x_6x.a(i2c_17xx_40xx.o)
                0x00001ed0                Chip_I2C_MasterStateHandler
 .text.Chip_I2C_SlaveSetup
                0x00001f2c       0x9c C:\Users\Richie\Documents\LPCXpresso_8.0.0_526\workspace\lpc_chip_175x_6x\Debug\liblpc_chip_175x_6x.a(i2c_17xx_40xx.o)
                0x00001f2c                Chip_I2C_SlaveSetup
 .text.Chip_I2C_SlaveStateHandler
                0x00001fc8       0xc0 C:\Users\Richie\Documents\LPCXpresso_8.0.0_526\workspace\lpc_chip_175x_6x\Debug\liblpc_chip_175x_6x.a(i2c_17xx_40xx.o)
                0x00001fc8                Chip_I2C_SlaveStateHandler
 .text.Chip_I2C_IsStateChanged
                0x00002088       0x3c C:\Users\Richie\Documents\LPCXpresso_8.0.0_526\workspace\lpc_chip_175x_6x\Debug\liblpc_chip_175x_6x.a(i2c_17xx_40xx.o)
                0x00002088                Chip_I2C_IsStateChanged
 .text.Chip_IOCON_PinMuxSet
                0x000020c4       0x34 C:\Users\Richie\Documents\LPCXpresso_8.0.0_526\workspace\lpc_chip_175x_6x\Debug\liblpc_chip_175x_6x.a(iocon_17xx_40xx.o)
                0x000020c4                Chip_IOCON_PinMuxSet
 .text.Chip_IOCON_PinMux
                0x000020f8       0x94 C:\Users\Richie\Documents\LPCXpresso_8.0.0_526\workspace\lpc_chip_175x_6x\Debug\liblpc_chip_175x_6x.a(iocon_17xx_40xx.o)
                0x000020f8                Chip_IOCON_PinMux
 .text.Chip_IOCON_SetPinMuxing
                0x0000218c       0x60 C:\Users\Richie\Documents\LPCXpresso_8.0.0_526\workspace\lpc_chip_175x_6x\Debug\liblpc_chip_175x_6x.a(iocon_17xx_40xx.o)
                0x0000218c                Chip_IOCON_SetPinMuxing
 .text.Chip_Clock_IsMainPLLEnabled
                0x000021ec       0x28 C:\Users\Richie\Documents\LPCXpresso_8.0.0_526\workspace\lpc_chip_175x_6x\Debug\liblpc_chip_175x_6x.a(sysinit_17xx_40xx.o)
 .text.Chip_Clock_IsMainPLLLocked
                0x00002214       0x28 C:\Users\Richie\Documents\LPCXpresso_8.0.0_526\workspace\lpc_chip_175x_6x\Debug\liblpc_chip_175x_6x.a(sysinit_17xx_40xx.o)
 .text.Chip_Clock_IsMainPLLConnected
                0x0000223c       0x28 C:\Users\Richie\Documents\LPCXpresso_8.0.0_526\workspace\lpc_chip_175x_6x\Debug\liblpc_chip_175x_6x.a(sysinit_17xx_40xx.o)
 .text.Chip_Clock_EnableCrystal
                0x00002264       0x20 C:\Users\Richie\Documents\LPCXpresso_8.0.0_526\workspace\lpc_chip_175x_6x\Debug\liblpc_chip_175x_6x.a(sysinit_17xx_40xx.o)
 .text.Chip_Clock_IsCrystalEnabled
                0x00002284       0x28 C:\Users\Richie\Documents\LPCXpresso_8.0.0_526\workspace\lpc_chip_175x_6x\Debug\liblpc_chip_175x_6x.a(sysinit_17xx_40xx.o)
 .text.Chip_Clock_SetMainPLLSource
                0x000022ac       0x20 C:\Users\Richie\Documents\LPCXpresso_8.0.0_526\workspace\lpc_chip_175x_6x\Debug\liblpc_chip_175x_6x.a(sysinit_17xx_40xx.o)
 .text.Chip_SetupXtalClocking
                0x000022cc       0x90 C:\Users\Richie\Documents\LPCXpresso_8.0.0_526\workspace\lpc_chip_175x_6x\Debug\liblpc_chip_175x_6x.a(sysinit_17xx_40xx.o)
                0x000022cc                Chip_SetupXtalClocking
 .text.Chip_UART_SetupFIFOS
                0x0000235c       0x1c C:\Users\Richie\Documents\LPCXpresso_8.0.0_526\workspace\lpc_chip_175x_6x\Debug\liblpc_chip_175x_6x.a(uart_17xx_40xx.o)
 .text.Chip_UART_ConfigData
                0x00002378       0x1c C:\Users\Richie\Documents\LPCXpresso_8.0.0_526\workspace\lpc_chip_175x_6x\Debug\liblpc_chip_175x_6x.a(uart_17xx_40xx.o)
 .text.Chip_UART_EnableDivisorAccess
                0x00002394       0x20 C:\Users\Richie\Documents\LPCXpresso_8.0.0_526\workspace\lpc_chip_175x_6x\Debug\liblpc_chip_175x_6x.a(uart_17xx_40xx.o)
 .text.Chip_UART_DisableDivisorAccess
                0x000023b4       0x20 C:\Users\Richie\Documents\LPCXpresso_8.0.0_526\workspace\lpc_chip_175x_6x\Debug\liblpc_chip_175x_6x.a(uart_17xx_40xx.o)
 .text.Chip_UART_SetDivisorLatches
                0x000023d4       0x28 C:\Users\Richie\Documents\LPCXpresso_8.0.0_526\workspace\lpc_chip_175x_6x\Debug\liblpc_chip_175x_6x.a(uart_17xx_40xx.o)
 .text.Chip_UART_GetClockIndex
                0x000023fc       0x50 C:\Users\Richie\Documents\LPCXpresso_8.0.0_526\workspace\lpc_chip_175x_6x\Debug\liblpc_chip_175x_6x.a(uart_17xx_40xx.o)
 .text.Chip_UART_GetClkIndex
                0x0000244c       0x50 C:\Users\Richie\Documents\LPCXpresso_8.0.0_526\workspace\lpc_chip_175x_6x\Debug\liblpc_chip_175x_6x.a(uart_17xx_40xx.o)
 .text.Chip_UART_Init
                0x0000249c       0x74 C:\Users\Richie\Documents\LPCXpresso_8.0.0_526\workspace\lpc_chip_175x_6x\Debug\liblpc_chip_175x_6x.a(uart_17xx_40xx.o)
                0x0000249c                Chip_UART_Init
 .text.Chip_UART_TXEnable
                0x00002510       0x18 C:\Users\Richie\Documents\LPCXpresso_8.0.0_526\workspace\lpc_chip_175x_6x\Debug\liblpc_chip_175x_6x.a(uart_17xx_40xx.o)
                0x00002510                Chip_UART_TXEnable
 .text.Chip_UART_TXDisable
                0x00002528       0x18 C:\Users\Richie\Documents\LPCXpresso_8.0.0_526\workspace\lpc_chip_175x_6x\Debug\liblpc_chip_175x_6x.a(uart_17xx_40xx.o)
                0x00002528                Chip_UART_TXDisable
 .text.Chip_UART_SetBaud
                0x00002540       0x64 C:\Users\Richie\Documents\LPCXpresso_8.0.0_526\workspace\lpc_chip_175x_6x\Debug\liblpc_chip_175x_6x.a(uart_17xx_40xx.o)
                0x00002540                Chip_UART_SetBaud
 .text          0x000025a4      0x370 c:/nxp/lpcxpresso_8.0.0_526/lpcxpresso/tools/bin/../lib/gcc/arm-none-eabi/4.9.3/armv7-m\libgcc.a(_arm_addsubdf3.o)
                0x000025a4                __aeabi_drsub
                0x000025ac                __aeabi_dsub
                0x000025ac                __subdf3
                0x000025b0                __aeabi_dadd
                0x000025b0                __adddf3
                0x00002828                __floatunsidf
                0x00002828                __aeabi_ui2d
                0x00002848                __floatsidf
                0x00002848                __aeabi_i2d
                0x0000286c                __aeabi_f2d
                0x0000286c                __extendsfdf2
                0x000028a8                __floatundidf
                0x000028a8                __aeabi_ul2d
                0x000028b8                __floatdidf
                0x000028b8                __aeabi_l2d
 .text          0x00002914      0x424 c:/nxp/lpcxpresso_8.0.0_526/lpcxpresso/tools/bin/../lib/gcc/arm-none-eabi/4.9.3/armv7-m\libgcc.a(_arm_muldivdf3.o)
                0x00002914                __aeabi_dmul
                0x00002914                __muldf3
                0x00002b68                __divdf3
                0x00002b68                __aeabi_ddiv
 .text          0x00002d38       0x50 c:/nxp/lpcxpresso_8.0.0_526/lpcxpresso/tools/bin/../lib/gcc/arm-none-eabi/4.9.3/armv7-m\libgcc.a(_arm_fixdfsi.o)
                0x00002d38                __aeabi_d2iz
                0x00002d38                __fixdfsi
 .text          0x00002d88       0xa0 c:/nxp/lpcxpresso_8.0.0_526/lpcxpresso/tools/bin/../lib/gcc/arm-none-eabi/4.9.3/armv7-m\libgcc.a(_arm_truncdfsf2.o)
                0x00002d88                __truncdfsf2
                0x00002d88                __aeabi_d2f
 .text          0x00002e28      0x21c c:/nxp/lpcxpresso_8.0.0_526/lpcxpresso/tools/bin/../lib/gcc/arm-none-eabi/4.9.3/armv7-m\libgcc.a(_arm_addsubsf3.o)
                0x00002e28                __aeabi_frsub
                0x00002e30                __subsf3
                0x00002e30                __aeabi_fsub
                0x00002e34                __aeabi_fadd
                0x00002e34                __addsf3
                0x00002f94                __aeabi_ui2f
                0x00002f94                __floatunsisf
                0x00002f9c                __aeabi_i2f
                0x00002f9c                __floatsisf
                0x00002fb8                __aeabi_ul2f
                0x00002fb8                __floatundisf
                0x00002fc8                __aeabi_l2f
                0x00002fc8                __floatdisf
 .text          0x00003044      0x2a0 c:/nxp/lpcxpresso_8.0.0_526/lpcxpresso/tools/bin/../lib/gcc/arm-none-eabi/4.9.3/armv7-m\libgcc.a(_arm_muldivsf3.o)
                0x00003044                __mulsf3
                0x00003044                __aeabi_fmul
                0x000031ac                __aeabi_fdiv
                0x000031ac                __divsf3
 .text          0x000032e4       0xec c:/nxp/lpcxpresso_8.0.0_526/lpcxpresso/tools/bin/../lib/gcc/arm-none-eabi/4.9.3/armv7-m\libgcc.a(_arm_cmpsf2.o)
                0x000032e4                __gesf2
                0x000032e4                __gtsf2
                0x000032ec                __lesf2
                0x000032ec                __ltsf2
                0x000032f4                __nesf2
                0x000032f4                __eqsf2
                0x000032f4                __cmpsf2
                0x00003354                __aeabi_cfrcmple
                0x0000335c                __aeabi_cfcmpeq
                0x0000335c                __aeabi_cfcmple
                0x0000336c                __aeabi_fcmpeq
                0x00003380                __aeabi_fcmplt
                0x00003394                __aeabi_fcmple
                0x000033a8                __aeabi_fcmpge
                0x000033bc                __aeabi_fcmpgt
 .text          0x000033d0       0x4c c:/nxp/lpcxpresso_8.0.0_526/lpcxpresso/tools/bin/../lib/gcc/arm-none-eabi/4.9.3/armv7-m\libgcc.a(_arm_fixsfsi.o)
                0x000033d0                __aeabi_f2iz
                0x000033d0                __fixsfsi
 .text.printf   0x0000341c       0x30 c:/nxp/lpcxpresso_8.0.0_526/lpcxpresso/tools/bin/../lib/gcc/arm-none-eabi/4.9.3/../../../../arm-none-eabi/lib/armv7-m\libc_nano.a(lib_a-printf.o)
                0x0000341c                iprintf
                0x0000341c                printf
 .text._cleanup_r
                0x0000344c        0xc c:/nxp/lpcxpresso_8.0.0_526/lpcxpresso/tools/bin/../lib/gcc/arm-none-eabi/4.9.3/../../../../arm-none-eabi/lib/armv7-m\libc_nano.a(lib_a-findfp.o)
                0x0000344c                _cleanup_r
 .text.std.isra.0
                0x00003458       0x48 c:/nxp/lpcxpresso_8.0.0_526/lpcxpresso/tools/bin/../lib/gcc/arm-none-eabi/4.9.3/../../../../arm-none-eabi/lib/armv7-m\libc_nano.a(lib_a-findfp.o)
 .text.__sfmoreglue
                0x000034a0       0x2c c:/nxp/lpcxpresso_8.0.0_526/lpcxpresso/tools/bin/../lib/gcc/arm-none-eabi/4.9.3/../../../../arm-none-eabi/lib/armv7-m\libc_nano.a(lib_a-findfp.o)
                0x000034a0                __sfmoreglue
 .text.__sinit  0x000034cc       0x60 c:/nxp/lpcxpresso_8.0.0_526/lpcxpresso/tools/bin/../lib/gcc/arm-none-eabi/4.9.3/../../../../arm-none-eabi/lib/armv7-m\libc_nano.a(lib_a-findfp.o)
                0x000034cc                __sinit
 .text.__sfp    0x0000352c       0x74 c:/nxp/lpcxpresso_8.0.0_526/lpcxpresso/tools/bin/../lib/gcc/arm-none-eabi/4.9.3/../../../../arm-none-eabi/lib/armv7-m\libc_nano.a(lib_a-findfp.o)
                0x0000352c                __sfp
 .text._fwalk_reent
                0x000035a0       0x3c c:/nxp/lpcxpresso_8.0.0_526/lpcxpresso/tools/bin/../lib/gcc/arm-none-eabi/4.9.3/../../../../arm-none-eabi/lib/armv7-m\libc_nano.a(lib_a-fwalk.o)
                0x000035a0                _fwalk_reent
 .text.memset   0x000035dc       0x10 c:/nxp/lpcxpresso_8.0.0_526/lpcxpresso/tools/bin/../lib/gcc/arm-none-eabi/4.9.3/../../../../arm-none-eabi/lib/armv7-m\libc_nano.a(lib_a-memset.o)
                0x000035dc                memset
 .text._malloc_r
                0x000035ec       0xac c:/nxp/lpcxpresso_8.0.0_526/lpcxpresso/tools/bin/../lib/gcc/arm-none-eabi/4.9.3/../../../../arm-none-eabi/lib/armv7-m\libc_nano.a(lib_a-nano-mallocr.o)
                0x000035ec                _malloc_r
 .text.__sfputc_r
                0x00003698       0x2c c:/nxp/lpcxpresso_8.0.0_526/lpcxpresso/tools/bin/../lib/gcc/arm-none-eabi/4.9.3/../../../../arm-none-eabi/lib/armv7-m\libc_nano.a(lib_a-nano-vfprintf.o)
 .text.__sfputs_r
                0x000036c4       0x24 c:/nxp/lpcxpresso_8.0.0_526/lpcxpresso/tools/bin/../lib/gcc/arm-none-eabi/4.9.3/../../../../arm-none-eabi/lib/armv7-m\libc_nano.a(lib_a-nano-vfprintf.o)
                0x000036c4                __sfputs_r
 .text._vfprintf_r
                0x000036e8      0x210 c:/nxp/lpcxpresso_8.0.0_526/lpcxpresso/tools/bin/../lib/gcc/arm-none-eabi/4.9.3/../../../../arm-none-eabi/lib/armv7-m\libc_nano.a(lib_a-nano-vfprintf.o)
                0x000036e8                _vfprintf_r
                0x000036e8                _vfiprintf_r
 .text._printf_common
                0x000038f8       0xea c:/nxp/lpcxpresso_8.0.0_526/lpcxpresso/tools/bin/../lib/gcc/arm-none-eabi/4.9.3/../../../../arm-none-eabi/lib/armv7-m\libc_nano.a(lib_a-nano-vfprintf_i.o)
                0x000038f8                _printf_common
 *fill*         0x000039e2        0x2 
 .text._printf_i
                0x000039e4      0x240 c:/nxp/lpcxpresso_8.0.0_526/lpcxpresso/tools/bin/../lib/gcc/arm-none-eabi/4.9.3/../../../../arm-none-eabi/lib/armv7-m\libc_nano.a(lib_a-nano-vfprintf_i.o)
                0x000039e4                _printf_i
 .text._sbrk_r  0x00003c24       0x20 c:/nxp/lpcxpresso_8.0.0_526/lpcxpresso/tools/bin/../lib/gcc/arm-none-eabi/4.9.3/../../../../arm-none-eabi/lib/armv7-m\libc_nano.a(lib_a-sbrkr.o)
                0x00003c24                _sbrk_r
 .text.__sread  0x00003c44       0x22 c:/nxp/lpcxpresso_8.0.0_526/lpcxpresso/tools/bin/../lib/gcc/arm-none-eabi/4.9.3/../../../../arm-none-eabi/lib/armv7-m\libc_nano.a(lib_a-stdio.o)
                0x00003c44                __sread
 .text.__swrite
                0x00003c66       0x38 c:/nxp/lpcxpresso_8.0.0_526/lpcxpresso/tools/bin/../lib/gcc/arm-none-eabi/4.9.3/../../../../arm-none-eabi/lib/armv7-m\libc_nano.a(lib_a-stdio.o)
                0x00003c66                __swrite
 .text.__sseek  0x00003c9e       0x24 c:/nxp/lpcxpresso_8.0.0_526/lpcxpresso/tools/bin/../lib/gcc/arm-none-eabi/4.9.3/../../../../arm-none-eabi/lib/armv7-m\libc_nano.a(lib_a-stdio.o)
                0x00003c9e                __sseek
 .text.__sclose
                0x00003cc2        0x8 c:/nxp/lpcxpresso_8.0.0_526/lpcxpresso/tools/bin/../lib/gcc/arm-none-eabi/4.9.3/../../../../arm-none-eabi/lib/armv7-m\libc_nano.a(lib_a-stdio.o)
                0x00003cc2                __sclose
 *fill*         0x00003cca        0x2 
 .text.__swbuf_r
                0x00003ccc       0xa8 c:/nxp/lpcxpresso_8.0.0_526/lpcxpresso/tools/bin/../lib/gcc/arm-none-eabi/4.9.3/../../../../arm-none-eabi/lib/armv7-m\libc_nano.a(lib_a-wbuf.o)
                0x00003ccc                __swbuf_r
 .text._write_r
                0x00003d74       0x24 c:/nxp/lpcxpresso_8.0.0_526/lpcxpresso/tools/bin/../lib/gcc/arm-none-eabi/4.9.3/../../../../arm-none-eabi/lib/armv7-m\libc_nano.a(lib_a-writer.o)
                0x00003d74                _write_r
 .text.__swsetup_r
                0x00003d98       0xd8 c:/nxp/lpcxpresso_8.0.0_526/lpcxpresso/tools/bin/../lib/gcc/arm-none-eabi/4.9.3/../../../../arm-none-eabi/lib/armv7-m\libc_nano.a(lib_a-wsetup.o)
                0x00003d98                __swsetup_r
 .text._close_r
                0x00003e70       0x20 c:/nxp/lpcxpresso_8.0.0_526/lpcxpresso/tools/bin/../lib/gcc/arm-none-eabi/4.9.3/../../../../arm-none-eabi/lib/armv7-m\libc_nano.a(lib_a-closer.o)
                0x00003e70                _close_r
 .text.__sflush_r
                0x00003e90      0x106 c:/nxp/lpcxpresso_8.0.0_526/lpcxpresso/tools/bin/../lib/gcc/arm-none-eabi/4.9.3/../../../../arm-none-eabi/lib/armv7-m\libc_nano.a(lib_a-fflush.o)
                0x00003e90                __sflush_r
 *fill*         0x00003f96        0x2 
 .text._fflush_r
                0x00003f98       0x54 c:/nxp/lpcxpresso_8.0.0_526/lpcxpresso/tools/bin/../lib/gcc/arm-none-eabi/4.9.3/../../../../arm-none-eabi/lib/armv7-m\libc_nano.a(lib_a-fflush.o)
                0x00003f98                _fflush_r
 .text._lseek_r
                0x00003fec       0x24 c:/nxp/lpcxpresso_8.0.0_526/lpcxpresso/tools/bin/../lib/gcc/arm-none-eabi/4.9.3/../../../../arm-none-eabi/lib/armv7-m\libc_nano.a(lib_a-lseekr.o)
                0x00003fec                _lseek_r
 .text.__smakebuf_r
                0x00004010       0x98 c:/nxp/lpcxpresso_8.0.0_526/lpcxpresso/tools/bin/../lib/gcc/arm-none-eabi/4.9.3/../../../../arm-none-eabi/lib/armv7-m\libc_nano.a(lib_a-makebuf.o)
                0x00004010                __smakebuf_r
 .text.memchr   0x000040a8       0x1c c:/nxp/lpcxpresso_8.0.0_526/lpcxpresso/tools/bin/../lib/gcc/arm-none-eabi/4.9.3/../../../../arm-none-eabi/lib/armv7-m\libc_nano.a(lib_a-memchr.o)
                0x000040a8                memchr
 .text._free_r  0x000040c4       0x88 c:/nxp/lpcxpresso_8.0.0_526/lpcxpresso/tools/bin/../lib/gcc/arm-none-eabi/4.9.3/../../../../arm-none-eabi/lib/armv7-m\libc_nano.a(lib_a-nano-freer.o)
                0x000040c4                _free_r
 .text._read_r  0x0000414c       0x24 c:/nxp/lpcxpresso_8.0.0_526/lpcxpresso/tools/bin/../lib/gcc/arm-none-eabi/4.9.3/../../../../arm-none-eabi/lib/armv7-m\libc_nano.a(lib_a-readr.o)
                0x0000414c                _read_r
 .text._fstat_r
                0x00004170       0x24 c:/nxp/lpcxpresso_8.0.0_526/lpcxpresso/tools/bin/../lib/gcc/arm-none-eabi/4.9.3/../../../../arm-none-eabi/lib/armv7-m\libc_nano.a(lib_a-fstatr.o)
                0x00004170                _fstat_r
 .text._isatty_r
                0x00004194       0x20 c:/nxp/lpcxpresso_8.0.0_526/lpcxpresso/tools/bin/../lib/gcc/arm-none-eabi/4.9.3/../../../../arm-none-eabi/lib/armv7-m\libc_nano.a(lib_a-isattyr.o)
                0x00004194                _isatty_r
 .text.atan2    0x000041b4        0x4 c:/nxp/lpcxpresso_8.0.0_526/lpcxpresso/tools/bin/../lib/gcc/arm-none-eabi/4.9.3/../../../../arm-none-eabi/lib/armv7-m\libm.a(lib_a-w_atan2.o)
                0x000041b4                atan2
 .text.sqrt     0x000041b8       0xac c:/nxp/lpcxpresso_8.0.0_526/lpcxpresso/tools/bin/../lib/gcc/arm-none-eabi/4.9.3/../../../../arm-none-eabi/lib/armv7-m\libm.a(lib_a-w_sqrt.o)
                0x000041b8                sqrt
 *fill*         0x00004264        0x4 
 .text.__ieee754_atan2
                0x00004268      0x1b4 c:/nxp/lpcxpresso_8.0.0_526/lpcxpresso/tools/bin/../lib/gcc/arm-none-eabi/4.9.3/../../../../arm-none-eabi/lib/armv7-m\libm.a(lib_a-e_atan2.o)
                0x00004268                __ieee754_atan2
 .text.__ieee754_sqrt
                0x0000441c      0x18c c:/nxp/lpcxpresso_8.0.0_526/lpcxpresso/tools/bin/../lib/gcc/arm-none-eabi/4.9.3/../../../../arm-none-eabi/lib/armv7-m\libm.a(lib_a-e_sqrt.o)
                0x0000441c                __ieee754_sqrt
 .text.atan     0x000045a8      0x334 c:/nxp/lpcxpresso_8.0.0_526/lpcxpresso/tools/bin/../lib/gcc/arm-none-eabi/4.9.3/../../../../arm-none-eabi/lib/armv7-m\libm.a(lib_a-s_atan.o)
                0x000045a8                atan
 .text.fabs     0x000048dc        0x8 c:/nxp/lpcxpresso_8.0.0_526/lpcxpresso/tools/bin/../lib/gcc/arm-none-eabi/4.9.3/../../../../arm-none-eabi/lib/armv7-m\libm.a(lib_a-s_fabs.o)
                0x000048dc                fabs
 .text.__fpclassifyd
                0x000048e4       0x58 c:/nxp/lpcxpresso_8.0.0_526/lpcxpresso/tools/bin/../lib/gcc/arm-none-eabi/4.9.3/../../../../arm-none-eabi/lib/armv7-m\libm.a(lib_a-s_fpclassify.o)
                0x000048e4                __fpclassifyd
 .text.matherr  0x0000493c        0x4 c:/nxp/lpcxpresso_8.0.0_526/lpcxpresso/tools/bin/../lib/gcc/arm-none-eabi/4.9.3/../../../../arm-none-eabi/lib/armv7-m\libm.a(lib_a-s_matherr.o)
                0x0000493c                matherr
 .text._sbrk    0x00004940       0x3c c:/nxp/lpcxpresso_8.0.0_526/lpcxpresso/tools/bin/../lib/gcc/arm-none-eabi/4.9.3/../../../../arm-none-eabi/lib/armv7-m\libcr_newlib_semihost.a(_cr_sbrk.o)
                0x00004940                _sbrk
 .text.error    0x0000497c       0x1c c:/nxp/lpcxpresso_8.0.0_526/lpcxpresso/tools/bin/../lib/gcc/arm-none-eabi/4.9.3/../../../../arm-none-eabi/lib/armv7-m\libcr_newlib_semihost.a(syscalls.o)
 .text.initialise_monitor_handles.part.0
                0x00004998       0xa8 c:/nxp/lpcxpresso_8.0.0_526/lpcxpresso/tools/bin/../lib/gcc/arm-none-eabi/4.9.3/../../../../arm-none-eabi/lib/armv7-m\libcr_newlib_semihost.a(syscalls.o)
 .text.checkerror
                0x00004a40        0xa c:/nxp/lpcxpresso_8.0.0_526/lpcxpresso/tools/bin/../lib/gcc/arm-none-eabi/4.9.3/../../../../arm-none-eabi/lib/armv7-m\libcr_newlib_semihost.a(syscalls.o)
 *fill*         0x00004a4a        0x2 
 .text.findslot
                0x00004a4c       0x30 c:/nxp/lpcxpresso_8.0.0_526/lpcxpresso/tools/bin/../lib/gcc/arm-none-eabi/4.9.3/../../../../arm-none-eabi/lib/armv7-m\libcr_newlib_semihost.a(syscalls.o)
 .text._swiread
                0x00004a7c       0x20 c:/nxp/lpcxpresso_8.0.0_526/lpcxpresso/tools/bin/../lib/gcc/arm-none-eabi/4.9.3/../../../../arm-none-eabi/lib/armv7-m\libcr_newlib_semihost.a(syscalls.o)
                0x00004a7c                _swiread
 .text._read    0x00004a9c       0x34 c:/nxp/lpcxpresso_8.0.0_526/lpcxpresso/tools/bin/../lib/gcc/arm-none-eabi/4.9.3/../../../../arm-none-eabi/lib/armv7-m\libcr_newlib_semihost.a(syscalls.o)
                0x00004a9c                _read
 .text._swilseek
                0x00004ad0       0x7a c:/nxp/lpcxpresso_8.0.0_526/lpcxpresso/tools/bin/../lib/gcc/arm-none-eabi/4.9.3/../../../../arm-none-eabi/lib/armv7-m\libcr_newlib_semihost.a(syscalls.o)
                0x00004ad0                _swilseek
 .text._lseek   0x00004b4a        0x4 c:/nxp/lpcxpresso_8.0.0_526/lpcxpresso/tools/bin/../lib/gcc/arm-none-eabi/4.9.3/../../../../arm-none-eabi/lib/armv7-m\libcr_newlib_semihost.a(syscalls.o)
                0x00004b4a                _lseek
 .text._swiwrite
                0x00004b4e       0x20 c:/nxp/lpcxpresso_8.0.0_526/lpcxpresso/tools/bin/../lib/gcc/arm-none-eabi/4.9.3/../../../../arm-none-eabi/lib/armv7-m\libcr_newlib_semihost.a(syscalls.o)
                0x00004b4e                _swiwrite
 .text._write   0x00004b6e       0x42 c:/nxp/lpcxpresso_8.0.0_526/lpcxpresso/tools/bin/../lib/gcc/arm-none-eabi/4.9.3/../../../../arm-none-eabi/lib/armv7-m\libcr_newlib_semihost.a(syscalls.o)
                0x00004b6e                _write
 .text._swiclose
                0x00004bb0       0x1c c:/nxp/lpcxpresso_8.0.0_526/lpcxpresso/tools/bin/../lib/gcc/arm-none-eabi/4.9.3/../../../../arm-none-eabi/lib/armv7-m\libcr_newlib_semihost.a(syscalls.o)
                0x00004bb0                _swiclose
 .text._close   0x00004bcc       0x48 c:/nxp/lpcxpresso_8.0.0_526/lpcxpresso/tools/bin/../lib/gcc/arm-none-eabi/4.9.3/../../../../arm-none-eabi/lib/armv7-m\libcr_newlib_semihost.a(syscalls.o)
                0x00004bcc                _close
 .text._swistat
                0x00004c14       0x42 c:/nxp/lpcxpresso_8.0.0_526/lpcxpresso/tools/bin/../lib/gcc/arm-none-eabi/4.9.3/../../../../arm-none-eabi/lib/armv7-m\libcr_newlib_semihost.a(syscalls.o)
                0x00004c14                _swistat
 .text._fstat   0x00004c56       0x1c c:/nxp/lpcxpresso_8.0.0_526/lpcxpresso/tools/bin/../lib/gcc/arm-none-eabi/4.9.3/../../../../arm-none-eabi/lib/armv7-m\libcr_newlib_semihost.a(syscalls.o)
                0x00004c56                _fstat
 .text._isatty  0x00004c72       0x2a c:/nxp/lpcxpresso_8.0.0_526/lpcxpresso/tools/bin/../lib/gcc/arm-none-eabi/4.9.3/../../../../arm-none-eabi/lib/armv7-m\libcr_newlib_semihost.a(syscalls.o)
                0x00004c72                _isatty
 .text.__check_heap_overflow
                0x00004c9c       0x18 c:/nxp/lpcxpresso_8.0.0_526/lpcxpresso/tools/bin/../lib/gcc/arm-none-eabi/4.9.3/../../../../arm-none-eabi/lib/armv7-m\libcr_newlib_semihost.a(_cr_check_heap.o)
                0x00004c9c                __check_heap_overflow
 .text          0x00004cb4      0x110 c:/nxp/lpcxpresso_8.0.0_526/lpcxpresso/tools/bin/../lib/gcc/arm-none-eabi/4.9.3/armv7-m\libgcc.a(_arm_cmpdf2.o)
                0x00004cb4                __gtdf2
                0x00004cb4                __gedf2
                0x00004cbc                __ltdf2
                0x00004cbc                __ledf2
                0x00004cc4                __nedf2
                0x00004cc4                __eqdf2
                0x00004cc4                __cmpdf2
                0x00004d40                __aeabi_cdrcmple
                0x00004d50                __aeabi_cdcmpeq
                0x00004d50                __aeabi_cdcmple
                0x00004d60                __aeabi_dcmpeq
                0x00004d74                __aeabi_dcmplt
                0x00004d88                __aeabi_dcmple
                0x00004d9c                __aeabi_dcmpge
                0x00004db0                __aeabi_dcmpgt
 .text.__errno  0x00004dc4        0xc c:/nxp/lpcxpresso_8.0.0_526/lpcxpresso/tools/bin/../lib/gcc/arm-none-eabi/4.9.3/../../../../arm-none-eabi/lib/armv7-m\libc_nano.a(lib_a-errno.o)
                0x00004dc4                __errno
 *(.rodata .rodata.* .constdata .constdata.*)
 .rodata        0x00004dd0       0x92 ./ecompass/src/ecompass.o
 *fill*         0x00004e62        0x2 
 .rodata        0x00004e64       0x58 ./ecompass/src/main.o
 .rodata.OscRateIn
                0x00004ebc        0x4 C:\Users\Richie\Documents\LPCXpresso_8.0.0_526\workspace\lpc_board_nxp_lpcxpresso_1769\Debug\liblpc_board_nxp_lpcxpresso_1769.a(board.o)
                0x00004ebc                OscRateIn
 .rodata.RTCOscRateIn
                0x00004ec0        0x4 C:\Users\Richie\Documents\LPCXpresso_8.0.0_526\workspace\lpc_board_nxp_lpcxpresso_1769\Debug\liblpc_board_nxp_lpcxpresso_1769.a(board.o)
                0x00004ec0                RTCOscRateIn
 .rodata.pinmuxing
                0x00004ec4       0x5c C:\Users\Richie\Documents\LPCXpresso_8.0.0_526\workspace\lpc_board_nxp_lpcxpresso_1769\Debug\liblpc_board_nxp_lpcxpresso_1769.a(board_sysinit.o)
 .rodata.I2C_PeriphClk
                0x00004f20        0x3 C:\Users\Richie\Documents\LPCXpresso_8.0.0_526\workspace\lpc_chip_175x_6x\Debug\liblpc_chip_175x_6x.a(i2c_17xx_40xx.o)
 *fill*         0x00004f23        0x1 
 .rodata.__sf_fake_stdin
                0x00004f24       0x20 c:/nxp/lpcxpresso_8.0.0_526/lpcxpresso/tools/bin/../lib/gcc/arm-none-eabi/4.9.3/../../../../arm-none-eabi/lib/armv7-m\libc_nano.a(lib_a-findfp.o)
                0x00004f24                __sf_fake_stdin
 .rodata.__sf_fake_stdout
                0x00004f44       0x20 c:/nxp/lpcxpresso_8.0.0_526/lpcxpresso/tools/bin/../lib/gcc/arm-none-eabi/4.9.3/../../../../arm-none-eabi/lib/armv7-m\libc_nano.a(lib_a-findfp.o)
                0x00004f44                __sf_fake_stdout
 .rodata.__sf_fake_stderr
                0x00004f64       0x20 c:/nxp/lpcxpresso_8.0.0_526/lpcxpresso/tools/bin/../lib/gcc/arm-none-eabi/4.9.3/../../../../arm-none-eabi/lib/armv7-m\libc_nano.a(lib_a-findfp.o)
                0x00004f64                __sf_fake_stderr
 .rodata.str1.1
                0x00004f84        0x2 c:/nxp/lpcxpresso_8.0.0_526/lpcxpresso/tools/bin/../lib/gcc/arm-none-eabi/4.9.3/../../../../arm-none-eabi/lib/armv7-m\libc_nano.a(lib_a-impure.o)
 *fill*         0x00004f86        0x2 
 .rodata._global_impure_ptr
                0x00004f88        0x4 c:/nxp/lpcxpresso_8.0.0_526/lpcxpresso/tools/bin/../lib/gcc/arm-none-eabi/4.9.3/../../../../arm-none-eabi/lib/armv7-m\libc_nano.a(lib_a-impure.o)
                0x00004f88                _global_impure_ptr
 .rodata.str1.1
                0x00004f8c       0x11 c:/nxp/lpcxpresso_8.0.0_526/lpcxpresso/tools/bin/../lib/gcc/arm-none-eabi/4.9.3/../../../../arm-none-eabi/lib/armv7-m\libc_nano.a(lib_a-nano-vfprintf.o)
 .rodata.str1.1
                0x00004f9d       0x22 c:/nxp/lpcxpresso_8.0.0_526/lpcxpresso/tools/bin/../lib/gcc/arm-none-eabi/4.9.3/../../../../arm-none-eabi/lib/armv7-m\libc_nano.a(lib_a-nano-vfprintf_i.o)
 *fill*         0x00004fbf        0x1 
 .rodata.str1.4
                0x00004fc0        0x8 c:/nxp/lpcxpresso_8.0.0_526/lpcxpresso/tools/bin/../lib/gcc/arm-none-eabi/4.9.3/../../../../arm-none-eabi/lib/armv7-m\libm.a(lib_a-w_sqrt.o)
                                  0x5 (size before relaxing)
 .rodata.atanlo
                0x00004fc8       0x20 c:/nxp/lpcxpresso_8.0.0_526/lpcxpresso/tools/bin/../lib/gcc/arm-none-eabi/4.9.3/../../../../arm-none-eabi/lib/armv7-m\libm.a(lib_a-s_atan.o)
 .rodata.atanhi
                0x00004fe8       0x20 c:/nxp/lpcxpresso_8.0.0_526/lpcxpresso/tools/bin/../lib/gcc/arm-none-eabi/4.9.3/../../../../arm-none-eabi/lib/armv7-m\libm.a(lib_a-s_atan.o)
 .rodata.str1.1
                0x00005008        0x4 c:/nxp/lpcxpresso_8.0.0_526/lpcxpresso/tools/bin/../lib/gcc/arm-none-eabi/4.9.3/../../../../arm-none-eabi/lib/armv7-m\libcr_newlib_semihost.a(syscalls.o)
                0x0000500c                . = ALIGN (0x4)

.glue_7         0x0000500c        0x0
 .glue_7        0x00000000        0x0 linker stubs

.glue_7t        0x0000500c        0x0
 .glue_7t       0x00000000        0x0 linker stubs

.vfp11_veneer   0x0000500c        0x0
 .vfp11_veneer  0x00000000        0x0 linker stubs

.v4_bx          0x0000500c        0x0
 .v4_bx         0x00000000        0x0 linker stubs

.iplt           0x0000500c        0x0
 .iplt          0x00000000        0x0 ./ecompass/src/cr_startup_lpc175x_6x.o

.rel.dyn        0x0000500c        0x0
 .rel.iplt      0x00000000        0x0 ./ecompass/src/cr_startup_lpc175x_6x.o

.ARM.extab
 *(.ARM.extab* .gnu.linkonce.armextab.*)
                0x0000500c                __exidx_start = .

.ARM.exidx
 *(.ARM.exidx* .gnu.linkonce.armexidx.*)
                0x0000500c                __exidx_end = .
                0x0000500c                _etext = .

.data_RAM2      0x2007c000        0x0 load address 0x0000500c
 FILL mask 0xff
                0x2007c000                PROVIDE (__start_data_RAM2, .)
 *(.ramfunc.$RAM2)
 *(.ramfunc.$RamAHB32)
 *(.data.$RAM2*)
 *(.data.$RamAHB32*)
                0x2007c000                . = ALIGN (0x4)
                0x2007c000                PROVIDE (__end_data_RAM2, .)

.uninit_RESERVED
                0x10000000        0x0
 *(.bss.$RESERVED*)
                0x10000000                . = ALIGN (0x4)
                0x10000000                _end_uninit_RESERVED = .

.data           0x10000000       0xc0 load address 0x0000500c
 FILL mask 0xff
                0x10000000                _data = .
 *(vtable)
 *(.ramfunc*)
 *(.data*)
 .data.i2cDev   0x10000000        0x1 ./ecompass/src/ecompass.o
 *fill*         0x10000001        0x3 
 .data.i2c      0x10000004       0x54 C:\Users\Richie\Documents\LPCXpresso_8.0.0_526\workspace\lpc_chip_175x_6x\Debug\liblpc_chip_175x_6x.a(i2c_17xx_40xx.o)
 .data.impure_data
                0x10000058       0x60 c:/nxp/lpcxpresso_8.0.0_526/lpcxpresso/tools/bin/../lib/gcc/arm-none-eabi/4.9.3/../../../../arm-none-eabi/lib/armv7-m\libc_nano.a(lib_a-impure.o)
 .data._impure_ptr
                0x100000b8        0x4 c:/nxp/lpcxpresso_8.0.0_526/lpcxpresso/tools/bin/../lib/gcc/arm-none-eabi/4.9.3/../../../../arm-none-eabi/lib/armv7-m\libc_nano.a(lib_a-impure.o)
                0x100000b8                _impure_ptr
 .data.__fdlib_version
                0x100000bc        0x1 c:/nxp/lpcxpresso_8.0.0_526/lpcxpresso/tools/bin/../lib/gcc/arm-none-eabi/4.9.3/../../../../arm-none-eabi/lib/armv7-m\libm.a(lib_a-s_lib_ver.o)
                0x100000bc                __fdlib_version
                0x100000c0                . = ALIGN (0x4)
 *fill*         0x100000bd        0x3 ff
                0x100000c0                _edata = .

.igot.plt       0x100000c0        0x0 load address 0x000050cc
 .igot.plt      0x00000000        0x0 ./ecompass/src/cr_startup_lpc175x_6x.o

.bss_RAM2       0x2007c000        0x0
                0x2007c000                PROVIDE (__start_bss_RAM2, .)
 *(.bss.$RAM2*)
 *(.bss.$RamAHB32*)
                0x2007c000                . = ALIGN ((. != 0x0)?0x4:0x1)
                0x2007c000                PROVIDE (__end_bss_RAM2, .)

.bss            0x100000c0       0xf8
                0x100000c0                _bss = .
 *(.bss*)
 .bss.mode_poll
                0x100000c0        0x4 ./ecompass/src/ecompass.o
 .bss.ecomp_xfer.8487
                0x100000c4       0x18 ./ecompass/src/ecompass.o
 .bss.i2c_slave
                0x100000dc       0x78 C:\Users\Richie\Documents\LPCXpresso_8.0.0_526\workspace\lpc_chip_175x_6x\Debug\liblpc_chip_175x_6x.a(i2c_17xx_40xx.o)
 .bss.__malloc_sbrk_start
                0x10000154        0x4 c:/nxp/lpcxpresso_8.0.0_526/lpcxpresso/tools/bin/../lib/gcc/arm-none-eabi/4.9.3/../../../../arm-none-eabi/lib/armv7-m\libc_nano.a(lib_a-nano-mallocr.o)
                0x10000154                __malloc_sbrk_start
 .bss.__malloc_free_list
                0x10000158        0x4 c:/nxp/lpcxpresso_8.0.0_526/lpcxpresso/tools/bin/../lib/gcc/arm-none-eabi/4.9.3/../../../../arm-none-eabi/lib/armv7-m\libc_nano.a(lib_a-nano-mallocr.o)
                0x10000158                __malloc_free_list
 .bss.monitor_stdout
                0x1000015c        0x4 c:/nxp/lpcxpresso_8.0.0_526/lpcxpresso/tools/bin/../lib/gcc/arm-none-eabi/4.9.3/../../../../arm-none-eabi/lib/armv7-m\libcr_newlib_semihost.a(syscalls.o)
 .bss.monitor_stdin
                0x10000160        0x4 c:/nxp/lpcxpresso_8.0.0_526/lpcxpresso/tools/bin/../lib/gcc/arm-none-eabi/4.9.3/../../../../arm-none-eabi/lib/armv7-m\libcr_newlib_semihost.a(syscalls.o)
 .bss.initialized.5461
                0x10000164        0x4 c:/nxp/lpcxpresso_8.0.0_526/lpcxpresso/tools/bin/../lib/gcc/arm-none-eabi/4.9.3/../../../../arm-none-eabi/lib/armv7-m\libcr_newlib_semihost.a(syscalls.o)
 .bss.monitor_stderr
                0x10000168        0x4 c:/nxp/lpcxpresso_8.0.0_526/lpcxpresso/tools/bin/../lib/gcc/arm-none-eabi/4.9.3/../../../../arm-none-eabi/lib/armv7-m\libcr_newlib_semihost.a(syscalls.o)
 .bss.openfiles
                0x1000016c       0x28 c:/nxp/lpcxpresso_8.0.0_526/lpcxpresso/tools/bin/../lib/gcc/arm-none-eabi/4.9.3/../../../../arm-none-eabi/lib/armv7-m\libcr_newlib_semihost.a(syscalls.o)
 *(COMMON)
 COMMON         0x10000194       0x16 ./ecompass/src/ecompass.o
                0x10000194                acc
                0x1000019c                closedHeading
                0x100001a0                currentHeading
                0x100001a4                mag
 *fill*         0x100001aa        0x2 
 COMMON         0x100001ac        0x4 C:\Users\Richie\Documents\LPCXpresso_8.0.0_526\workspace\lpc_chip_175x_6x\Debug\liblpc_chip_175x_6x.a(chip_17xx_40xx.o)
                0x100001ac                SystemCoreClock
 COMMON         0x100001b0        0x4 c:/nxp/lpcxpresso_8.0.0_526/lpcxpresso/tools/bin/../lib/gcc/arm-none-eabi/4.9.3/../../../../arm-none-eabi/lib/armv7-m\libc_nano.a(lib_a-reent.o)
                0x100001b0                errno
 COMMON         0x100001b4        0x4 c:/nxp/lpcxpresso_8.0.0_526/lpcxpresso/tools/bin/../lib/gcc/arm-none-eabi/4.9.3/../../../../arm-none-eabi/lib/armv7-m\libcr_newlib_semihost.a(_cr_sbrk.o)
                0x100001b4                __end_of_heap
                0x100001b8                . = ALIGN (0x4)
                0x100001b8                _ebss = .
                0x100001b8                PROVIDE (end, .)

.noinit_RAM2    0x2007c000        0x0
 *(.noinit.$RAM2*)
 *(.noinit.$RamAHB32*)
                0x2007c000                . = ALIGN (0x4)

.noinit         0x100001b8        0x0
                0x100001b8                _noinit = .
 *(.noinit*)
                0x100001b8                . = ALIGN (0x4)
                0x100001b8                _end_noinit = .
                0x100001b8                PROVIDE (_pvHeapStart, DEFINED (__user_heap_base)?__user_heap_base:.)
                0x10008000                PROVIDE (_vStackTop, DEFINED (__user_stack_top)?__user_stack_top:(__top_RamLoc32 - 0x0))
                0xefff74b2                PROVIDE (__valid_user_code_checksum, (0x0 - ((((((_vStackTop + (ResetISR + 0x1)) + (NMI_Handler + 0x1)) + (HardFault_Handler + 0x1)) + (DEFINED (MemManage_Handler)?MemManage_Handler:0x0 + 0x1)) + (DEFINED (BusFault_Handler)?BusFault_Handler:0x0 + 0x1)) + (DEFINED (UsageFault_Handler)?UsageFault_Handler:0x0 + 0x1))))
OUTPUT(periph_i2c.axf elf32-littlearm)

.debug_info     0x00000000     0x71ab
 .debug_info    0x00000000      0x24b ./ecompass/src/cr_startup_lpc175x_6x.o
 .debug_info    0x0000024b      0xa46 ./ecompass/src/ecompass.o
 .debug_info    0x00000c91      0x156 ./ecompass/src/main.o
 .debug_info    0x00000de7      0x11f ./ecompass/src/sysinit.o
 .debug_info    0x00000f06     0x1392 C:\Users\Richie\Documents\LPCXpresso_8.0.0_526\workspace\lpc_board_nxp_lpcxpresso_1769\Debug\liblpc_board_nxp_lpcxpresso_1769.a(board.o)
 .debug_info    0x00002298      0x558 C:\Users\Richie\Documents\LPCXpresso_8.0.0_526\workspace\lpc_board_nxp_lpcxpresso_1769\Debug\liblpc_board_nxp_lpcxpresso_1769.a(board_sysinit.o)
 .debug_info    0x000027f0      0x50a C:\Users\Richie\Documents\LPCXpresso_8.0.0_526\workspace\lpc_chip_175x_6x\Debug\liblpc_chip_175x_6x.a(chip_17xx_40xx.o)
 .debug_info    0x00002cfa      0xb46 C:\Users\Richie\Documents\LPCXpresso_8.0.0_526\workspace\lpc_chip_175x_6x\Debug\liblpc_chip_175x_6x.a(clock_17xx_40xx.o)
 .debug_info    0x00003840      0xe43 C:\Users\Richie\Documents\LPCXpresso_8.0.0_526\workspace\lpc_chip_175x_6x\Debug\liblpc_chip_175x_6x.a(i2c_17xx_40xx.o)
 .debug_info    0x00004683      0x2d9 C:\Users\Richie\Documents\LPCXpresso_8.0.0_526\workspace\lpc_chip_175x_6x\Debug\liblpc_chip_175x_6x.a(iocon_17xx_40xx.o)
 .debug_info    0x0000495c      0x431 C:\Users\Richie\Documents\LPCXpresso_8.0.0_526\workspace\lpc_chip_175x_6x\Debug\liblpc_chip_175x_6x.a(sysinit_17xx_40xx.o)
 .debug_info    0x00004d8d      0xeb9 C:\Users\Richie\Documents\LPCXpresso_8.0.0_526\workspace\lpc_chip_175x_6x\Debug\liblpc_chip_175x_6x.a(uart_17xx_40xx.o)
 .debug_info    0x00005c46      0x12d c:/nxp/lpcxpresso_8.0.0_526/lpcxpresso/tools/bin/../lib/gcc/arm-none-eabi/4.9.3/../../../../arm-none-eabi/lib/armv7-m\libcr_newlib_semihost.a(_cr_sbrk.o)
 .debug_info    0x00005d73     0x13ce c:/nxp/lpcxpresso_8.0.0_526/lpcxpresso/tools/bin/../lib/gcc/arm-none-eabi/4.9.3/../../../../arm-none-eabi/lib/armv7-m\libcr_newlib_semihost.a(syscalls.o)
 .debug_info    0x00007141       0x6a c:/nxp/lpcxpresso_8.0.0_526/lpcxpresso/tools/bin/../lib/gcc/arm-none-eabi/4.9.3/../../../../arm-none-eabi/lib/armv7-m\libcr_newlib_semihost.a(_cr_check_heap.o)

.debug_abbrev   0x00000000     0x1b30
 .debug_abbrev  0x00000000       0xf5 ./ecompass/src/cr_startup_lpc175x_6x.o
 .debug_abbrev  0x000000f5      0x2e3 ./ecompass/src/ecompass.o
 .debug_abbrev  0x000003d8       0xb8 ./ecompass/src/main.o
 .debug_abbrev  0x00000490       0xa3 ./ecompass/src/sysinit.o
 .debug_abbrev  0x00000533      0x373 C:\Users\Richie\Documents\LPCXpresso_8.0.0_526\workspace\lpc_board_nxp_lpcxpresso_1769\Debug\liblpc_board_nxp_lpcxpresso_1769.a(board.o)
 .debug_abbrev  0x000008a6      0x15a C:\Users\Richie\Documents\LPCXpresso_8.0.0_526\workspace\lpc_board_nxp_lpcxpresso_1769\Debug\liblpc_board_nxp_lpcxpresso_1769.a(board_sysinit.o)
 .debug_abbrev  0x00000a00      0x138 C:\Users\Richie\Documents\LPCXpresso_8.0.0_526\workspace\lpc_chip_175x_6x\Debug\liblpc_chip_175x_6x.a(chip_17xx_40xx.o)
 .debug_abbrev  0x00000b38      0x2e4 C:\Users\Richie\Documents\LPCXpresso_8.0.0_526\workspace\lpc_chip_175x_6x\Debug\liblpc_chip_175x_6x.a(clock_17xx_40xx.o)
 .debug_abbrev  0x00000e1c      0x2a6 C:\Users\Richie\Documents\LPCXpresso_8.0.0_526\workspace\lpc_chip_175x_6x\Debug\liblpc_chip_175x_6x.a(i2c_17xx_40xx.o)
 .debug_abbrev  0x000010c2      0x126 C:\Users\Richie\Documents\LPCXpresso_8.0.0_526\workspace\lpc_chip_175x_6x\Debug\liblpc_chip_175x_6x.a(iocon_17xx_40xx.o)
 .debug_abbrev  0x000011e8      0x171 C:\Users\Richie\Documents\LPCXpresso_8.0.0_526\workspace\lpc_chip_175x_6x\Debug\liblpc_chip_175x_6x.a(sysinit_17xx_40xx.o)
 .debug_abbrev  0x00001359      0x2e2 C:\Users\Richie\Documents\LPCXpresso_8.0.0_526\workspace\lpc_chip_175x_6x\Debug\liblpc_chip_175x_6x.a(uart_17xx_40xx.o)
 .debug_abbrev  0x0000163b       0xf6 c:/nxp/lpcxpresso_8.0.0_526/lpcxpresso/tools/bin/../lib/gcc/arm-none-eabi/4.9.3/../../../../arm-none-eabi/lib/armv7-m\libcr_newlib_semihost.a(_cr_sbrk.o)
 .debug_abbrev  0x00001731      0x39d c:/nxp/lpcxpresso_8.0.0_526/lpcxpresso/tools/bin/../lib/gcc/arm-none-eabi/4.9.3/../../../../arm-none-eabi/lib/armv7-m\libcr_newlib_semihost.a(syscalls.o)
 .debug_abbrev  0x00001ace       0x62 c:/nxp/lpcxpresso_8.0.0_526/lpcxpresso/tools/bin/../lib/gcc/arm-none-eabi/4.9.3/../../../../arm-none-eabi/lib/armv7-m\libcr_newlib_semihost.a(_cr_check_heap.o)

.debug_aranges  0x00000000      0x880
 .debug_aranges
                0x00000000       0x80 ./ecompass/src/cr_startup_lpc175x_6x.o
 .debug_aranges
                0x00000080       0xd8 ./ecompass/src/ecompass.o
 .debug_aranges
                0x00000158       0x20 ./ecompass/src/main.o
 .debug_aranges
                0x00000178       0x20 ./ecompass/src/sysinit.o
 .debug_aranges
                0x00000198      0x160 C:\Users\Richie\Documents\LPCXpresso_8.0.0_526\workspace\lpc_board_nxp_lpcxpresso_1769\Debug\liblpc_board_nxp_lpcxpresso_1769.a(board.o)
 .debug_aranges
                0x000002f8       0x38 C:\Users\Richie\Documents\LPCXpresso_8.0.0_526\workspace\lpc_board_nxp_lpcxpresso_1769\Debug\liblpc_board_nxp_lpcxpresso_1769.a(board_sysinit.o)
 .debug_aranges
                0x00000330       0x38 C:\Users\Richie\Documents\LPCXpresso_8.0.0_526\workspace\lpc_chip_175x_6x\Debug\liblpc_chip_175x_6x.a(chip_17xx_40xx.o)
 .debug_aranges
                0x00000368      0x120 C:\Users\Richie\Documents\LPCXpresso_8.0.0_526\workspace\lpc_chip_175x_6x\Debug\liblpc_chip_175x_6x.a(clock_17xx_40xx.o)
 .debug_aranges
                0x00000488      0x118 C:\Users\Richie\Documents\LPCXpresso_8.0.0_526\workspace\lpc_chip_175x_6x\Debug\liblpc_chip_175x_6x.a(i2c_17xx_40xx.o)
 .debug_aranges
                0x000005a0       0x30 C:\Users\Richie\Documents\LPCXpresso_8.0.0_526\workspace\lpc_chip_175x_6x\Debug\liblpc_chip_175x_6x.a(iocon_17xx_40xx.o)
 .debug_aranges
                0x000005d0       0x60 C:\Users\Richie\Documents\LPCXpresso_8.0.0_526\workspace\lpc_chip_175x_6x\Debug\liblpc_chip_175x_6x.a(sysinit_17xx_40xx.o)
 .debug_aranges
                0x00000630      0x128 C:\Users\Richie\Documents\LPCXpresso_8.0.0_526\workspace\lpc_chip_175x_6x\Debug\liblpc_chip_175x_6x.a(uart_17xx_40xx.o)
 .debug_aranges
                0x00000758       0x20 c:/nxp/lpcxpresso_8.0.0_526/lpcxpresso/tools/bin/../lib/gcc/arm-none-eabi/4.9.3/../../../../arm-none-eabi/lib/armv7-m\libcr_newlib_semihost.a(_cr_sbrk.o)
 .debug_aranges
                0x00000778       0xe8 c:/nxp/lpcxpresso_8.0.0_526/lpcxpresso/tools/bin/../lib/gcc/arm-none-eabi/4.9.3/../../../../arm-none-eabi/lib/armv7-m\libcr_newlib_semihost.a(syscalls.o)
 .debug_aranges
                0x00000860       0x20 c:/nxp/lpcxpresso_8.0.0_526/lpcxpresso/tools/bin/../lib/gcc/arm-none-eabi/4.9.3/../../../../arm-none-eabi/lib/armv7-m\libcr_newlib_semihost.a(_cr_check_heap.o)

.debug_ranges   0x00000000      0x8b8
 .debug_ranges  0x00000000       0x70 ./ecompass/src/cr_startup_lpc175x_6x.o
 .debug_ranges  0x00000070       0xc8 ./ecompass/src/ecompass.o
 .debug_ranges  0x00000138       0x10 ./ecompass/src/main.o
 .debug_ranges  0x00000148       0x10 ./ecompass/src/sysinit.o
 .debug_ranges  0x00000158      0x150 C:\Users\Richie\Documents\LPCXpresso_8.0.0_526\workspace\lpc_board_nxp_lpcxpresso_1769\Debug\liblpc_board_nxp_lpcxpresso_1769.a(board.o)
 .debug_ranges  0x000002a8       0x28 C:\Users\Richie\Documents\LPCXpresso_8.0.0_526\workspace\lpc_board_nxp_lpcxpresso_1769\Debug\liblpc_board_nxp_lpcxpresso_1769.a(board_sysinit.o)
 .debug_ranges  0x000002d0       0x28 C:\Users\Richie\Documents\LPCXpresso_8.0.0_526\workspace\lpc_chip_175x_6x\Debug\liblpc_chip_175x_6x.a(chip_17xx_40xx.o)
 .debug_ranges  0x000002f8      0x110 C:\Users\Richie\Documents\LPCXpresso_8.0.0_526\workspace\lpc_chip_175x_6x\Debug\liblpc_chip_175x_6x.a(clock_17xx_40xx.o)
 .debug_ranges  0x00000408      0x108 C:\Users\Richie\Documents\LPCXpresso_8.0.0_526\workspace\lpc_chip_175x_6x\Debug\liblpc_chip_175x_6x.a(i2c_17xx_40xx.o)
 .debug_ranges  0x00000510       0x20 C:\Users\Richie\Documents\LPCXpresso_8.0.0_526\workspace\lpc_chip_175x_6x\Debug\liblpc_chip_175x_6x.a(iocon_17xx_40xx.o)
 .debug_ranges  0x00000530       0x50 C:\Users\Richie\Documents\LPCXpresso_8.0.0_526\workspace\lpc_chip_175x_6x\Debug\liblpc_chip_175x_6x.a(sysinit_17xx_40xx.o)
 .debug_ranges  0x00000580      0x118 C:\Users\Richie\Documents\LPCXpresso_8.0.0_526\workspace\lpc_chip_175x_6x\Debug\liblpc_chip_175x_6x.a(uart_17xx_40xx.o)
 .debug_ranges  0x00000698       0x10 c:/nxp/lpcxpresso_8.0.0_526/lpcxpresso/tools/bin/../lib/gcc/arm-none-eabi/4.9.3/../../../../arm-none-eabi/lib/armv7-m\libcr_newlib_semihost.a(_cr_sbrk.o)
 .debug_ranges  0x000006a8      0x200 c:/nxp/lpcxpresso_8.0.0_526/lpcxpresso/tools/bin/../lib/gcc/arm-none-eabi/4.9.3/../../../../arm-none-eabi/lib/armv7-m\libcr_newlib_semihost.a(syscalls.o)
 .debug_ranges  0x000008a8       0x10 c:/nxp/lpcxpresso_8.0.0_526/lpcxpresso/tools/bin/../lib/gcc/arm-none-eabi/4.9.3/../../../../arm-none-eabi/lib/armv7-m\libcr_newlib_semihost.a(_cr_check_heap.o)

.debug_macro    0x00000000     0x7005
 .debug_macro   0x00000000       0x1d ./ecompass/src/cr_startup_lpc175x_6x.o
 .debug_macro   0x0000001d      0x87a ./ecompass/src/cr_startup_lpc175x_6x.o
 .debug_macro   0x00000897      0x323 ./ecompass/src/ecompass.o
 .debug_macro   0x00000bba       0x58 ./ecompass/src/ecompass.o
 .debug_macro   0x00000c12       0x22 ./ecompass/src/ecompass.o
 .debug_macro   0x00000c34       0x35 ./ecompass/src/ecompass.o
 .debug_macro   0x00000c69       0x9c ./ecompass/src/ecompass.o
 .debug_macro   0x00000d05      0x166 ./ecompass/src/ecompass.o
 .debug_macro   0x00000e6b       0x4a ./ecompass/src/ecompass.o
 .debug_macro   0x00000eb5       0x52 ./ecompass/src/ecompass.o
 .debug_macro   0x00000f07       0x16 ./ecompass/src/ecompass.o
 .debug_macro   0x00000f1d       0x43 ./ecompass/src/ecompass.o
 .debug_macro   0x00000f60      0x180 ./ecompass/src/ecompass.o
 .debug_macro   0x000010e0      0x1e1 ./ecompass/src/ecompass.o
 .debug_macro   0x000012c1       0xe3 ./ecompass/src/ecompass.o
 .debug_macro   0x000013a4       0x22 ./ecompass/src/ecompass.o
 .debug_macro   0x000013c6      0x1df ./ecompass/src/ecompass.o
 .debug_macro   0x000015a5       0x22 ./ecompass/src/ecompass.o
 .debug_macro   0x000015c7       0x74 ./ecompass/src/ecompass.o
 .debug_macro   0x0000163b       0x10 ./ecompass/src/ecompass.o
 .debug_macro   0x0000164b       0x2d ./ecompass/src/ecompass.o
 .debug_macro   0x00001678       0x3a ./ecompass/src/ecompass.o
 .debug_macro   0x000016b2       0x2d ./ecompass/src/ecompass.o
 .debug_macro   0x000016df      0xbb1 ./ecompass/src/ecompass.o
 .debug_macro   0x00002290      0x22c ./ecompass/src/ecompass.o
 .debug_macro   0x000024bc       0x42 ./ecompass/src/ecompass.o
 .debug_macro   0x000024fe       0x52 ./ecompass/src/ecompass.o
 .debug_macro   0x00002550       0x78 ./ecompass/src/ecompass.o
 .debug_macro   0x000025c8       0x82 ./ecompass/src/ecompass.o
 .debug_macro   0x0000264a      0x48c ./ecompass/src/ecompass.o
 .debug_macro   0x00002ad6       0x34 ./ecompass/src/ecompass.o
 .debug_macro   0x00002b0a      0x4c5 ./ecompass/src/ecompass.o
 .debug_macro   0x00002fcf      0x1b7 ./ecompass/src/ecompass.o
 .debug_macro   0x00003186       0x10 ./ecompass/src/ecompass.o
 .debug_macro   0x00003196      0x21b ./ecompass/src/ecompass.o
 .debug_macro   0x000033b1      0x1b9 ./ecompass/src/ecompass.o
 .debug_macro   0x0000356a       0x40 ./ecompass/src/ecompass.o
 .debug_macro   0x000035aa       0x22 ./ecompass/src/ecompass.o
 .debug_macro   0x000035cc      0x162 ./ecompass/src/ecompass.o
 .debug_macro   0x0000372e       0x94 ./ecompass/src/ecompass.o
 .debug_macro   0x000037c2       0xb8 ./ecompass/src/ecompass.o
 .debug_macro   0x0000387a       0x4c ./ecompass/src/ecompass.o
 .debug_macro   0x000038c6       0x16 ./ecompass/src/ecompass.o
 .debug_macro   0x000038dc      0x328 ./ecompass/src/ecompass.o
 .debug_macro   0x00003c04       0x49 ./ecompass/src/ecompass.o
 .debug_macro   0x00003c4d       0x16 ./ecompass/src/ecompass.o
 .debug_macro   0x00003c63       0xca ./ecompass/src/ecompass.o
 .debug_macro   0x00003d2d       0x11 ./ecompass/src/ecompass.o
 .debug_macro   0x00003d3e       0x70 ./ecompass/src/ecompass.o
 .debug_macro   0x00003dae       0x1c ./ecompass/src/ecompass.o
 .debug_macro   0x00003dca       0x35 ./ecompass/src/ecompass.o
 .debug_macro   0x00003dff      0x29d ./ecompass/src/ecompass.o
 .debug_macro   0x0000409c       0x10 ./ecompass/src/ecompass.o
 .debug_macro   0x000040ac       0x10 ./ecompass/src/ecompass.o
 .debug_macro   0x000040bc       0x22 ./ecompass/src/ecompass.o
 .debug_macro   0x000040de       0xbe ./ecompass/src/ecompass.o
 .debug_macro   0x0000419c       0x16 ./ecompass/src/ecompass.o
 .debug_macro   0x000041b2      0x197 ./ecompass/src/ecompass.o
 .debug_macro   0x00004349       0x20 ./ecompass/src/ecompass.o
 .debug_macro   0x00004369       0x28 ./ecompass/src/ecompass.o
 .debug_macro   0x00004391      0x203 ./ecompass/src/ecompass.o
 .debug_macro   0x00004594      0x358 ./ecompass/src/main.o
 .debug_macro   0x000048ec       0x16 ./ecompass/src/main.o
 .debug_macro   0x00004902      0x10e ./ecompass/src/main.o
 .debug_macro   0x00004a10       0x7f ./ecompass/src/main.o
 .debug_macro   0x00004a8f       0x16 ./ecompass/src/main.o
 .debug_macro   0x00004aa5       0x29 ./ecompass/src/main.o
 .debug_macro   0x00004ace       0x16 ./ecompass/src/main.o
 .debug_macro   0x00004ae4      0x2fd ./ecompass/src/sysinit.o
 .debug_macro   0x00004de1       0x44 ./ecompass/src/sysinit.o
 .debug_macro   0x00004e25       0x7b ./ecompass/src/sysinit.o
 .debug_macro   0x00004ea0       0x18 ./ecompass/src/sysinit.o
 .debug_macro   0x00004eb8       0x16 ./ecompass/src/sysinit.o
 .debug_macro   0x00004ece       0x97 ./ecompass/src/sysinit.o
 .debug_macro   0x00004f65       0xef ./ecompass/src/sysinit.o
 .debug_macro   0x00005054      0x289 C:\Users\Richie\Documents\LPCXpresso_8.0.0_526\workspace\lpc_board_nxp_lpcxpresso_1769\Debug\liblpc_board_nxp_lpcxpresso_1769.a(board.o)
 .debug_macro   0x000052dd      0x874 C:\Users\Richie\Documents\LPCXpresso_8.0.0_526\workspace\lpc_board_nxp_lpcxpresso_1769\Debug\liblpc_board_nxp_lpcxpresso_1769.a(board.o)
 .debug_macro   0x00005b51       0x10 C:\Users\Richie\Documents\LPCXpresso_8.0.0_526\workspace\lpc_board_nxp_lpcxpresso_1769\Debug\liblpc_board_nxp_lpcxpresso_1769.a(board.o)
 .debug_macro   0x00005b61      0x12d C:\Users\Richie\Documents\LPCXpresso_8.0.0_526\workspace\lpc_board_nxp_lpcxpresso_1769\Debug\liblpc_board_nxp_lpcxpresso_1769.a(board.o)
 .debug_macro   0x00005c8e      0x5b2 C:\Users\Richie\Documents\LPCXpresso_8.0.0_526\workspace\lpc_board_nxp_lpcxpresso_1769\Debug\liblpc_board_nxp_lpcxpresso_1769.a(board.o)
 .debug_macro   0x00006240       0x22 C:\Users\Richie\Documents\LPCXpresso_8.0.0_526\workspace\lpc_board_nxp_lpcxpresso_1769\Debug\liblpc_board_nxp_lpcxpresso_1769.a(board.o)
 .debug_macro   0x00006262       0x9a C:\Users\Richie\Documents\LPCXpresso_8.0.0_526\workspace\lpc_board_nxp_lpcxpresso_1769\Debug\liblpc_board_nxp_lpcxpresso_1769.a(board.o)
 .debug_macro   0x000062fc       0x12 C:\Users\Richie\Documents\LPCXpresso_8.0.0_526\workspace\lpc_board_nxp_lpcxpresso_1769\Debug\liblpc_board_nxp_lpcxpresso_1769.a(board.o)
 .debug_macro   0x0000630e      0x217 C:\Users\Richie\Documents\LPCXpresso_8.0.0_526\workspace\lpc_board_nxp_lpcxpresso_1769\Debug\liblpc_board_nxp_lpcxpresso_1769.a(board_sysinit.o)
 .debug_macro   0x00006525      0x1cd C:\Users\Richie\Documents\LPCXpresso_8.0.0_526\workspace\lpc_chip_175x_6x\Debug\liblpc_chip_175x_6x.a(chip_17xx_40xx.o)
 .debug_macro   0x000066f2      0x1cd C:\Users\Richie\Documents\LPCXpresso_8.0.0_526\workspace\lpc_chip_175x_6x\Debug\liblpc_chip_175x_6x.a(clock_17xx_40xx.o)
 .debug_macro   0x000068bf      0x1df C:\Users\Richie\Documents\LPCXpresso_8.0.0_526\workspace\lpc_chip_175x_6x\Debug\liblpc_chip_175x_6x.a(i2c_17xx_40xx.o)
 .debug_macro   0x00006a9e      0x1cd C:\Users\Richie\Documents\LPCXpresso_8.0.0_526\workspace\lpc_chip_175x_6x\Debug\liblpc_chip_175x_6x.a(iocon_17xx_40xx.o)
 .debug_macro   0x00006c6b      0x1cd C:\Users\Richie\Documents\LPCXpresso_8.0.0_526\workspace\lpc_chip_175x_6x\Debug\liblpc_chip_175x_6x.a(sysinit_17xx_40xx.o)
 .debug_macro   0x00006e38      0x1cd C:\Users\Richie\Documents\LPCXpresso_8.0.0_526\workspace\lpc_chip_175x_6x\Debug\liblpc_chip_175x_6x.a(uart_17xx_40xx.o)

.debug_line     0x00000000     0x4d25
 .debug_line    0x00000000       0xdc ./ecompass/src/cr_startup_lpc175x_6x.o
 .debug_line    0x000000dc      0x8d5 ./ecompass/src/ecompass.o
 .debug_line    0x000009b1      0x64f ./ecompass/src/main.o
 .debug_line    0x00001000      0x5fc ./ecompass/src/sysinit.o
 .debug_line    0x000015fc      0x84a C:\Users\Richie\Documents\LPCXpresso_8.0.0_526\workspace\lpc_board_nxp_lpcxpresso_1769\Debug\liblpc_board_nxp_lpcxpresso_1769.a(board.o)
 .debug_line    0x00001e46      0x4d7 C:\Users\Richie\Documents\LPCXpresso_8.0.0_526\workspace\lpc_board_nxp_lpcxpresso_1769\Debug\liblpc_board_nxp_lpcxpresso_1769.a(board_sysinit.o)
 .debug_line    0x0000231d      0x45a C:\Users\Richie\Documents\LPCXpresso_8.0.0_526\workspace\lpc_chip_175x_6x\Debug\liblpc_chip_175x_6x.a(chip_17xx_40xx.o)
 .debug_line    0x00002777      0x6d1 C:\Users\Richie\Documents\LPCXpresso_8.0.0_526\workspace\lpc_chip_175x_6x\Debug\liblpc_chip_175x_6x.a(clock_17xx_40xx.o)
 .debug_line    0x00002e48      0x71e C:\Users\Richie\Documents\LPCXpresso_8.0.0_526\workspace\lpc_chip_175x_6x\Debug\liblpc_chip_175x_6x.a(i2c_17xx_40xx.o)
 .debug_line    0x00003566      0x446 C:\Users\Richie\Documents\LPCXpresso_8.0.0_526\workspace\lpc_chip_175x_6x\Debug\liblpc_chip_175x_6x.a(iocon_17xx_40xx.o)
 .debug_line    0x000039ac      0x4d0 C:\Users\Richie\Documents\LPCXpresso_8.0.0_526\workspace\lpc_chip_175x_6x\Debug\liblpc_chip_175x_6x.a(sysinit_17xx_40xx.o)
 .debug_line    0x00003e7c      0x77f C:\Users\Richie\Documents\LPCXpresso_8.0.0_526\workspace\lpc_chip_175x_6x\Debug\liblpc_chip_175x_6x.a(uart_17xx_40xx.o)
 .debug_line    0x000045fb      0x101 c:/nxp/lpcxpresso_8.0.0_526/lpcxpresso/tools/bin/../lib/gcc/arm-none-eabi/4.9.3/../../../../arm-none-eabi/lib/armv7-m\libcr_newlib_semihost.a(_cr_sbrk.o)
 .debug_line    0x000046fc      0x5dc c:/nxp/lpcxpresso_8.0.0_526/lpcxpresso/tools/bin/../lib/gcc/arm-none-eabi/4.9.3/../../../../arm-none-eabi/lib/armv7-m\libcr_newlib_semihost.a(syscalls.o)
 .debug_line    0x00004cd8       0x4d c:/nxp/lpcxpresso_8.0.0_526/lpcxpresso/tools/bin/../lib/gcc/arm-none-eabi/4.9.3/../../../../arm-none-eabi/lib/armv7-m\libcr_newlib_semihost.a(_cr_check_heap.o)

.debug_str      0x00000000    0x183c8
 .debug_str     0x00000000     0x263d ./ecompass/src/cr_startup_lpc175x_6x.o
                               0x2650 (size before relaxing)
 .debug_str     0x0000263d    0x11cea ./ecompass/src/ecompass.o
                              0x14418 (size before relaxing)
 .debug_str     0x00014327       0xec ./ecompass/src/main.o
                              0x13d97 (size before relaxing)
 .debug_str     0x00014413       0x5a ./ecompass/src/sysinit.o
                              0x12d97 (size before relaxing)
 .debug_str     0x0001446d     0x25e6 C:\Users\Richie\Documents\LPCXpresso_8.0.0_526\workspace\lpc_board_nxp_lpcxpresso_1769\Debug\liblpc_board_nxp_lpcxpresso_1769.a(board.o)
                              0x118db (size before relaxing)
 .debug_str     0x00016a53      0x22d C:\Users\Richie\Documents\LPCXpresso_8.0.0_526\workspace\lpc_board_nxp_lpcxpresso_1769\Debug\liblpc_board_nxp_lpcxpresso_1769.a(board_sysinit.o)
                              0x10e15 (size before relaxing)
 .debug_str     0x00016c80       0xd3 C:\Users\Richie\Documents\LPCXpresso_8.0.0_526\workspace\lpc_chip_175x_6x\Debug\liblpc_chip_175x_6x.a(chip_17xx_40xx.o)
                              0x10b0c (size before relaxing)
 .debug_str     0x00016d53      0x851 C:\Users\Richie\Documents\LPCXpresso_8.0.0_526\workspace\lpc_chip_175x_6x\Debug\liblpc_chip_175x_6x.a(clock_17xx_40xx.o)
                              0x1117a (size before relaxing)
 .debug_str     0x000175a4      0x498 C:\Users\Richie\Documents\LPCXpresso_8.0.0_526\workspace\lpc_chip_175x_6x\Debug\liblpc_chip_175x_6x.a(i2c_17xx_40xx.o)
                              0x1118a (size before relaxing)
 .debug_str     0x00017a3c       0x74 C:\Users\Richie\Documents\LPCXpresso_8.0.0_526\workspace\lpc_chip_175x_6x\Debug\liblpc_chip_175x_6x.a(iocon_17xx_40xx.o)
                              0x105f7 (size before relaxing)
 .debug_str     0x00017ab0       0xc4 C:\Users\Richie\Documents\LPCXpresso_8.0.0_526\workspace\lpc_chip_175x_6x\Debug\liblpc_chip_175x_6x.a(sysinit_17xx_40xx.o)
                              0x107df (size before relaxing)
 .debug_str     0x00017b74      0x3b5 C:\Users\Richie\Documents\LPCXpresso_8.0.0_526\workspace\lpc_chip_175x_6x\Debug\liblpc_chip_175x_6x.a(uart_17xx_40xx.o)
                              0x1104f (size before relaxing)
 .debug_str     0x00017f29      0x17a c:/nxp/lpcxpresso_8.0.0_526/lpcxpresso/tools/bin/../lib/gcc/arm-none-eabi/4.9.3/../../../../arm-none-eabi/lib/armv7-m\libcr_newlib_semihost.a(_cr_sbrk.o)
                                0x213 (size before relaxing)
 .debug_str     0x000180a3      0x300 c:/nxp/lpcxpresso_8.0.0_526/lpcxpresso/tools/bin/../lib/gcc/arm-none-eabi/4.9.3/../../../../arm-none-eabi/lib/armv7-m\libcr_newlib_semihost.a(syscalls.o)
                                0x4e6 (size before relaxing)
 .debug_str     0x000183a3       0x25 c:/nxp/lpcxpresso_8.0.0_526/lpcxpresso/tools/bin/../lib/gcc/arm-none-eabi/4.9.3/../../../../arm-none-eabi/lib/armv7-m\libcr_newlib_semihost.a(_cr_check_heap.o)
                                0x161 (size before relaxing)

.comment        0x00000000       0xe0
 .comment       0x00000000       0x70 ./ecompass/src/cr_startup_lpc175x_6x.o
                                 0x71 (size before relaxing)
 .comment       0x00000000       0x71 ./ecompass/src/ecompass.o
 .comment       0x00000000       0x71 ./ecompass/src/main.o
 .comment       0x00000000       0x71 ./ecompass/src/sysinit.o
 .comment       0x00000000       0x71 C:\Users\Richie\Documents\LPCXpresso_8.0.0_526\workspace\lpc_board_nxp_lpcxpresso_1769\Debug\liblpc_board_nxp_lpcxpresso_1769.a(board.o)
 .comment       0x00000000       0x71 C:\Users\Richie\Documents\LPCXpresso_8.0.0_526\workspace\lpc_board_nxp_lpcxpresso_1769\Debug\liblpc_board_nxp_lpcxpresso_1769.a(board_sysinit.o)
 .comment       0x00000000       0x71 C:\Users\Richie\Documents\LPCXpresso_8.0.0_526\workspace\lpc_chip_175x_6x\Debug\liblpc_chip_175x_6x.a(chip_17xx_40xx.o)
 .comment       0x00000000       0x71 C:\Users\Richie\Documents\LPCXpresso_8.0.0_526\workspace\lpc_chip_175x_6x\Debug\liblpc_chip_175x_6x.a(clock_17xx_40xx.o)
 .comment       0x00000000       0x71 C:\Users\Richie\Documents\LPCXpresso_8.0.0_526\workspace\lpc_chip_175x_6x\Debug\liblpc_chip_175x_6x.a(i2c_17xx_40xx.o)
 .comment       0x00000000       0x71 C:\Users\Richie\Documents\LPCXpresso_8.0.0_526\workspace\lpc_chip_175x_6x\Debug\liblpc_chip_175x_6x.a(iocon_17xx_40xx.o)
 .comment       0x00000000       0x71 C:\Users\Richie\Documents\LPCXpresso_8.0.0_526\workspace\lpc_chip_175x_6x\Debug\liblpc_chip_175x_6x.a(sysinit_17xx_40xx.o)
 .comment       0x00000000       0x71 C:\Users\Richie\Documents\LPCXpresso_8.0.0_526\workspace\lpc_chip_175x_6x\Debug\liblpc_chip_175x_6x.a(uart_17xx_40xx.o)
 .comment       0x00000070       0x70 c:/nxp/lpcxpresso_8.0.0_526/lpcxpresso/tools/bin/../lib/gcc/arm-none-eabi/4.9.3/../../../../arm-none-eabi/lib/armv7-m\libcr_newlib_semihost.a(_cr_sbrk.o)
                                 0x71 (size before relaxing)
 .comment       0x00000000       0x71 c:/nxp/lpcxpresso_8.0.0_526/lpcxpresso/tools/bin/../lib/gcc/arm-none-eabi/4.9.3/../../../../arm-none-eabi/lib/armv7-m\libcr_newlib_semihost.a(syscalls.o)
 .comment       0x00000000       0x71 c:/nxp/lpcxpresso_8.0.0_526/lpcxpresso/tools/bin/../lib/gcc/arm-none-eabi/4.9.3/../../../../arm-none-eabi/lib/armv7-m\libcr_newlib_semihost.a(_cr_check_heap.o)

.ARM.attributes
                0x00000000       0x33
 .ARM.attributes
                0x00000000       0x33 ./ecompass/src/cr_startup_lpc175x_6x.o
 .ARM.attributes
                0x00000033       0x33 ./ecompass/src/ecompass.o
 .ARM.attributes
                0x00000066       0x33 ./ecompass/src/main.o
 .ARM.attributes
                0x00000099       0x33 ./ecompass/src/sysinit.o
 .ARM.attributes
                0x000000cc       0x33 C:\Users\Richie\Documents\LPCXpresso_8.0.0_526\workspace\lpc_board_nxp_lpcxpresso_1769\Debug\liblpc_board_nxp_lpcxpresso_1769.a(board.o)
 .ARM.attributes
                0x000000ff       0x33 C:\Users\Richie\Documents\LPCXpresso_8.0.0_526\workspace\lpc_board_nxp_lpcxpresso_1769\Debug\liblpc_board_nxp_lpcxpresso_1769.a(board_sysinit.o)
 .ARM.attributes
                0x00000132       0x33 C:\Users\Richie\Documents\LPCXpresso_8.0.0_526\workspace\lpc_chip_175x_6x\Debug\liblpc_chip_175x_6x.a(chip_17xx_40xx.o)
 .ARM.attributes
                0x00000165       0x33 C:\Users\Richie\Documents\LPCXpresso_8.0.0_526\workspace\lpc_chip_175x_6x\Debug\liblpc_chip_175x_6x.a(clock_17xx_40xx.o)
 .ARM.attributes
                0x00000198       0x33 C:\Users\Richie\Documents\LPCXpresso_8.0.0_526\workspace\lpc_chip_175x_6x\Debug\liblpc_chip_175x_6x.a(i2c_17xx_40xx.o)
 .ARM.attributes
                0x000001cb       0x33 C:\Users\Richie\Documents\LPCXpresso_8.0.0_526\workspace\lpc_chip_175x_6x\Debug\liblpc_chip_175x_6x.a(iocon_17xx_40xx.o)
 .ARM.attributes
                0x000001fe       0x33 C:\Users\Richie\Documents\LPCXpresso_8.0.0_526\workspace\lpc_chip_175x_6x\Debug\liblpc_chip_175x_6x.a(sysinit_17xx_40xx.o)
 .ARM.attributes
                0x00000231       0x33 C:\Users\Richie\Documents\LPCXpresso_8.0.0_526\workspace\lpc_chip_175x_6x\Debug\liblpc_chip_175x_6x.a(uart_17xx_40xx.o)
 .ARM.attributes
                0x00000264       0x1d c:/nxp/lpcxpresso_8.0.0_526/lpcxpresso/tools/bin/../lib/gcc/arm-none-eabi/4.9.3/armv7-m\libgcc.a(_arm_addsubdf3.o)
 .ARM.attributes
                0x00000281       0x1d c:/nxp/lpcxpresso_8.0.0_526/lpcxpresso/tools/bin/../lib/gcc/arm-none-eabi/4.9.3/armv7-m\libgcc.a(_arm_muldivdf3.o)
 .ARM.attributes
                0x0000029e       0x1d c:/nxp/lpcxpresso_8.0.0_526/lpcxpresso/tools/bin/../lib/gcc/arm-none-eabi/4.9.3/armv7-m\libgcc.a(_arm_fixdfsi.o)
 .ARM.attributes
                0x000002bb       0x1d c:/nxp/lpcxpresso_8.0.0_526/lpcxpresso/tools/bin/../lib/gcc/arm-none-eabi/4.9.3/armv7-m\libgcc.a(_arm_truncdfsf2.o)
 .ARM.attributes
                0x000002d8       0x1d c:/nxp/lpcxpresso_8.0.0_526/lpcxpresso/tools/bin/../lib/gcc/arm-none-eabi/4.9.3/armv7-m\libgcc.a(_arm_addsubsf3.o)
 .ARM.attributes
                0x000002f5       0x1d c:/nxp/lpcxpresso_8.0.0_526/lpcxpresso/tools/bin/../lib/gcc/arm-none-eabi/4.9.3/armv7-m\libgcc.a(_arm_muldivsf3.o)
 .ARM.attributes
                0x00000312       0x1d c:/nxp/lpcxpresso_8.0.0_526/lpcxpresso/tools/bin/../lib/gcc/arm-none-eabi/4.9.3/armv7-m\libgcc.a(_arm_cmpsf2.o)
 .ARM.attributes
                0x0000032f       0x1d c:/nxp/lpcxpresso_8.0.0_526/lpcxpresso/tools/bin/../lib/gcc/arm-none-eabi/4.9.3/armv7-m\libgcc.a(_arm_fixsfsi.o)
 .ARM.attributes
                0x0000034c       0x2d c:/nxp/lpcxpresso_8.0.0_526/lpcxpresso/tools/bin/../lib/gcc/arm-none-eabi/4.9.3/../../../../arm-none-eabi/lib/armv7-m\libc_nano.a(lib_a-printf.o)
 .ARM.attributes
                0x00000379       0x2d c:/nxp/lpcxpresso_8.0.0_526/lpcxpresso/tools/bin/../lib/gcc/arm-none-eabi/4.9.3/../../../../arm-none-eabi/lib/armv7-m\libc_nano.a(lib_a-findfp.o)
 .ARM.attributes
                0x000003a6       0x2d c:/nxp/lpcxpresso_8.0.0_526/lpcxpresso/tools/bin/../lib/gcc/arm-none-eabi/4.9.3/../../../../arm-none-eabi/lib/armv7-m\libc_nano.a(lib_a-fwalk.o)
 .ARM.attributes
                0x000003d3       0x2d c:/nxp/lpcxpresso_8.0.0_526/lpcxpresso/tools/bin/../lib/gcc/arm-none-eabi/4.9.3/../../../../arm-none-eabi/lib/armv7-m\libc_nano.a(lib_a-impure.o)
 .ARM.attributes
                0x00000400       0x2d c:/nxp/lpcxpresso_8.0.0_526/lpcxpresso/tools/bin/../lib/gcc/arm-none-eabi/4.9.3/../../../../arm-none-eabi/lib/armv7-m\libc_nano.a(lib_a-memset.o)
 .ARM.attributes
                0x0000042d       0x2d c:/nxp/lpcxpresso_8.0.0_526/lpcxpresso/tools/bin/../lib/gcc/arm-none-eabi/4.9.3/../../../../arm-none-eabi/lib/armv7-m\libc_nano.a(lib_a-nano-mallocr.o)
 .ARM.attributes
                0x0000045a       0x2d c:/nxp/lpcxpresso_8.0.0_526/lpcxpresso/tools/bin/../lib/gcc/arm-none-eabi/4.9.3/../../../../arm-none-eabi/lib/armv7-m\libc_nano.a(lib_a-nano-vfprintf.o)
 .ARM.attributes
                0x00000487       0x2d c:/nxp/lpcxpresso_8.0.0_526/lpcxpresso/tools/bin/../lib/gcc/arm-none-eabi/4.9.3/../../../../arm-none-eabi/lib/armv7-m\libc_nano.a(lib_a-nano-vfprintf_i.o)
 .ARM.attributes
                0x000004b4       0x2d c:/nxp/lpcxpresso_8.0.0_526/lpcxpresso/tools/bin/../lib/gcc/arm-none-eabi/4.9.3/../../../../arm-none-eabi/lib/armv7-m\libc_nano.a(lib_a-sbrkr.o)
 .ARM.attributes
                0x000004e1       0x2d c:/nxp/lpcxpresso_8.0.0_526/lpcxpresso/tools/bin/../lib/gcc/arm-none-eabi/4.9.3/../../../../arm-none-eabi/lib/armv7-m\libc_nano.a(lib_a-stdio.o)
 .ARM.attributes
                0x0000050e       0x2d c:/nxp/lpcxpresso_8.0.0_526/lpcxpresso/tools/bin/../lib/gcc/arm-none-eabi/4.9.3/../../../../arm-none-eabi/lib/armv7-m\libc_nano.a(lib_a-wbuf.o)
 .ARM.attributes
                0x0000053b       0x2d c:/nxp/lpcxpresso_8.0.0_526/lpcxpresso/tools/bin/../lib/gcc/arm-none-eabi/4.9.3/../../../../arm-none-eabi/lib/armv7-m\libc_nano.a(lib_a-writer.o)
 .ARM.attributes
                0x00000568       0x2d c:/nxp/lpcxpresso_8.0.0_526/lpcxpresso/tools/bin/../lib/gcc/arm-none-eabi/4.9.3/../../../../arm-none-eabi/lib/armv7-m\libc_nano.a(lib_a-wsetup.o)
 .ARM.attributes
                0x00000595       0x2d c:/nxp/lpcxpresso_8.0.0_526/lpcxpresso/tools/bin/../lib/gcc/arm-none-eabi/4.9.3/../../../../arm-none-eabi/lib/armv7-m\libc_nano.a(lib_a-closer.o)
 .ARM.attributes
                0x000005c2       0x2d c:/nxp/lpcxpresso_8.0.0_526/lpcxpresso/tools/bin/../lib/gcc/arm-none-eabi/4.9.3/../../../../arm-none-eabi/lib/armv7-m\libc_nano.a(lib_a-fflush.o)
 .ARM.attributes
                0x000005ef       0x2d c:/nxp/lpcxpresso_8.0.0_526/lpcxpresso/tools/bin/../lib/gcc/arm-none-eabi/4.9.3/../../../../arm-none-eabi/lib/armv7-m\libc_nano.a(lib_a-lseekr.o)
 .ARM.attributes
                0x0000061c       0x2d c:/nxp/lpcxpresso_8.0.0_526/lpcxpresso/tools/bin/../lib/gcc/arm-none-eabi/4.9.3/../../../../arm-none-eabi/lib/armv7-m\libc_nano.a(lib_a-makebuf.o)
 .ARM.attributes
                0x00000649       0x2d c:/nxp/lpcxpresso_8.0.0_526/lpcxpresso/tools/bin/../lib/gcc/arm-none-eabi/4.9.3/../../../../arm-none-eabi/lib/armv7-m\libc_nano.a(lib_a-memchr.o)
 .ARM.attributes
                0x00000676       0x2d c:/nxp/lpcxpresso_8.0.0_526/lpcxpresso/tools/bin/../lib/gcc/arm-none-eabi/4.9.3/../../../../arm-none-eabi/lib/armv7-m\libc_nano.a(lib_a-nano-freer.o)
 .ARM.attributes
                0x000006a3       0x2d c:/nxp/lpcxpresso_8.0.0_526/lpcxpresso/tools/bin/../lib/gcc/arm-none-eabi/4.9.3/../../../../arm-none-eabi/lib/armv7-m\libc_nano.a(lib_a-readr.o)
 .ARM.attributes
                0x000006d0       0x2d c:/nxp/lpcxpresso_8.0.0_526/lpcxpresso/tools/bin/../lib/gcc/arm-none-eabi/4.9.3/../../../../arm-none-eabi/lib/armv7-m\libc_nano.a(lib_a-reent.o)
 .ARM.attributes
                0x000006fd       0x2d c:/nxp/lpcxpresso_8.0.0_526/lpcxpresso/tools/bin/../lib/gcc/arm-none-eabi/4.9.3/../../../../arm-none-eabi/lib/armv7-m\libc_nano.a(lib_a-fstatr.o)
 .ARM.attributes
                0x0000072a       0x2d c:/nxp/lpcxpresso_8.0.0_526/lpcxpresso/tools/bin/../lib/gcc/arm-none-eabi/4.9.3/../../../../arm-none-eabi/lib/armv7-m\libc_nano.a(lib_a-isattyr.o)
 .ARM.attributes
                0x00000757       0x2d c:/nxp/lpcxpresso_8.0.0_526/lpcxpresso/tools/bin/../lib/gcc/arm-none-eabi/4.9.3/../../../../arm-none-eabi/lib/armv7-m\libm.a(lib_a-w_atan2.o)
 .ARM.attributes
                0x00000784       0x2d c:/nxp/lpcxpresso_8.0.0_526/lpcxpresso/tools/bin/../lib/gcc/arm-none-eabi/4.9.3/../../../../arm-none-eabi/lib/armv7-m\libm.a(lib_a-w_sqrt.o)
 .ARM.attributes
                0x000007b1       0x2d c:/nxp/lpcxpresso_8.0.0_526/lpcxpresso/tools/bin/../lib/gcc/arm-none-eabi/4.9.3/../../../../arm-none-eabi/lib/armv7-m\libm.a(lib_a-e_atan2.o)
 .ARM.attributes
                0x000007de       0x2d c:/nxp/lpcxpresso_8.0.0_526/lpcxpresso/tools/bin/../lib/gcc/arm-none-eabi/4.9.3/../../../../arm-none-eabi/lib/armv7-m\libm.a(lib_a-e_sqrt.o)
 .ARM.attributes
                0x0000080b       0x2d c:/nxp/lpcxpresso_8.0.0_526/lpcxpresso/tools/bin/../lib/gcc/arm-none-eabi/4.9.3/../../../../arm-none-eabi/lib/armv7-m\libm.a(lib_a-s_atan.o)
 .ARM.attributes
                0x00000838       0x2d c:/nxp/lpcxpresso_8.0.0_526/lpcxpresso/tools/bin/../lib/gcc/arm-none-eabi/4.9.3/../../../../arm-none-eabi/lib/armv7-m\libm.a(lib_a-s_fabs.o)
 .ARM.attributes
                0x00000865       0x2d c:/nxp/lpcxpresso_8.0.0_526/lpcxpresso/tools/bin/../lib/gcc/arm-none-eabi/4.9.3/../../../../arm-none-eabi/lib/armv7-m\libm.a(lib_a-s_fpclassify.o)
 .ARM.attributes
                0x00000892       0x2d c:/nxp/lpcxpresso_8.0.0_526/lpcxpresso/tools/bin/../lib/gcc/arm-none-eabi/4.9.3/../../../../arm-none-eabi/lib/armv7-m\libm.a(lib_a-s_lib_ver.o)
 .ARM.attributes
                0x000008bf       0x2d c:/nxp/lpcxpresso_8.0.0_526/lpcxpresso/tools/bin/../lib/gcc/arm-none-eabi/4.9.3/../../../../arm-none-eabi/lib/armv7-m\libm.a(lib_a-s_matherr.o)
 .ARM.attributes
                0x000008ec       0x33 c:/nxp/lpcxpresso_8.0.0_526/lpcxpresso/tools/bin/../lib/gcc/arm-none-eabi/4.9.3/../../../../arm-none-eabi/lib/armv7-m\libcr_newlib_semihost.a(_cr_sbrk.o)
 .ARM.attributes
                0x0000091f       0x33 c:/nxp/lpcxpresso_8.0.0_526/lpcxpresso/tools/bin/../lib/gcc/arm-none-eabi/4.9.3/../../../../arm-none-eabi/lib/armv7-m\libcr_newlib_semihost.a(syscalls.o)